###############################################################################
#
# IAR ELF Linker V2.20.1.176 for STM8                     12/Sep/2018  19:20:41
# Copyright 2010-2015 IAR Systems AB.
#
#    Output file  =  
#        E:\1-source\5-A508_4G\A508_4G_New\PRJ\Debug\Exe\A508_4G.out
#    Map file     =  
#        E:\1-source\5-A508_4G\A508_4G_New\PRJ\Debug\List\A508_4G.map
#    Command line =  
#        E:\1-source\5-A508_4G\A508_4G_New\PRJ\Debug\Obj\ApiAtCmd.o
#        E:\1-source\5-A508_4G\A508_4G_New\PRJ\Debug\Obj\ApiBattery.o
#        E:\1-source\5-A508_4G\A508_4G_New\PRJ\Debug\Obj\ApiDelay.o
#        E:\1-source\5-A508_4G\A508_4G_New\PRJ\Debug\Obj\ApiDisplay.o
#        E:\1-source\5-A508_4G\A508_4G_New\PRJ\Debug\Obj\ApiKeyboard.o
#        E:\1-source\5-A508_4G\A508_4G_New\PRJ\Debug\Obj\ApiKeyCmd.o
#        E:\1-source\5-A508_4G\A508_4G_New\PRJ\Debug\Obj\ApiLED.o
#        E:\1-source\5-A508_4G\A508_4G_New\PRJ\Debug\Obj\ApiMcuVersion.o
#        E:\1-source\5-A508_4G\A508_4G_New\PRJ\Debug\Obj\ApiMenu.o
#        E:\1-source\5-A508_4G\A508_4G_New\PRJ\Debug\Obj\ApiPocCmd.o
#        E:\1-source\5-A508_4G\A508_4G_New\PRJ\Debug\Obj\ApiVoice.o
#        E:\1-source\5-A508_4G\A508_4G_New\PRJ\Debug\Obj\CommonLib.o
#        E:\1-source\5-A508_4G\A508_4G_New\PRJ\Debug\Obj\DrvBeep.o
#        E:\1-source\5-A508_4G\A508_4G_New\PRJ\Debug\Obj\DrvEeprom.o
#        E:\1-source\5-A508_4G\A508_4G_New\PRJ\Debug\Obj\DrvGT20L16S1Y.o
#        E:\1-source\5-A508_4G\A508_4G_New\PRJ\Debug\Obj\DrvHTG12832.o
#        E:\1-source\5-A508_4G\A508_4G_New\PRJ\Debug\Obj\DrvI2cAw87319.o
#        E:\1-source\5-A508_4G\A508_4G_New\PRJ\Debug\Obj\DrvKeyboard.o
#        E:\1-source\5-A508_4G\A508_4G_New\PRJ\Debug\Obj\DrvKeyscan.o
#        E:\1-source\5-A508_4G\A508_4G_New\PRJ\Debug\Obj\DrvMcuPin.o
#        E:\1-source\5-A508_4G\A508_4G_New\PRJ\Debug\Obj\DrvTone.o
#        E:\1-source\5-A508_4G\A508_4G_New\PRJ\Debug\Obj\DrvUart1.o
#        E:\1-source\5-A508_4G\A508_4G_New\PRJ\Debug\Obj\DrvUart3.o
#        E:\1-source\5-A508_4G\A508_4G_New\PRJ\Debug\Obj\DrvZM389.o
#        E:\1-source\5-A508_4G\A508_4G_New\Drv\GT20L16_STM8_DOUBLE_MEDIUM_IAR.a
#        E:\1-source\5-A508_4G\A508_4G_New\PRJ\Debug\Obj\GT20L16P1Y_D.o
#        E:\1-source\5-A508_4G\A508_4G_New\PRJ\Debug\Obj\main.o
#        E:\1-source\5-A508_4G\A508_4G_New\PRJ\Debug\Obj\stm8s_adc2.o
#        E:\1-source\5-A508_4G\A508_4G_New\PRJ\Debug\Obj\stm8s_awu.o
#        E:\1-source\5-A508_4G\A508_4G_New\PRJ\Debug\Obj\stm8s_beep.o
#        E:\1-source\5-A508_4G\A508_4G_New\PRJ\Debug\Obj\stm8s_clk.o
#        E:\1-source\5-A508_4G\A508_4G_New\PRJ\Debug\Obj\stm8s_exti.o
#        E:\1-source\5-A508_4G\A508_4G_New\PRJ\Debug\Obj\stm8s_flash.o
#        E:\1-source\5-A508_4G\A508_4G_New\PRJ\Debug\Obj\stm8s_gpio.o
#        E:\1-source\5-A508_4G\A508_4G_New\PRJ\Debug\Obj\stm8s_i2c.o
#        E:\1-source\5-A508_4G\A508_4G_New\PRJ\Debug\Obj\stm8s_it.o
#        E:\1-source\5-A508_4G\A508_4G_New\PRJ\Debug\Obj\stm8s_itc.o
#        E:\1-source\5-A508_4G\A508_4G_New\PRJ\Debug\Obj\stm8s_iwdg.o
#        E:\1-source\5-A508_4G\A508_4G_New\PRJ\Debug\Obj\stm8s_rst.o
#        E:\1-source\5-A508_4G\A508_4G_New\PRJ\Debug\Obj\stm8s_spi.o
#        E:\1-source\5-A508_4G\A508_4G_New\PRJ\Debug\Obj\stm8s_tim1.o
#        E:\1-source\5-A508_4G\A508_4G_New\PRJ\Debug\Obj\stm8s_tim2.o
#        E:\1-source\5-A508_4G\A508_4G_New\PRJ\Debug\Obj\stm8s_tim3.o
#        E:\1-source\5-A508_4G\A508_4G_New\PRJ\Debug\Obj\stm8s_tim4.o
#        E:\1-source\5-A508_4G\A508_4G_New\PRJ\Debug\Obj\stm8s_uart1.o
#        E:\1-source\5-A508_4G\A508_4G_New\PRJ\Debug\Obj\stm8s_uart3.o
#        E:\1-source\5-A508_4G\A508_4G_New\PRJ\Debug\Obj\stm8s_wwdg.o
#        E:\1-source\5-A508_4G\A508_4G_New\PRJ\Debug\Obj\sysclock.o
#        E:\1-source\5-A508_4G\A508_4G_New\PRJ\Debug\Obj\Task.o --redirect
#        _Printf=_PrintfSmall --redirect _Scanf=_ScanfSmall -o
#        E:\1-source\5-A508_4G\A508_4G_New\PRJ\Debug\Exe\A508_4G.out --map
#        E:\1-source\5-A508_4G\A508_4G_New\PRJ\Debug\List\A508_4G.map --config
#        "C:\Program Files\IAR Systems\Embedded Workbench
#        7.3\stm8\config\lnkstm8s007c8.icf" --config_def _CSTACK_SIZE=0x100
#        --config_def _HEAP_SIZE=0x100 --entry __iar_program_start --debug_lib
#
###############################################################################

*******************************************************************************
*** RUNTIME MODEL ATTRIBUTES
***

__SystemLibrary            = DLib
__code_model               = medium_or_large
__core                     = stm8
__data_model               = medium
__dlib_file_descriptor     = 0
__dlib_full_locale_support = 0
__rt_version               = 4


*******************************************************************************
*** PLACEMENT SUMMARY
***

"A1":  place at start of [0x000000-0x0000ff] { rw section .vregs };
"A2":  place at end of [0x000000-0x0017ff] { block CSTACK };
"P2":  place in [from 0x000000 to 0x0017ff] {
          block HEAP, rw section __DLIB_PERTHREAD, rw section .far.bss,
          rw section .far.data, rw section .far.noinit,
          rw section .far_func.textrw, rw section .huge.bss,
          rw section .huge.data, rw section .huge.noinit,
          rw section .huge_func.textrw, rw section .iar.dynexit,
          rw section .near.bss, rw section .near.data, rw section .near.noinit,
          rw section .near_func.textrw };
"A3":  place at start of [0x008000-0x00ffff] { block INTVEC };
"P3":  place in [from 0x008000 to 0x00ffff] {
          ro section __DLIB_PERTHREAD_init, ro section .far.data_init,
          ro section .far_func.textrw_init, ro section .huge.data_init,
          ro section .huge_func.textrw_init, ro section .iar.init_table,
          ro section .init_array, ro section .near.data_init,
          ro section .near.rodata, ro section .near_func.text,
          ro section .near_func.textrw_init, ro section .tiny.data_init,
          ro section .tiny.rodata_init };
"P4":  place in [from 0x008000 to 0x00ffff repeat 2] {
          ro section .far.rodata, ro section .far_func.text };

  Section            Kind      Address    Size  Object
  -------            ----      -------    ----  ------
"A1":                                     0x10
  .vregs             uninit   0x000000    0x10  vregs.o [5]
                            - 0x000010    0x10

"P2", part 1 of 2:                        0x9e
  P2-1                        0x000010    0x9e  <Init block>
    .near.data       inited   0x000010     0x2  ApiAtCmd.o [1]
    .near.data       inited   0x000012     0x2  ApiAtCmd.o [1]
    .near.data       inited   0x000014     0x2  ApiAtCmd.o [1]
    .near.data       inited   0x000016     0x2  ApiAtCmd.o [1]
    .near.data       inited   0x000018     0x2  ApiAtCmd.o [1]
    .near.data       inited   0x00001a     0x2  ApiAtCmd.o [1]
    .near.data       inited   0x00001c     0x2  ApiAtCmd.o [1]
    .near.data       inited   0x00001e     0x2  ApiAtCmd.o [1]
    .near.data       inited   0x000020     0x2  ApiAtCmd.o [1]
    .near.data       inited   0x000022     0x2  ApiAtCmd.o [1]
    .near.data       inited   0x000024     0x2  ApiAtCmd.o [1]
    .near.data       inited   0x000026     0x2  ApiAtCmd.o [1]
    .near.data       inited   0x000028     0x2  ApiAtCmd.o [1]
    .near.data       inited   0x00002a     0x2  ApiAtCmd.o [1]
    .near.data       inited   0x00002c     0x2  ApiAtCmd.o [1]
    .near.data       inited   0x00002e     0x2  ApiAtCmd.o [1]
    .near.data       inited   0x000030     0x2  ApiAtCmd.o [1]
    .near.data       inited   0x000032     0x2  ApiAtCmd.o [1]
    .near.data       inited   0x000034     0x2  ApiAtCmd.o [1]
    .near.data       inited   0x000036     0x2  ApiAtCmd.o [1]
    .near.data       inited   0x000038     0x2  ApiAtCmd.o [1]
    .near.data       inited   0x00003a     0x2  ApiDisplay.o [1]
    .near.data       inited   0x00003c     0x2  ApiDisplay.o [1]
    .near.data       inited   0x00003e     0x2  ApiDisplay.o [1]
    .near.data       inited   0x000040     0x2  ApiDisplay.o [1]
    .near.data       inited   0x000042     0x2  ApiDisplay.o [1]
    .near.data       inited   0x000044     0x2  ApiDisplay.o [1]
    .near.data       inited   0x000046     0x2  ApiDisplay.o [1]
    .near.data       inited   0x000048     0x2  ApiDisplay.o [1]
    .near.data       inited   0x00004a     0x2  ApiDisplay.o [1]
    .near.data       inited   0x00004c     0x2  ApiDisplay.o [1]
    .near.data       inited   0x00004e     0x2  ApiDisplay.o [1]
    .near.data       inited   0x000050     0x2  ApiDisplay.o [1]
    .near.data       inited   0x000052     0x2  ApiDisplay.o [1]
    .near.data       inited   0x000054     0x2  ApiDisplay.o [1]
    .near.data       inited   0x000056     0x2  ApiDisplay.o [1]
    .near.data       inited   0x000058     0x2  ApiDisplay.o [1]
    .near.data       inited   0x00005a     0x2  ApiDisplay.o [1]
    .near.data       inited   0x00005c     0x2  ApiDisplay.o [1]
    .near.data       inited   0x00005e     0x2  ApiDisplay.o [1]
    .near.data       inited   0x000060     0x2  ApiDisplay.o [1]
    .near.data       inited   0x000062     0x2  ApiDisplay.o [1]
    .near.data       inited   0x000064     0x2  ApiDisplay.o [1]
    .near.data       inited   0x000066     0x1  ApiKeyboard.o [1]
    .near.data       inited   0x000067     0x1  ApiKeyboard.o [1]
    .near.data       inited   0x000068     0x1  ApiKeyboard.o [1]
    .near.data       inited   0x000069     0x1  ApiKeyboard.o [1]
    .near.data       inited   0x00006a     0x2  ApiPocCmd.o [1]
    .near.data       inited   0x00006c     0x2  ApiPocCmd.o [1]
    .near.data       inited   0x00006e     0x2  ApiPocCmd.o [1]
    .near.data       inited   0x000070     0x2  ApiPocCmd.o [1]
    .near.data       inited   0x000072     0x2  ApiPocCmd.o [1]
    .near.data       inited   0x000074     0x2  ApiPocCmd.o [1]
    .near.data       inited   0x000076     0x2  ApiPocCmd.o [1]
    .near.data       inited   0x000078     0x2  ApiPocCmd.o [1]
    .near.data       inited   0x00007a     0x2  ApiPocCmd.o [1]
    .near.data       inited   0x00007c     0x2  ApiPocCmd.o [1]
    .near.data       inited   0x00007e     0x2  ApiPocCmd.o [1]
    .near.data       inited   0x000080     0x2  ApiVoice.o [1]
    .near.data       inited   0x000082     0x2  ApiVoice.o [1]
    .near.data       inited   0x000084     0x2  ApiVoice.o [1]
    .near.data       inited   0x000086     0x2  ApiVoice.o [1]
    .near.data       inited   0x000088     0x2  ApiVoice.o [1]
    .near.data       inited   0x00008a     0x2  ApiVoice.o [1]
    .near.data       inited   0x00008c     0x2  ApiVoice.o [1]
    .near.data       inited   0x00008e     0x2  ApiVoice.o [1]
    .near.data       inited   0x000090     0x2  ApiVoice.o [1]
    .near.data       inited   0x000092     0x2  ApiVoice.o [1]
    .near.data       inited   0x000094     0x2  ApiVoice.o [1]
    .near.data       inited   0x000096     0x2  ApiVoice.o [1]
    .near.data       inited   0x000098     0x2  ApiVoice.o [1]
    .near.data       inited   0x00009a     0x2  ApiVoice.o [1]
    .near.data       inited   0x00009c     0x2  ApiVoice.o [1]
    .near.data       inited   0x00009e     0x2  ApiVoice.o [1]
    .near.data       inited   0x0000a0     0x2  ApiVoice.o [1]
    .near.data       inited   0x0000a2     0x2  ApiVoice.o [1]
    .near.data       inited   0x0000a4     0x2  ApiVoice.o [1]
    .near.data       inited   0x0000a6     0x2  DrvZM389.o [1]
    .near.data       inited   0x0000a8     0x2  DrvZM389.o [1]
    .near.data       inited   0x0000aa     0x2  DrvZM389.o [1]
    .near.data       inited   0x0000ac     0x2  DrvZM389.o [1]
                            - 0x0000ae    0x9e

"P2", part 2 of 2:                      0x1136
  .near.bss          zero     0x0000ae   0x8fe  ApiPocCmd.o [1]
  .near.bss          zero     0x0009ac   0x478  DrvZM389.o [1]
  .near.bss          zero     0x000e24   0x200  ApiDisplay.o [1]
  .near.bss          zero     0x001024    0x75  DrvUart3.o [1]
  .near.bss          zero     0x001099    0x5c  DrvKeyboard.o [1]
  .near.bss          zero     0x0010f5    0x40  ApiDisplay.o [1]
  .near.bss          zero     0x001135    0x1d  ApiAtCmd.o [1]
  .near.bss          zero     0x001152    0x19  ApiDelay.o [1]
  .near.bss          zero     0x00116b    0x13  DrvKeyscan.o [1]
  .near.bss          zero     0x00117e    0x12  DrvBeep.o [1]
  .near.bss          zero     0x001190    0x12  DrvTone.o [1]
  .near.bss          zero     0x0011a2     0xa  DrvI2cAw87319.o [1]
  .near.bss          zero     0x0011ac     0x6  ApiVoice.o [1]
  .near.bss          zero     0x0011b2     0x4  DrvUart3.o [1]
  .near.bss          zero     0x0011b6     0x3  Task.o [1]
  .near.bss          zero     0x0011b9     0x2  ApiDelay.o [1]
  .near.bss          zero     0x0011bb     0x2  ApiDelay.o [1]
  .near.bss          zero     0x0011bd     0x2  ApiDelay.o [1]
  .near.bss          zero     0x0011bf     0x2  ApiDisplay.o [1]
  .near.bss          zero     0x0011c1     0x2  DrvHTG12832.o [1]
  .near.bss          zero     0x0011c3     0x2  DrvTone.o [1]
  .near.bss          zero     0x0011c5     0x1  ApiBattery.o [1]
  .near.bss          zero     0x0011c6     0x1  ApiBattery.o [1]
  .near.bss          zero     0x0011c7     0x1  ApiBattery.o [1]
  .near.bss          zero     0x0011c8     0x1  ApiBattery.o [1]
  .near.bss          zero     0x0011c9     0x1  ApiBattery.o [1]
  .near.bss          zero     0x0011ca     0x1  ApiBattery.o [1]
  .near.bss          zero     0x0011cb     0x1  ApiBattery.o [1]
  .near.bss          zero     0x0011cc     0x1  ApiDelay.o [1]
  .near.bss          zero     0x0011cd     0x1  ApiDelay.o [1]
  .near.bss          zero     0x0011ce     0x1  ApiKeyboard.o [1]
  .near.bss          zero     0x0011cf     0x1  ApiKeyboard.o [1]
  .near.bss          zero     0x0011d0     0x1  ApiKeyboard.o [1]
  .near.bss          zero     0x0011d1     0x1  ApiKeyboard.o [1]
  .near.bss          zero     0x0011d2     0x1  ApiKeyboard.o [1]
  .near.bss          zero     0x0011d3     0x1  ApiKeyboard.o [1]
  .near.bss          zero     0x0011d4     0x1  ApiKeyboard.o [1]
  .near.bss          zero     0x0011d5     0x1  ApiKeyCmd.o [1]
  .near.bss          zero     0x0011d6     0x1  ApiLED.o [1]
  .near.bss          zero     0x0011d7     0x1  ApiMenu.o [1]
  .near.bss          zero     0x0011d8     0x1  ApiMenu.o [1]
  .near.bss          zero     0x0011d9     0x1  ApiMenu.o [1]
  .near.bss          zero     0x0011da     0x1  ApiMenu.o [1]
  .near.bss          zero     0x0011db     0x1  ApiMenu.o [1]
  .near.bss          zero     0x0011dc     0x1  ApiMenu.o [1]
  .near.bss          zero     0x0011dd     0x1  ApiMenu.o [1]
  .near.bss          zero     0x0011de     0x1  ApiMenu.o [1]
  .near.bss          zero     0x0011df     0x1  DrvTone.o [1]
  .near.bss          zero     0x0011e0     0x1  DrvUart3.o [1]
  .near.bss          zero     0x0011e1     0x1  DrvZM389.o [1]
  .near.bss          zero     0x0011e2     0x1  stm8s_it.o [1]
  .near.bss          zero     0x0011e3     0x1  Task.o [1]
                            - 0x0011e4  0x1136

"A2":                                    0x100
  CSTACK                      0x001700   0x100  <Block>
    CSTACK           uninit   0x001700   0x100  <Block tail>
                            - 0x001800   0x100

"A3":                                     0x80
  INTVEC                      0x008000    0x80  <Block>
    .intvec          const    0x008000    0x80  interrupt.o [5]
                            - 0x008080    0x80

"P3":                                   0x2969
  .near.rodata       const    0x008080  0x1b00  GT20L16P1Y_D.o [1]
  .near.rodata       const    0x009b80   0x400  ApiDisplay.o [1]
  .near.rodata       const    0x009f80   0x1b0  GT20L16P1Y_D.o [1]
  .near.rodata       const    0x00a130   0x1b0  GT20L16P1Y_D.o [1]
  Initializer bytes  const    0x00a2e0    0x9e  <for P2-1>
  .near_func.text    const    0x00a37e    0x40  ApiDisplay.o [1]
  .near.rodata       const    0x00a3be    0x3e  GT20L16P1Y.o [3]
  .iar.init_table    const    0x00a3fc    0x14  - Linker created -
  .near.rodata       const    0x00a410    0x20  ApiMcuVersion.o [1]
  .near.rodata       const    0x00a430    0x1d  ApiVoice.o [1]
  .near.rodata       const    0x00a44d    0x1d  ApiVoice.o [1]
  .near.rodata       const    0x00a46a    0x1d  ApiVoice.o [1]
  .near.rodata       const    0x00a487    0x1d  ApiVoice.o [1]
  .near.rodata       const    0x00a4a4    0x1d  ApiVoice.o [1]
  .near.rodata       const    0x00a4c1    0x1d  ApiVoice.o [1]
  .near.rodata       const    0x00a4de    0x19  ApiVoice.o [1]
  .near.rodata       const    0x00a4f7    0x15  ApiVoice.o [1]
  .near.rodata       const    0x00a50c    0x15  ApiVoice.o [1]
  .near.rodata       const    0x00a521    0x11  ApiDisplay.o [1]
  .near.rodata       const    0x00a532    0x11  ApiDisplay.o [1]
  .near.rodata       const    0x00a543    0x11  ApiDisplay.o [1]
  .near.rodata       const    0x00a554    0x11  ApiDisplay.o [1]
  .near.rodata       const    0x00a565    0x11  ApiDisplay.o [1]
  .near.rodata       const    0x00a576    0x11  ApiDisplay.o [1]
  .near.rodata       const    0x00a587    0x11  ApiDisplay.o [1]
  .near.rodata       const    0x00a598    0x11  ApiDisplay.o [1]
  .near.rodata       const    0x00a5a9    0x11  ApiDisplay.o [1]
  .near.rodata       const    0x00a5ba    0x11  ApiDisplay.o [1]
  .near.rodata       const    0x00a5cb    0x11  ApiDisplay.o [1]
  .near.rodata       const    0x00a5dc    0x11  ApiDisplay.o [1]
  .near.rodata       const    0x00a5ed    0x11  ApiDisplay.o [1]
  .near.rodata       const    0x00a5fe    0x11  ApiDisplay.o [1]
  .near.rodata       const    0x00a60f    0x11  ApiDisplay.o [1]
  .near.rodata       const    0x00a620    0x11  ApiDisplay.o [1]
  .near.rodata       const    0x00a631    0x11  ApiDisplay.o [1]
  .near.rodata       const    0x00a642    0x11  ApiDisplay.o [1]
  .near.rodata       const    0x00a653    0x11  ApiDisplay.o [1]
  .near.rodata       const    0x00a664    0x11  ApiDisplay.o [1]
  .near.rodata       const    0x00a675    0x11  ApiKeyboard.o [1]
  .near.rodata       const    0x00a686    0x11  ApiMcuVersion.o [1]
  .near.rodata       const    0x00a697    0x11  ApiMenu.o [1]
  .near.rodata       const    0x00a6a8    0x11  ApiMenu.o [1]
  .near.rodata       const    0x00a6b9    0x11  ApiMenu.o [1]
  .near.rodata       const    0x00a6ca    0x11  ApiMenu.o [1]
  .near.rodata       const    0x00a6db    0x11  ApiMenu.o [1]
  .near.rodata       const    0x00a6ec    0x11  ApiMenu.o [1]
  .near.rodata       const    0x00a6fd    0x11  ApiMenu.o [1]
  .near.rodata       const    0x00a70e    0x11  ApiMenu.o [1]
  .near.rodata       const    0x00a71f    0x11  ApiPocCmd.o [1]
  .near.rodata       const    0x00a730    0x11  ApiPocCmd.o [1]
  .near.rodata       const    0x00a741    0x11  ApiVoice.o [1]
  .near.rodata       const    0x00a752    0x11  ApiVoice.o [1]
  .near.rodata       const    0x00a763    0x11  ApiVoice.o [1]
  .near.rodata       const    0x00a774    0x11  ApiVoice.o [1]
  .near.rodata       const    0x00a785    0x11  ApiVoice.o [1]
  .near.rodata       const    0x00a796    0x11  ApiVoice.o [1]
  .near.rodata       const    0x00a7a7    0x11  CommonLib.o [1]
  .near.rodata       const    0x00a7b8    0x11  Task.o [1]
  .near.rodata       const    0x00a7c9    0x10  ApiDisplay.o [1]
  .near.rodata       const    0x00a7d9    0x10  ApiDisplay.o [1]
  .near.rodata       const    0x00a7e9    0x10  DrvUart3.o [1]
  .near.rodata       const    0x00a7f9     0xe  ApiAtCmd.o [1]
  .near.rodata       const    0x00a807     0xe  ApiAtCmd.o [1]
  .near.rodata       const    0x00a815     0xd  ApiAtCmd.o [1]
  .near.rodata       const    0x00a822     0xd  ApiAtCmd.o [1]
  .near.rodata       const    0x00a82f     0xd  ApiPocCmd.o [1]
  .near.rodata       const    0x00a83c     0xd  ApiVoice.o [1]
  .near.rodata       const    0x00a849     0xd  ApiVoice.o [1]
  .near.rodata       const    0x00a856     0xd  ApiVoice.o [1]
  .near.rodata       const    0x00a863     0xd  ApiVoice.o [1]
  .near.rodata       const    0x00a870     0xc  ApiAtCmd.o [1]
  .near.rodata       const    0x00a87c     0xc  ApiAtCmd.o [1]
  .near.rodata       const    0x00a888     0xc  ApiAtCmd.o [1]
  .near.rodata       const    0x00a894     0xb  ApiAtCmd.o [1]
  .near.rodata       const    0x00a89f     0xb  ApiPocCmd.o [1]
  .near.rodata       const    0x00a8aa     0xa  ApiAtCmd.o [1]
  .near.rodata       const    0x00a8b4     0xa  ApiAtCmd.o [1]
  .near.rodata       const    0x00a8be     0xa  ApiAtCmd.o [1]
  .near.rodata       const    0x00a8c8     0xa  ApiAtCmd.o [1]
  .near.rodata       const    0x00a8d2     0xa  ApiAtCmd.o [1]
  .near.rodata       const    0x00a8dc     0xa  ApiAtCmd.o [1]
  .near.rodata       const    0x00a8e6     0x9  ApiAtCmd.o [1]
  .near.rodata       const    0x00a8ef     0x9  ApiAtCmd.o [1]
  .near.rodata       const    0x00a8f8     0x9  ApiAtCmd.o [1]
  .near.rodata       const    0x00a901     0x9  DrvZM389.o [1]
  .near.rodata       const    0x00a90a     0x8  ApiAtCmd.o [1]
  .near.rodata       const    0x00a912     0x8  ApiAtCmd.o [1]
  .near.rodata       const    0x00a91a     0x8  ApiAtCmd.o [1]
  .near.rodata       const    0x00a922     0x8  ApiDisplay.o [1]
  .near.rodata       const    0x00a92a     0x8  ApiPocCmd.o [1]
  .near.rodata       const    0x00a932     0x7  ApiAtCmd.o [1]
  .near.rodata       const    0x00a939     0x7  ApiAtCmd.o [1]
  .near.rodata       const    0x00a940     0x7  ApiPocCmd.o [1]
  .near.rodata       const    0x00a947     0x7  ApiPocCmd.o [1]
  .near.rodata       const    0x00a94e     0x7  ApiPocCmd.o [1]
  .near.rodata       const    0x00a955     0x7  ApiPocCmd.o [1]
  .near.rodata       const    0x00a95c     0x7  ApiPocCmd.o [1]
  .near.rodata       const    0x00a963     0x7  ApiPocCmd.o [1]
  .near.rodata       const    0x00a96a     0x7  ApiPocCmd.o [1]
  .near.rodata       const    0x00a971     0x7  ApiPocCmd.o [1]
  .near.rodata       const    0x00a978     0x7  ApiPocCmd.o [1]
  .near.rodata       const    0x00a97f     0x7  DrvZM389.o [1]
  .near.rodata       const    0x00a986     0x6  ApiAtCmd.o [1]
  .near.rodata       const    0x00a98c     0x6  ApiAtCmd.o [1]
  .near.rodata       const    0x00a992     0x6  DrvZM389.o [1]
  .near.rodata       const    0x00a998     0x5  ApiAtCmd.o [1]
  .near.rodata       const    0x00a99d     0x4  ApiDisplay.o [1]
  .near.rodata       const    0x00a9a1     0x4  ApiDisplay.o [1]
  .near.rodata       const    0x00a9a5     0x4  ApiDisplay.o [1]
  .near.rodata       const    0x00a9a9     0x4  ApiDisplay.o [1]
  .near.rodata       const    0x00a9ad     0x4  ApiDisplay.o [1]
  .near.rodata       const    0x00a9b1     0x4  ApiMenu.o [1]
  .near.rodata       const    0x00a9b5     0x4  ApiMenu.o [1]
  .near.rodata       const    0x00a9b9     0x4  ApiMenu.o [1]
  .near.rodata       const    0x00a9bd     0x4  ApiMenu.o [1]
  .near.rodata       const    0x00a9c1     0x4  ApiMenu.o [1]
  .near.rodata       const    0x00a9c5     0x4  ApiMenu.o [1]
  .near.rodata       const    0x00a9c9     0x4  ApiMenu.o [1]
  .near.rodata       const    0x00a9cd     0x4  ApiPocCmd.o [1]
  .near.rodata       const    0x00a9d1     0x4  DrvUart3.o [1]
  .near.rodata       const    0x00a9d5     0x4  DrvUart3.o [1]
  .near.rodata       const    0x00a9d9     0x4  stm8s_clk.o [1]
  .near.rodata       const    0x00a9dd     0x3  ApiPocCmd.o [1]
  .near.rodata       const    0x00a9e0     0x3  DrvUart3.o [1]
  .near.rodata       const    0x00a9e3     0x3  DrvUart3.o [1]
  .near.rodata       const    0x00a9e6     0x3  DrvZM389.o [1]
                            - 0x00a9e9  0x2969

"P4", part 1 of 2:                      0x4548
  .far_func.text     ro code  0x00a9e9   0x8d3  ApiKeyboard.o [1]
  .far_func.text     ro code  0x00b2bc   0x823  DrvZM389.o [1]
  .far_func.text     ro code  0x00badf   0x5d2  DrvKeyboard.o [1]
  .far_func.text     ro code  0x00c0b1   0x5a9  ApiPocCmd.o [1]
  .far_func.text     ro code  0x00c65a   0x4f3  ApiPocCmd.o [1]
  .far_func.text     ro code  0x00cb4d   0x3ed  ApiDelay.o [1]
  .far_func.text     ro code  0x00cf3a   0x325  ApiDisplay.o [1]
  .far_func.text     ro code  0x00d25f   0x30f  DrvBeep.o [1]
  .far_func.text     ro code  0x00d56e   0x2cd  GT20L16P1Y.o [3]
  .far_func.text     ro code  0x00d83b   0x2b4  ApiBattery.o [1]
  .far_func.text     ro code  0x00daef   0x299  ApiAtCmd.o [1]
  .far_func.text     ro code  0x00dd88   0x273  ApiAtCmd.o [1]
  .far_func.text     ro code  0x00dffb   0x268  ApiVoice.o [1]
  .far_func.text     ro code  0x00e263   0x258  ApiMenu.o [1]
  .far_func.text     ro code  0x00e4bb   0x252  DrvHTG12832.o [1]
  .far_func.text     ro code  0x00e70d   0x251  GT20L16P1Y.o [3]
  .far_func.text     ro code  0x00e95e   0x211  DrvKeyboard.o [1]
  .far_func.text     ro code  0x00eb6f   0x1e2  DrvI2cAw87319.o [1]
  .far_func.text     ro code  0x00ed51   0x1e0  ApiPocCmd.o [1]
                            - 0x00ef31  0x4548

"P4", part 2 of 2:                      0x4e8a
  .far_func.text     ro code  0x010000   0x1e0  ApiPocCmd.o [1]
  .far_func.text     ro code  0x0101e0   0x1b2  DrvUart3.o [1]
  .far_func.text     ro code  0x010392   0x1af  long.o [5]
  .far_func.text     ro code  0x010541   0x1ad  ApiMenu.o [1]
  .far_func.text     ro code  0x0106ee   0x193  DrvI2cAw87319.o [1]
  .far_func.text     ro code  0x010881   0x185  GT20L16P1Y.o [3]
  .far_func.text     ro code  0x010a06   0x178  ApiPocCmd.o [1]
  .far_func.text     ro code  0x010b7e   0x178  ApiPocCmd.o [1]
  .far_func.text     ro code  0x010cf6   0x15c  vreg_util.o [5]
  .far_func.text     ro code  0x010e52   0x159  stm8s_uart1.o [1]
  .far_func.text     ro code  0x010fab   0x148  DrvKeyboard.o [1]
  .far_func.text     ro code  0x0110f3   0x148  DrvKeyscan.o [1]
  .far_func.text     ro code  0x01123b   0x13f  DrvKeyboard.o [1]
  .far_func.text     ro code  0x01137a   0x13b  DrvGT20L16S1Y.o [1]
  .far_func.text     ro code  0x0114b5   0x134  CommonLib.o [1]
  .far_func.text     ro code  0x0115e9   0x134  DrvGT20L16S1Y.o [1]
  .far_func.text     ro code  0x01171d   0x12a  stm8s_uart3.o [1]
  .far_func.text     ro code  0x011847   0x122  Task.o [1]
  .far_func.text     ro code  0x011969   0x11f  ApiAtCmd.o [1]
  .far_func.text     ro code  0x011a88   0x116  ApiKeyCmd.o [1]
  .far_func.text     ro code  0x011b9e   0x103  stm8s_itc.o [1]
  .far_func.text     ro code  0x011ca1    0xfa  CommonLib.o [1]
  .far_func.text     ro code  0x011d9b    0xf3  DrvUart3.o [1]
  .far_func.text     ro code  0x011e8e    0xeb  DrvZM389.o [1]
  .far_func.text     ro code  0x011f79    0xe9  DrvUart3.o [1]
  .far_func.text     ro code  0x012062    0xe5  DrvKeyboard.o [1]
  .far_func.text     ro code  0x012147    0xdf  DrvUart3.o [1]
  .far_func.text     ro code  0x012226    0xdc  Task.o [1]
  .far_func.text     ro code  0x012302    0xd9  ApiDisplay.o [1]
  .far_func.text     ro code  0x0123db    0xc8  ApiAtCmd.o [1]
  .far_func.text     ro code  0x0124a3    0xc8  ApiDisplay.o [1]
  .far_func.text     ro code  0x01256b    0xc2  ApiPocCmd.o [1]
  .far_func.text     ro code  0x01262d    0xb6  stm8s_uart3.o [1]
  .far_func.text     ro code  0x0126e3    0xb2  CommonLib.o [1]
  .far_func.text     ro code  0x012795    0xb0  ApiDisplay.o [1]
  .far_func.text     ro code  0x012845    0xaf  stm8s_gpio.o [1]
  .far_func.text     ro code  0x0128f4    0xad  DrvUart3.o [1]
  .far_func.text     ro code  0x0129a1    0xa8  main.o [1]
  .far_func.text     ro code  0x012a49    0xa3  ApiDelay.o [1]
  .far_func.text     ro code  0x012aec    0xa2  stm8s_clk.o [1]
  .far_func.text     ro code  0x012b8e    0x99  stm8s_tim1.o [1]
  .far_func.text     ro code  0x012c27    0x97  ApiDisplay.o [1]
  .far_func.text     ro code  0x012cbe    0x96  DrvKeyboard.o [1]
  .far_func.text     ro code  0x012d54    0x95  DrvUart3.o [1]
  .far_func.text     ro code  0x012de9    0x92  stm8s_uart1.o [1]
  .far_func.text     ro code  0x012e7b    0x8f  DrvUart3.o [1]
  .far_func.text     ro code  0x012f0a    0x8d  DrvTone.o [1]
  .far_func.text     ro code  0x012f97    0x8d  stm8s_uart3.o [1]
  .far_func.text     ro code  0x013024    0x88  ApiDisplay.o [1]
  .far_func.text     ro code  0x0130ac    0x88  ApiLED.o [1]
  .far_func.text     ro code  0x013134    0x83  ApiAtCmd.o [1]
  .far_func.text     ro code  0x0131b7    0x82  stm8s_adc2.o [1]
  .far_func.text     ro code  0x013239    0x80  DrvZM389.o [1]
  .far_func.text     ro code  0x0132b9    0x79  ApiAtCmd.o [1]
  .far_func.text     ro code  0x013332    0x73  ApiDelay.o [1]
  .far_func.text     ro code  0x0133a5    0x72  DrvKeyboard.o [1]
  .far_func.text     ro code  0x013417    0x72  long_util.o [5]
  .far_func.text     ro code  0x013489    0x71  ApiVoice.o [1]
  .far_func.text     ro code  0x0134fa    0x6e  DrvUart3.o [1]
  .far_func.text     ro code  0x013568    0x6d  DrvTone.o [1]
  .far_func.text     ro code  0x0135d5    0x6d  stm8s_uart1.o [1]
  .far_func.text     ro code  0x013642    0x6b  DrvTone.o [1]
  .far_func.text     ro code  0x0136ad    0x69  DrvUart3.o [1]
  .far_func.text     ro code  0x013716    0x68  main.o [1]
  .far_func.text     ro code  0x01377e    0x67  ApiAtCmd.o [1]
  .far_func.text     ro code  0x0137e5    0x65  ApiAtCmd.o [1]
  .far_func.text     ro code  0x01384a    0x64  ApiDisplay.o [1]
  .far_func.text     ro code  0x0138ae    0x64  DrvI2cAw87319.o [1]
  .far_func.text     ro code  0x013912    0x63  ApiPocCmd.o [1]
  .far_func.text     ro code  0x013975    0x63  ApiPocCmd.o [1]
  .far_func.text     ro code  0x0139d8    0x61  ApiDisplay.o [1]
  .far_func.text     ro code  0x013a39    0x61  ApiMcuVersion.o [1]
  .far_func.text     ro code  0x013a9a    0x61  stm8s_tim1.o [1]
  .far_func.text     ro code  0x013afb    0x5e  CommonLib.o [1]
  .far_func.text     ro code  0x013b59    0x5c  DrvUart3.o [1]
  .far_func.text     ro code  0x013bb5    0x5c  GT20L16P1Y_D.o [1]
  .far_func.text     ro code  0x013c11    0x58  stm8s_clk.o [1]
  .far_func.text     ro code  0x013c69    0x58  dc_util.o [5]
  .far_func.text     ro code  0x013cc1    0x57  ApiDisplay.o [1]
  .far_func.text     ro code  0x013d18    0x55  ApiDelay.o [1]
  .far_func.text     ro code  0x013d6d    0x54  stm8s_adc2.o [1]
  .far_func.text     ro code  0x013dc1    0x52  ApiPocCmd.o [1]
  .far_func.text     ro code  0x013e13    0x52  DrvUart3.o [1]
  .far_func.text     ro code  0x013e65    0x50  DrvEeprom.o [1]
  .far_func.text     ro code  0x013eb5    0x4f  ApiDisplay.o [1]
  .far_func.text     ro code  0x013f04    0x4f  DrvUart3.o [1]
  .far_func.text     ro code  0x013f53    0x4e  CommonLib.o [1]
  .far_func.text     ro code  0x013fa1    0x4a  DrvZM389.o [1]
  .far_func.text     ro code  0x013feb    0x4a  DrvZM389.o [1]
  .far_func.text     ro code  0x014035    0x4a  DrvZM389.o [1]
  .far_func.text     ro code  0x01407f    0x49  stm8s_uart3.o [1]
  .far_func.text     ro code  0x0140c8    0x48  DrvEeprom.o [1]
  .far_func.text     ro code  0x014110    0x48  GT20L16P1Y_D.o [1]
  .far_func.text     ro code  0x014158    0x48  GT20L16P1Y_D.o [1]
  .far_func.text     ro code  0x0141a0    0x47  ApiVoice.o [1]
  .far_func.text     ro code  0x0141e7    0x47  GT20L16P1Y.o [3]
  .far_func.text     ro code  0x01422e    0x44  ApiPocCmd.o [1]
  .far_func.text     ro code  0x014272    0x43  stm8s_it.o [1]
  .far_func.text     ro code  0x0142b5    0x43  stm8s_tim1.o [1]
  .far_func.text     ro code  0x0142f8    0x40  ApiDelay.o [1]
  .far_func.text     ro code  0x014338    0x3e  DrvEeprom.o [1]
  .far_func.text     ro code  0x014376    0x3d  DrvZM389.o [1]
  .far_func.text     ro code  0x0143b3    0x39  DrvUart3.o [1]
  .far_func.text     ro code  0x0143ec    0x38  DrvBeep.o [1]
  .far_func.text     ro code  0x014424    0x38  DrvGT20L16S1Y.o [1]
  .far_func.text     ro code  0x01445c    0x36  stm8s_flash.o [1]
  .far_func.text     ro code  0x014492    0x36  sysclock.o [1]
  .far_func.text     ro code  0x0144c8    0x36  memcmp.o [5]
  .far_func.text     ro code  0x0144fe    0x35  ApiPocCmd.o [1]
  .far_func.text     ro code  0x014533    0x34  DrvKeyscan.o [1]
  .far_func.text     ro code  0x014567    0x34  short.o [5]
  .far_func.text     ro code  0x01459b    0x32  stm8s_uart1.o [1]
  .far_func.text     ro code  0x0145cd    0x30  stm8s_adc2.o [1]
  .far_func.text     ro code  0x0145fd    0x2f  stm8s_adc2.o [1]
  .far_func.text     ro code  0x01462c    0x2e  DrvUart1.o [1]
  .far_func.text     ro code  0x01465a    0x2d  ApiDelay.o [1]
  .far_func.text     ro code  0x014687    0x2d  stm8s_uart1.o [1]
  .far_func.text     ro code  0x0146b4    0x2c  DrvZM389.o [1]
  .far_func.text     ro code  0x0146e0    0x2b  sysclock.o [1]
  .far_func.text     ro code  0x01470b    0x29  ApiDelay.o [1]
  .far_func.text     ro code  0x014734    0x29  DrvMcuPin.o [1]
  .far_func.text     ro code  0x01475d    0x28  stm8s_flash.o [1]
  .far_func.text     ro code  0x014785    0x28  init_small.o [5]
  .far_func.text     ro code  0x0147ad    0x27  ApiBattery.o [1]
  .far_func.text     ro code  0x0147d4    0x27  DrvMcuPin.o [1]
  .far_func.text     ro code  0x0147fb    0x26  DrvTone.o [1]
  .far_func.text     ro code  0x014821    0x26  GT20L16P1Y_D.o [1]
  .far_func.text     ro code  0x014847    0x26  stm8s_it.o [1]
  .far_func.text     ro code  0x01486d    0x26  memcpy.o [5]
  .far_func.text     ro code  0x014893    0x25  stm8s_flash.o [1]
  .far_func.text     ro code  0x0148b8    0x25  stm8s_it.o [1]
  .far_func.text     ro code  0x0148dd    0x25  stm8s_uart3.o [1]
  .far_func.text     ro code  0x014902    0x25  move.o [5]
  .far_func.text     ro code  0x014927    0x24  stm8s_tim1.o [1]
  .far_func.text     ro code  0x01494b    0x22  ApiBattery.o [1]
  .far_func.text     ro code  0x01496d    0x21  stm8s_adc2.o [1]
  .far_func.text     ro code  0x01498e    0x20  ApiMcuVersion.o [1]
  .far_func.text     ro code  0x0149ae    0x20  ApiPocCmd.o [1]
  .far_func.text     ro code  0x0149ce    0x1f  sysclock.o [1]
  .far_func.text     ro code  0x0149ed    0x1e  init.o [5]
  .far_func.text     ro code  0x014a0b    0x1e  init_small.o [5]
  .far_func.text     ro code  0x014a29    0x1c  ApiDelay.o [1]
  .far_func.text     ro code  0x014a45    0x1c  DrvBeep.o [1]
  .far_func.text     ro code  0x014a61    0x1b  stm8s_it.o [1]
  .far_func.text     ro code  0x014a7c    0x1b  stm8s_it.o [1]
  .far_func.text     ro code  0x014a97    0x19  DrvMcuPin.o [1]
  .far_func.text     ro code  0x014ab0    0x19  DrvMcuPin.o [1]
  .far_func.text     ro code  0x014ac9    0x19  DrvMcuPin.o [1]
  .far_func.text     ro code  0x014ae2    0x17  ApiDisplay.o [1]
  .far_func.text     ro code  0x014af9    0x17  DrvUart3.o [1]
  .far_func.text     ro code  0x014b10    0x17  cstartup.o [5]
  .far_func.text     ro code  0x014b27    0x17  memset.o [5]
  .far_func.text     ro code  0x014b3e    0x16  stm8s_flash.o [1]
  .far_func.text     ro code  0x014b54    0x16  __dbg_xxexit.o [4]
  .far_func.text     ro code  0x014b6a    0x15  ApiPocCmd.o [1]
  .far_func.text     ro code  0x014b7f    0x14  stm8s_flash.o [1]
  .far_func.text     ro code  0x014b93    0x13  stm8s_adc2.o [1]
  .far_func.text     ro code  0x014ba6    0x13  stm8s_clk.o [1]
  .far_func.text     ro code  0x014bb9    0x13  stm8s_tim1.o [1]
  .far_func.text     ro code  0x014bcc    0x13  stm8s_tim3.o [1]
  .far_func.text     ro code  0x014bdf    0x12  ApiMcuVersion.o [1]
  .far_func.text     ro code  0x014bf1    0x12  DrvUart3.o [1]
  .far_func.text     ro code  0x014c03    0x12  strlen.o [5]
  .far_func.text     ro code  0x014c15    0x10  DrvUart3.o [1]
  .far_func.text     ro code  0x014c25     0xf  ApiVoice.o [1]
  .far_func.text     ro code  0x014c34     0xe  DrvZM389.o [1]
  .far_func.text     ro code  0x014c42     0xe  far_util.o [5]
  .far_func.text     ro code  0x014c50     0xd  DrvMcuPin.o [1]
  .far_func.text     ro code  0x014c5d     0xd  stm8s_adc2.o [1]
  .far_func.text     ro code  0x014c6a     0xd  stm8s_tim1.o [1]
  .far_func.text     ro code  0x014c77     0xd  stm8s_tim1.o [1]
  .far_func.text     ro code  0x014c84     0xd  stm8s_tim1.o [1]
  .far_func.text     ro code  0x014c91     0xd  stm8s_tim1.o [1]
  .far_func.text     ro code  0x014c9e     0xd  stm8s_tim3.o [1]
  .far_func.text     ro code  0x014cab     0xd  stm8s_tim3.o [1]
  .far_func.text     ro code  0x014cb8     0xd  stm8s_uart1.o [1]
  .far_func.text     ro code  0x014cc5     0xd  stm8s_uart3.o [1]
  .far_func.text     ro code  0x014cd2     0xc  stm8s_tim3.o [1]
  .far_func.text     ro code  0x014cde     0xb  stm8s_flash.o [1]
  .far_func.text     ro code  0x014ce9     0x9  DrvTone.o [1]
  .far_func.text     ro code  0x014cf2     0x9  stm8s_gpio.o [1]
  .far_func.text     ro code  0x014cfb     0x9  stm8s_tim1.o [1]
  .far_func.text     ro code  0x014d04     0x9  stm8s_tim3.o [1]
  .far_func.text     ro code  0x014d0d     0x9  Task.o [1]
  .far_func.text     ro code  0x014d16     0x7  stm8s_flash.o [1]
  .far_func.text     ro code  0x014d1d     0x7  stm8s_gpio.o [1]
  .far_func.text     ro code  0x014d24     0x6  char.o [5]
  .far_func.text     ro code  0x014d2a     0x6  cexit.o [5]
  .far_func.text     ro code  0x014d30     0x5  ApiAtCmd.o [1]
  .far_func.text     ro code  0x014d35     0x5  ApiPocCmd.o [1]
  .far_func.text     ro code  0x014d3a     0x5  stm8s_adc2.o [1]
  .far_func.text     ro code  0x014d3f     0x5  stm8s_flash.o [1]
  .far_func.text     ro code  0x014d44     0x5  stm8s_flash.o [1]
  .far_func.text     ro code  0x014d49     0x5  stm8s_tim1.o [1]
  .far_func.text     ro code  0x014d4e     0x5  stm8s_tim3.o [1]
  .far_func.text     ro code  0x014d53     0x4  ApiDelay.o [1]
  .far_func.text     ro code  0x014d57     0x4  ApiDelay.o [1]
  .far_func.text     ro code  0x014d5b     0x4  ApiKeyCmd.o [1]
  .far_func.text     ro code  0x014d5f     0x4  ApiKeyCmd.o [1]
  .far_func.text     ro code  0x014d63     0x4  ApiPocCmd.o [1]
  .far_func.text     ro code  0x014d67     0x4  ApiPocCmd.o [1]
  .far_func.text     ro code  0x014d6b     0x4  ApiPocCmd.o [1]
  .far_func.text     ro code  0x014d6f     0x4  ApiPocCmd.o [1]
  .far_func.text     ro code  0x014d73     0x4  ApiPocCmd.o [1]
  .far_func.text     ro code  0x014d77     0x4  ApiPocCmd.o [1]
  .far_func.text     ro code  0x014d7b     0x4  ApiPocCmd.o [1]
  .far_func.text     ro code  0x014d7f     0x4  ApiPocCmd.o [1]
  .far_func.text     ro code  0x014d83     0x4  ApiPocCmd.o [1]
  .far_func.text     ro code  0x014d87     0x4  ApiPocCmd.o [1]
  .far_func.text     ro code  0x014d8b     0x4  ApiPocCmd.o [1]
  .far_func.text     ro code  0x014d8f     0x4  ApiPocCmd.o [1]
  .far_func.text     ro code  0x014d93     0x4  ApiPocCmd.o [1]
  .far_func.text     ro code  0x014d97     0x4  ApiPocCmd.o [1]
  .far_func.text     ro code  0x014d9b     0x4  DrvKeyboard.o [1]
  .far_func.text     ro code  0x014d9f     0x4  DrvKeyboard.o [1]
  .far_func.text     ro code  0x014da3     0x4  DrvKeyboard.o [1]
  .far_func.text     ro code  0x014da7     0x4  DrvKeyboard.o [1]
  .far_func.text     ro code  0x014dab     0x4  DrvKeyboard.o [1]
  .far_func.text     ro code  0x014daf     0x4  DrvKeyboard.o [1]
  .far_func.text     ro code  0x014db3     0x4  DrvKeyboard.o [1]
  .far_func.text     ro code  0x014db7     0x4  DrvKeyboard.o [1]
  .far_func.text     ro code  0x014dbb     0x4  DrvKeyboard.o [1]
  .far_func.text     ro code  0x014dbf     0x4  DrvKeyboard.o [1]
  .far_func.text     ro code  0x014dc3     0x4  DrvKeyboard.o [1]
  .far_func.text     ro code  0x014dc7     0x4  DrvKeyboard.o [1]
  .far_func.text     ro code  0x014dcb     0x4  DrvKeyboard.o [1]
  .far_func.text     ro code  0x014dcf     0x4  DrvKeyboard.o [1]
  .far_func.text     ro code  0x014dd3     0x4  DrvKeyboard.o [1]
  .far_func.text     ro code  0x014dd7     0x4  DrvKeyboard.o [1]
  .far_func.text     ro code  0x014ddb     0x4  DrvKeyboard.o [1]
  .far_func.text     ro code  0x014ddf     0x4  DrvKeyboard.o [1]
  .far_func.text     ro code  0x014de3     0x4  DrvKeyboard.o [1]
  .far_func.text     ro code  0x014de7     0x4  DrvKeyboard.o [1]
  .far_func.text     ro code  0x014deb     0x4  DrvKeyboard.o [1]
  .far_func.text     ro code  0x014def     0x4  DrvKeyboard.o [1]
  .far_func.text     ro code  0x014df3     0x4  DrvKeyboard.o [1]
  .far_func.text     ro code  0x014df7     0x4  DrvKeyboard.o [1]
  .far_func.text     ro code  0x014dfb     0x4  DrvKeyboard.o [1]
  .far_func.text     ro code  0x014dff     0x4  DrvKeyboard.o [1]
  .far_func.text     ro code  0x014e03     0x4  DrvKeyboard.o [1]
  .far_func.text     ro code  0x014e07     0x4  DrvKeyboard.o [1]
  .far_func.text     ro code  0x014e0b     0x4  DrvKeyboard.o [1]
  .far_func.text     ro code  0x014e0f     0x4  DrvKeyboard.o [1]
  .far_func.text     ro code  0x014e13     0x4  DrvKeyboard.o [1]
  .far_func.text     ro code  0x014e17     0x4  DrvKeyboard.o [1]
  .far_func.text     ro code  0x014e1b     0x4  DrvKeyboard.o [1]
  .far_func.text     ro code  0x014e1f     0x4  DrvKeyboard.o [1]
  .far_func.text     ro code  0x014e23     0x4  DrvKeyboard.o [1]
  .far_func.text     ro code  0x014e27     0x4  DrvKeyboard.o [1]
  .far_func.text     ro code  0x014e2b     0x4  DrvKeyscan.o [1]
  .far_func.text     ro code  0x014e2f     0x4  DrvKeyscan.o [1]
  .far_func.text     ro code  0x014e33     0x4  DrvKeyscan.o [1]
  .far_func.text     ro code  0x014e37     0x4  DrvKeyscan.o [1]
  .far_func.text     ro code  0x014e3b     0x4  DrvKeyscan.o [1]
  .far_func.text     ro code  0x014e3f     0x4  DrvKeyscan.o [1]
  .far_func.text     ro code  0x014e43     0x4  DrvKeyscan.o [1]
  .far_func.text     ro code  0x014e47     0x4  DrvKeyscan.o [1]
  .far_func.text     ro code  0x014e4b     0x4  stm8s_gpio.o [1]
  .far_func.text     ro code  0x014e4f     0x4  stm8s_uart1.o [1]
  .far_func.text     ro code  0x014e53     0x4  stm8s_uart1.o [1]
  .far_func.text     ro code  0x014e57     0x4  stm8s_uart3.o [1]
  .far_func.text     ro code  0x014e5b     0x4  stm8s_uart3.o [1]
  .far_func.text     ro code  0x014e5f     0x4  Task.o [1]
  .far_func.text     ro code  0x014e63     0x4  Task.o [1]
  .far_func.text     ro code  0x014e67     0x4  interrupt.o [5]
  .far_func.text     ro code  0x014e6b     0x4  exit.o [5]
  .far_func.text     ro code  0x014e6f     0x3  low_level_init.o [5]
  .far_func.text     ro code  0x014e72     0x3  unhandled_exception.o [5]
  .far_func.text     ro code  0x014e75     0x1  ApiAtCmd.o [1]
  .far_func.text     ro code  0x014e76     0x1  stm8s_it.o [1]
  .far_func.text     ro code  0x014e77     0x1  stm8s_it.o [1]
  .far_func.text     ro code  0x014e78     0x1  stm8s_it.o [1]
  .far_func.text     ro code  0x014e79     0x1  stm8s_it.o [1]
  .far_func.text     ro code  0x014e7a     0x1  stm8s_it.o [1]
  .far_func.text     ro code  0x014e7b     0x1  stm8s_it.o [1]
  .far_func.text     ro code  0x014e7c     0x1  stm8s_it.o [1]
  .far_func.text     ro code  0x014e7d     0x1  stm8s_it.o [1]
  .far_func.text     ro code  0x014e7e     0x1  stm8s_it.o [1]
  .far_func.text     ro code  0x014e7f     0x1  stm8s_it.o [1]
  .far_func.text     ro code  0x014e80     0x1  stm8s_it.o [1]
  .far_func.text     ro code  0x014e81     0x1  stm8s_it.o [1]
  .far_func.text     ro code  0x014e82     0x1  stm8s_it.o [1]
  .far_func.text     ro code  0x014e83     0x1  stm8s_it.o [1]
  .far_func.text     ro code  0x014e84     0x1  stm8s_it.o [1]
  .far_func.text     ro code  0x014e85     0x1  stm8s_it.o [1]
  .far_func.text     ro code  0x014e86     0x1  stm8s_it.o [1]
  .far_func.text     ro code  0x014e87     0x1  stm8s_it.o [1]
  .far_func.text     ro code  0x014e88     0x1  stm8s_it.o [1]
  .far_func.text     ro code  0x014e89     0x1  __dbg_break.o [4]
                            - 0x014e8a  0x4e8a


*******************************************************************************
*** INIT TABLE
***

          Address   Size
          -------   ----
Zero (__iar_zero_init2)
    1 destination range, total size 0x1136:
          0x0000ae  0x1136

Copy (__iar_copy_init2)
    1 source range, total size 0x9e:
          0x00a2e0    0x9e
    1 destination range, total size 0x9e:
          0x000010    0x9e



*******************************************************************************
*** MODULE SUMMARY
***

    Module                 ro code  ro data  rw data
    ------                 -------  -------  -------
E:\1-source\5-A508_4G\A508_4G_New\PRJ\Debug\Obj: [1]
    ApiAtCmd.o               2 241      285       71
    ApiBattery.o               765                 7
    ApiDelay.o               1 554                33
    ApiDisplay.o             2 071    1 532      622
    ApiKeyCmd.o                286                 1
    ApiKeyboard.o            2 259       21       11
    ApiLED.o                   136                 1
    ApiMcuVersion.o            147       49
    ApiMenu.o                1 029      164        8
    ApiPocCmd.o              5 137      158    2 324
    ApiVoice.o                 815      433       44
    CommonLib.o                908       17
    DrvBeep.o                  867                18
    DrvEeprom.o                214
    DrvGT20L16S1Y.o            679
    DrvHTG12832.o              594                 2
    DrvI2cAw87319.o            985                10
    DrvKeyboard.o            3 303                92
    DrvKeyscan.o               412                19
    DrvMcuPin.o                168
    DrvTone.o                  404                21
    DrvUart1.o                  46
    DrvUart3.o               2 180       30      122
    DrvZM389.o               2 787       33    1 153
    GT20L16P1Y_D.o             274    7 776
    Task.o                     527       17        4
    main.o                     272
    stm8s_adc2.o               379
    stm8s_clk.o                269        4
    stm8s_flash.o              201
    stm8s_gpio.o               195
    stm8s_it.o                 215                 1
    stm8s_itc.o                259
    stm8s_tim1.o               438
    stm8s_tim3.o                71
    stm8s_uart1.o              716
    stm8s_uart3.o              752
    sysclock.o                 128
    ------------------------------------------------
    Total:                  34 683   10 519    4 564

command line: [2]
    ------------------------------------------------
    Total:

GT20L16_STM8_DOUBLE_MEDIUM_IAR.a: [3]
    GT20L16P1Y.o             1 770       62
    ------------------------------------------------
    Total:                   1 770       62

dbgstm8mmd.a: [4]
    __dbg_break.o                1
    __dbg_xxexit.o              22
    ------------------------------------------------
    Total:                      23

dlstm8mmn.a: [5]
    cexit.o                      6
    char.o                       6
    cstartup.o                  23
    dc_util.o                   88
    exit.o                       4
    far_util.o                  14
    init.o                      30
    init_small.o                70
    interrupt.o                  4      128
    long.o                     431
    long_util.o                114
    low_level_init.o             3
    memcmp.o                    54
    memcpy.o                    38
    memset.o                    23
    move.o                      37
    short.o                     52
    strlen.o                    18
    unhandled_exception.o        3
    vreg_util.o                348
    vregs.o                                       16
    ------------------------------------------------
    Total:                   1 366      128       16

    Linker created                       20      256
----------------------------------------------------
    Grand Total:            37 842   10 729    4 836


*******************************************************************************
*** ENTRY LIST
***

Entry                    Address    Size  Type      Object
-----                    -------    ----  ----      ------
.iar.init_table$$Base   0x00a3fc           --   Gb  - Linker created -
.iar.init_table$$Limit  0x00a410           --   Gb  - Linker created -
?add32_l0_l0_0x         0x010395          Code  Gb  long.o [5]
?add32_l0_l0_l1         0x010392          Code  Gb  long.o [5]
?and32_l0_l0_0x         0x0104e1          Code  Gb  long.o [5]
?and32_l0_l0_l1         0x0104de          Code  Gb  long.o [5]
?b0                     0x000000          Data  Gb  vregs.o [5]
?b1                     0x000001          Data  Gb  vregs.o [5]
?b10                    0x00000a          Data  Gb  vregs.o [5]
?b11                    0x00000b          Data  Gb  vregs.o [5]
?b12                    0x00000c          Data  Gb  vregs.o [5]
?b13                    0x00000d          Data  Gb  vregs.o [5]
?b14                    0x00000e          Data  Gb  vregs.o [5]
?b15                    0x00000f          Data  Gb  vregs.o [5]
?b2                     0x000002          Data  Gb  vregs.o [5]
?b3                     0x000003          Data  Gb  vregs.o [5]
?b4                     0x000004          Data  Gb  vregs.o [5]
?b5                     0x000005          Data  Gb  vregs.o [5]
?b6                     0x000006          Data  Gb  vregs.o [5]
?b7                     0x000007          Data  Gb  vregs.o [5]
?b8                     0x000008          Data  Gb  vregs.o [5]
?b9                     0x000009          Data  Gb  vregs.o [5]
?dc32_l0                0x013c69          Code  Gb  dc_util.o [5]
?dc32_l1                0x013c95          Code  Gb  dc_util.o [5]
?e0                     0x000001          Data  Gb  vregs.o [5]
?e1                     0x000005          Data  Gb  vregs.o [5]
?e2                     0x000009          Data  Gb  vregs.o [5]
?e3                     0x00000d          Data  Gb  vregs.o [5]
?epilogue_l2            0x010dae          Code  Gb  vreg_util.o [5]
?epilogue_l2_l3         0x010daa          Code  Gb  vreg_util.o [5]
?epilogue_l2_w6         0x010db3          Code  Gb  vreg_util.o [5]
?epilogue_w4            0x010dbc          Code  Gb  vreg_util.o [5]
?l0                     0x000000          Data  Gb  vregs.o [5]
?l1                     0x000004          Data  Gb  vregs.o [5]
?l2                     0x000008          Data  Gb  vregs.o [5]
?l3                     0x00000c          Data  Gb  vregs.o [5]
?load24_e1_0x           0x014c42          Code  Gb  far_util.o [5]
?load32_0x_l0           0x01346d          Code  Gb  long_util.o [5]
?load32_0x_l2           0x01347b          Code  Gb  long_util.o [5]
?load32_l0_0x           0x013431          Code  Gb  long_util.o [5]
?load32_l0_asp          0x013425          Code  Gb  long_util.o [5]
?load32_l0_dbsp         0x013417          Code  Gb  long_util.o [5]
?load32_l0_xsp          0x013427          Code  Gb  long_util.o [5]
?load32_l1_0x           0x013457          Code  Gb  long_util.o [5]
?load32_l1_asp          0x01344b          Code  Gb  long_util.o [5]
?load32_l1_dbsp         0x01343d          Code  Gb  long_util.o [5]
?load32_l1_xsp          0x01344d          Code  Gb  long_util.o [5]
?load32_xsp_l0          0x013463          Code  Gb  long_util.o [5]
?longfarg16_v_w0_a      0x01490f          Code  Gb  move.o [5]
?longfarg16_v_w0_x      0x014911          Code  Gb  move.o [5]
?mov_e0_e1              0x010dd9          Code  Gb  vreg_util.o [5]
?mov_e0_e2              0x010de6          Code  Gb  vreg_util.o [5]
?mov_e0_e3              0x010df3          Code  Gb  vreg_util.o [5]
?mov_e1_e0              0x010e00          Code  Gb  vreg_util.o [5]
?mov_e1_e2              0x010e0d          Code  Gb  vreg_util.o [5]
?mov_e1_e3              0x010e1a          Code  Gb  vreg_util.o [5]
?mov_e2_e0              0x010e27          Code  Gb  vreg_util.o [5]
?mov_e3_e0              0x010e3b          Code  Gb  vreg_util.o [5]
?mov_e3_e1              0x010e48          Code  Gb  vreg_util.o [5]
?mov_l0_l1              0x010dd6          Code  Gb  vreg_util.o [5]
?mov_l0_l2              0x010de3          Code  Gb  vreg_util.o [5]
?mov_l0_l3              0x010df0          Code  Gb  vreg_util.o [5]
?mov_l1_l0              0x010dfd          Code  Gb  vreg_util.o [5]
?mov_l1_l2              0x010e0a          Code  Gb  vreg_util.o [5]
?mov_l1_l3              0x010e17          Code  Gb  vreg_util.o [5]
?mov_l2_l0              0x010e24          Code  Gb  vreg_util.o [5]
?mov_l3_l0              0x010e38          Code  Gb  vreg_util.o [5]
?mov_l3_l1              0x010e45          Code  Gb  vreg_util.o [5]
?mov_w1_w3              0x010ddc          Code  Gb  vreg_util.o [5]
?mov_w1_w4              0x010dc1          Code  Gb  vreg_util.o [5]
?mov_w1_w5              0x010de9          Code  Gb  vreg_util.o [5]
?mov_w1_w7              0x010df6          Code  Gb  vreg_util.o [5]
?mov_w2_w1              0x010dc8          Code  Gb  vreg_util.o [5]
?mov_w3_w1              0x010e03          Code  Gb  vreg_util.o [5]
?mov_w3_w5              0x010e10          Code  Gb  vreg_util.o [5]
?mov_w3_w7              0x010e1d          Code  Gb  vreg_util.o [5]
?mov_w5_w1              0x010e2a          Code  Gb  vreg_util.o [5]
?mov_w5_w3              0x010e31          Code  Gb  vreg_util.o [5]
?mov_w6_w0              0x010dcf          Code  Gb  vreg_util.o [5]
?mov_w7_w1              0x010e3e          Code  Gb  vreg_util.o [5]
?mov_w7_w3              0x010e4b          Code  Gb  vreg_util.o [5]
?move1616_v_x_y_a       0x014902          Code  Gb  move.o [5]
?mul16_x_x_w0           0x014567          Code  Gb  short.o [5]
?mul32_l0_l0_l1         0x0103c8          Code  Gb  long.o [5]
?or32_l0_l0_0x          0x0104fc          Code  Gb  long.o [5]
?or32_l0_l0_l1          0x0104f9          Code  Gb  long.o [5]
?pop_l0                 0x010d72          Code  Gb  vreg_util.o [5]
?pop_l1                 0x010d7d          Code  Gb  vreg_util.o [5]
?pop_l2                 0x010d88          Code  Gb  vreg_util.o [5]
?pop_l3                 0x010d93          Code  Gb  vreg_util.o [5]
?pop_w4                 0x010d1c          Code  Gb  vreg_util.o [5]
?pop_w5                 0x010d23          Code  Gb  vreg_util.o [5]
?pop_w6                 0x010d2a          Code  Gb  vreg_util.o [5]
?push_l0                0x010d3d          Code  Gb  vreg_util.o [5]
?push_l1                0x010d42          Code  Gb  vreg_util.o [5]
?push_l2                0x010d47          Code  Gb  vreg_util.o [5]
?push_l3                0x010d4c          Code  Gb  vreg_util.o [5]
?push_w4                0x010cf6          Code  Gb  vreg_util.o [5]
?push_w5                0x010cfb          Code  Gb  vreg_util.o [5]
?push_w6                0x010d00          Code  Gb  vreg_util.o [5]
?sext16_x_a             0x014594          Code  Gb  short.o [5]
?sext32_l0_x            0x010536          Code  Gb  long.o [5]
?sll16_x_x_4            0x01458f          Code  Gb  short.o [5]
?sll16_x_x_5            0x01458e          Code  Gb  short.o [5]
?sll16_x_x_6            0x01458d          Code  Gb  short.o [5]
?sll16_x_x_a            0x014585          Code  Gb  short.o [5]
?sll32_0x_0x_a          0x010517          Code  Gb  long.o [5]
?sll32_l0_l0_a          0x010514          Code  Gb  long.o [5]
?srl32_0x_0x_a          0x010528          Code  Gb  long.o [5]
?srl32_l0_l0_a          0x010525          Code  Gb  long.o [5]
?srl8_a_a_5             0x014d25          Code  Gb  char.o [5]
?srl8_a_a_6             0x014d24          Code  Gb  char.o [5]
?sub32_l0_l0_0x         0x0103b0          Code  Gb  long.o [5]
?sub32_l0_l0_l1         0x0103ad          Code  Gb  long.o [5]
?ucmp32_c_l0_0x         0x0104c3          Code  Gb  long.o [5]
?ucmp32_c_l0_l1         0x0104d3          Code  Gb  long.o [5]
?udiv32_l0_dl_l1        0x01044c          Code  Gb  long.o [5]
?udiv32_l0_l0_dl        0x010452          Code  Gb  long.o [5]
?udiv32_l0_l0_l1        0x010456          Code  Gb  long.o [5]
?umod32_l1_l0_dl        0x010446          Code  Gb  long.o [5]
?umod32_l1_l0_l1        0x010456          Code  Gb  long.o [5]
?w0                     0x000000          Data  Gb  vregs.o [5]
?w1                     0x000002          Data  Gb  vregs.o [5]
?w2                     0x000004          Data  Gb  vregs.o [5]
?w3                     0x000006          Data  Gb  vregs.o [5]
?w4                     0x000008          Data  Gb  vregs.o [5]
?w5                     0x00000a          Data  Gb  vregs.o [5]
?w6                     0x00000c          Data  Gb  vregs.o [5]
?w7                     0x00000e          Data  Gb  vregs.o [5]
ADC2_Cmd                0x014c5d     0xd  Code  Gb  stm8s_adc2.o [1]
ADC2_ConversionConfig   0x0145fd    0x2f  Code  Gb  stm8s_adc2.o [1]
ADC2_ExternalTriggerConfig
                        0x01496d    0x21  Code  Gb  stm8s_adc2.o [1]
ADC2_GetConversionValue
                        0x013d6d    0x54  Code  Gb  stm8s_adc2.o [1]
ADC2_IRQHandler         0x014e86     0x1  Code  Gb  stm8s_it.o [1]
ADC2_Init               0x0145cd    0x30  Code  Gb  stm8s_adc2.o [1]
ADC2_PrescalerConfig    0x014b93    0x13  Code  Gb  stm8s_adc2.o [1]
ADC2_SchmittTriggerConfig
                        0x0131b7    0x82  Code  Gb  stm8s_adc2.o [1]
ADC2_StartConversion    0x014d3a     0x5  Code  Gb  stm8s_adc2.o [1]
ADC_Init                0x01494b    0x22  Code  Gb  ApiBattery.o [1]
AUDIO_IOAFPOW           0x014ac9    0x19  Code  Gb  DrvMcuPin.o [1]
AWU_IRQHandler          0x014e78     0x1  Code  Gb  stm8s_it.o [1]
ApiAtCmd_100msRenew     0x014e75     0x1  Code  Gb  ApiAtCmd.o [1]
ApiAtCmd_10msRenew      0x00daef   0x299  Code  Gb  ApiAtCmd.o [1]
ApiAtCmd_PlayVoice      0x0132b9    0x79  Code  Gb  ApiAtCmd.o [1]
ApiAtCmd_PowerOnInitial
                        0x014d30     0x5  Code  Gb  ApiAtCmd.o [1]
ApiAtCmd_WritCommand    0x011969   0x11f  Code  Gb  ApiAtCmd.o [1]
ApiCaretCmd_10msRenew   0x0123db    0xc8  Code  Gb  ApiAtCmd.o [1]
ApiMenu_BacklightTimeSet_Flag
                        0x0011dc     0x1  Data  Gb  ApiMenu.o [1]
ApiMenu_BeiDouOrWritingFrequency_Flag
                        0x0011de     0x1  Data  Gb  ApiMenu.o [1]
ApiMenu_GpsInfo_Flag    0x0011da     0x1  Data  Gb  ApiMenu.o [1]
ApiMenu_KeylockTimeSet_Flag
                        0x0011dd     0x1  Data  Gb  ApiMenu.o [1]
ApiMenu_NativeInfo_Flag
                        0x0011db     0x1  Data  Gb  ApiMenu.o [1]
ApiMenu_SwitchCallUser_Flag
                        0x0011d8     0x1  Data  Gb  ApiMenu.o [1]
ApiMenu_SwitchGroup_Flag
                        0x0011d7     0x1  Data  Gb  ApiMenu.o [1]
ApiMenu_SwitchOnlineUser_Flag
                        0x0011d9     0x1  Data  Gb  ApiMenu.o [1]
ApiPocCmd_10msRenew     0x00c0b1   0x5a9  Code  Gb  ApiPocCmd.o [1]
ApiPocCmd_GroupStates   0x014d63     0x4  Code  Gb  ApiPocCmd.o [1]
ApiPocCmd_GroupStatesSet
                        0x014d67     0x4  Code  Gb  ApiPocCmd.o [1]
ApiPocCmd_KeyPttState   0x014d6b     0x4  Code  Gb  ApiPocCmd.o [1]
ApiPocCmd_PowerOnInitial
                        0x013dc1    0x52  Code  Gb  ApiPocCmd.o [1]
ApiPocCmd_ReceivedVoicePlayStatesForDisplay
                        0x014d73     0x4  Code  Gb  ApiPocCmd.o [1]
ApiPocCmd_ReceivedVoicePlayStatesForDisplaySet
                        0x014d77     0x4  Code  Gb  ApiPocCmd.o [1]
ApiPocCmd_ReceivedVoicePlayStatesForLED
                        0x014d7b     0x4  Code  Gb  ApiPocCmd.o [1]
ApiPocCmd_SetKeyPttState
                        0x014d6f     0x4  Code  Gb  ApiPocCmd.o [1]
ApiPocCmd_ToneStateSet  0x014d7f     0x4  Code  Gb  ApiPocCmd.o [1]
ApiPocCmd_WritCommand   0x00c65a   0x4f3  Code  Gb  ApiPocCmd.o [1]
ApiPocCmd_user_info_get
                        0x0144fe    0x35  Code  Gb  ApiPocCmd.o [1]
ApiPocCmd_user_info_set
                        0x01256b    0xc2  Code  Gb  ApiPocCmd.o [1]
AtCmdDrvobj             0x001135    0x1d  Data  Gb  ApiAtCmd.o [1]
AtNotify_Queue          0x00b356    0x4d  Code  Lc  DrvZM389.o [1]
AtNotify_Queue_Start    0x00b3a3    0x56  Code  Lc  DrvZM389.o [1]
BEEP_Interrupt10ms      0x014a45    0x1c  Code  Gb  DrvBeep.o [1]
BEEP_PowerOnInitial     0x00d49b    0xd3  Code  Gb  DrvBeep.o [1]
BEEP_SetOutput          0x00d25f   0x23c  Code  Gb  DrvBeep.o [1]
BEEP_Time               0x0143ec    0x38  Code  Gb  DrvBeep.o [1]
BacklightTimeCount      0x0011cd     0x1  Data  Gb  ApiDelay.o [1]
BacklightTimeSetCount   0x000066     0x1  Data  Gb  ApiKeyboard.o [1]
BatteryLevel            0x0011c5     0x1  Data  Gb  ApiBattery.o [1]
BeepDrvObj              0x00117e    0x12  Data  Lc  DrvBeep.o [1]
BitTab                  0x00a922     0x8  Data  Gb  ApiDisplay.o [1]
CHAR_HIGH               0x00a7c9    0x10  Data  Gb  ApiDisplay.o [1]
CHAR_TO_DIV_CHAR        0x013134    0x83  Code  Gb  ApiAtCmd.o [1]
CHAR_TO_Digital         0x01377e    0x67  Code  Gb  ApiAtCmd.o [1]
CHAR_WIDTH              0x00a7d9    0x10  Data  Gb  ApiDisplay.o [1]
CLK_ClockSwitchConfig   0x012aec    0xa2  Code  Gb  stm8s_clk.o [1]
CLK_GetClockFreq        0x013c11    0x58  Code  Gb  stm8s_clk.o [1]
CLK_HSIPrescalerConfig  0x014ba6    0x13  Code  Gb  stm8s_clk.o [1]
CLK_IRQHandler          0x014e79     0x1  Code  Gb  stm8s_it.o [1]
COML_AscToHex           0x011ca1    0xfa  Code  Gb  CommonLib.o [1]
COML_HexToAsc           0x0126e3    0xb2  Code  Gb  CommonLib.o [1]
COML_StringReverse      0x013afb    0x5e  Code  Gb  CommonLib.o [1]
CSTACK$$Base            0x001700           --   Gb  - Linker created -
CSTACK$$Limit           0x001800           --   Gb  - Linker created -
CaretNotify_Queue       0x00b2bc    0x4d  Code  Lc  DrvZM389.o [1]
CaretNotify_Queue_Start
                        0x00b44f    0x56  Code  Lc  DrvZM389.o [1]
CharCode                0x0011bf     0x2  Data  Gb  ApiDisplay.o [1]
Combine2Hex             0x0114b5   0x134  Code  Gb  CommonLib.o [1]
Count                   0x0011c6     0x1  Data  Gb  ApiBattery.o [1]
Count2                  0x0011c7     0x1  Data  Gb  ApiBattery.o [1]
Count3                  0x0011c8     0x1  Data  Gb  ApiBattery.o [1]
DEL_100msProcess        0x00ccba   0x22b  Code  Lc  ApiDelay.o [1]
DEL_10msProcess         0x00cee5    0x39  Code  Lc  ApiDelay.o [1]
DEL_1msProcess          0x00cf1e     0xc  Code  Lc  ApiDelay.o [1]
DEL_500msProcess        0x00cb4d   0x16d  Code  Lc  ApiDelay.o [1]
DEL_GetTimer            0x013d18    0x55  Code  Gb  ApiDelay.o [1]
DEL_Interrupt           0x012a49    0xa3  Code  Gb  ApiDelay.o [1]
DEL_PowerOnInitial      0x01465a    0x2d  Code  Gb  ApiDelay.o [1]
DEL_Renew               0x00cf2a    0x10  Code  Gb  ApiDelay.o [1]
DEL_SetTimer            0x013332    0x73  Code  Gb  ApiDelay.o [1]
DEL_Soft1ms             0x014a29    0x1c  Code  Gb  ApiDelay.o [1]
DEL_TimerRenew          0x01470b    0x29  Code  Lc  ApiDelay.o [1]
DISPLAY_Show            0x00d070   0x1ef  Code  Gb  ApiDisplay.o [1]
DISP_DataBuf            0x0124a3    0xc8  Code  Lc  ApiDisplay.o [1]
DISP_MulTypePro         0x00cf68    0xc0  Code  Lc  ApiDisplay.o [1]
DISP_MulTypePro2        0x012302    0xd9  Code  Lc  ApiDisplay.o [1]
Dec2Hex                 0x013f53    0x4e  Code  Gb  CommonLib.o [1]
Decive_ReadData         0x00eb6f    0x7a  Code  Gb  DrvI2cAw87319.o [1]
DefaultSystemClockForHSI
                        0x0149ce    0x1f  Code  Gb  sysclock.o [1]
DelDrvObj               0x001152    0x19  Data  Lc  ApiDelay.o [1]
Delay_100ms             0x0142f8    0x40  Code  Gb  ApiDelay.o [1]
Device_WriteData        0x010802    0x3c  Code  Gb  DrvI2cAw87319.o [1]
Digital_TO_CHAR         0x0137e5    0x65  Code  Gb  ApiAtCmd.o [1]
DisDataBit              0x0010f5    0x40  Data  Gb  ApiDisplay.o [1]
DisDataBuf              0x000e24   0x200  Data  Gb  ApiDisplay.o [1]
DrvGD83DrvObj           0x0009ac   0x478  Data  Lc  DrvZM389.o [1]
DrvGD83_UART_TxCommand  0x013239    0x80  Code  Gb  DrvZM389.o [1]
DrvMC8332_AtNotify_Queue_front
                        0x013feb    0x4a  Code  Gb  DrvZM389.o [1]
DrvMC8332_CaretNotify_Queue_front
                        0x013fa1    0x4a  Code  Gb  DrvZM389.o [1]
DrvMC8332_PocNotify_Queue_front
                        0x014035    0x4a  Code  Gb  DrvZM389.o [1]
DrvMC8332_Software_Initial
                        0x014376    0x3d  Code  Gb  DrvZM389.o [1]
DrvMC8332_TxPort_SetValidable
                        0x0146b4    0x2c  Code  Gb  DrvZM389.o [1]
DrvMC8332_UART_TxInterrupt
                        0x014c34     0xe  Code  Gb  DrvZM389.o [1]
DrvMc8332_UART_TxTail   0x011e8e    0xeb  Code  Gb  DrvZM389.o [1]
DrvUart1_init           0x01462c    0x2e  Code  Gb  DrvUart1.o [1]
DrvZM389_uart1_interrupt
                        0x00b714   0x3cb  Code  Gb  DrvZM389.o [1]
Duty_Val                0x0011c3     0x2  Data  Gb  DrvTone.o [1]
EEPROM_EEC_IRQHandler   0x014e88     0x1  Code  Gb  stm8s_it.o [1]
EXTI_PORTA_IRQHandler   0x014e7a     0x1  Code  Gb  stm8s_it.o [1]
EXTI_PORTB_IRQHandler   0x014e7b     0x1  Code  Gb  stm8s_it.o [1]
EXTI_PORTC_IRQHandler   0x014e7c     0x1  Code  Gb  stm8s_it.o [1]
EXTI_PORTD_IRQHandler   0x014e7d     0x1  Code  Gb  stm8s_it.o [1]
EXTI_PORTE_IRQHandler   0x014e7e     0x1  Code  Gb  stm8s_it.o [1]
FILE_Read               0x0140c8    0x48  Code  Gb  DrvEeprom.o [1]
FILE_Write2             0x013e65    0x50  Code  Gb  DrvEeprom.o [1]
FLASH_EraseOptionByte   0x01475d    0x28  Code  Gb  stm8s_flash.o [1]
FLASH_GetFlagStatus     0x014b7f    0x14  Code  Gb  stm8s_flash.o [1]
FLASH_Lock              0x014d16     0x7  Code  Gb  stm8s_flash.o [1]
FLASH_ProgramByte       0x014d3f     0x5  Code  Gb  stm8s_flash.o [1]
FLASH_ProgramOptionByte
                        0x014893    0x25  Code  Gb  stm8s_flash.o [1]
FLASH_ReadByte          0x014d44     0x5  Code  Gb  stm8s_flash.o [1]
FLASH_SetProgrammingTime
                        0x014cde     0xb  Code  Gb  stm8s_flash.o [1]
FLASH_Unlock            0x014b3e    0x16  Code  Gb  stm8s_flash.o [1]
FLASH_WaitForLastOperation
                        0x01445c    0x36  Code  Gb  stm8s_flash.o [1]
GB2312_16_GetData       0x00e70d   0x251  Code  Gb  GT20L16P1Y.o [3]
GPIO_Init               0x012845    0xaf  Code  Gb  stm8s_gpio.o [1]
GPIO_ReadInputPin       0x014cf2     0x9  Code  Gb  stm8s_gpio.o [1]
GPIO_WriteHigh          0x014d1d     0x7  Code  Gb  stm8s_gpio.o [1]
GPIO_WriteLow           0x014e4b     0x4  Code  Gb  stm8s_gpio.o [1]
GetAllGroupNameForDisplay
                        0x00ed51   0x1e0  Code  Gb  ApiPocCmd.o [1]
GetAllGroupNameForVoice
                        0x013912    0x63  Code  Gb  ApiPocCmd.o [1]
GetAllGroupNum          0x014d83     0x4  Code  Gb  ApiPocCmd.o [1]
GetAllUserNameForDisplay
                        0x010000   0x1e0  Code  Gb  ApiPocCmd.o [1]
GetAllUserNameForVoice  0x013975    0x63  Code  Gb  ApiPocCmd.o [1]
GetAllUserNum           0x014d35     0x5  Code  Gb  ApiPocCmd.o [1]
GetNowWorkingGroupNameForDisplay
                        0x010a06   0x178  Code  Gb  ApiPocCmd.o [1]
GetNowWorkingGroupXuhao
                        0x01422e    0x44  Code  Gb  ApiPocCmd.o [1]
GetPointArrayData32     0x014110    0x48  Code  Gb  GT20L16P1Y_D.o [1]
GetSpeakingUserNameForDisplay
                        0x010b7e   0x178  Code  Gb  ApiPocCmd.o [1]
GpsNotify_Queue         0x00b697    0x7d  Code  Lc  DrvZM389.o [1]
GpsNotify_Queue_Start   0x00b4a5    0x9a  Code  Lc  DrvZM389.o [1]
GroupCallingNum         0x000069     0x1  Data  Gb  ApiKeyboard.o [1]
HDRCSQSignalIcons       0x00dd88   0x273  Code  Gb  ApiAtCmd.o [1]
HSE_ClockStartUpConfiguration
                        0x014492    0x36  Code  Lc  sysclock.o [1]
HSIDivFactor            0x00a9d9     0x4  Data  Gb  stm8s_clk.o [1]
HtgDrvObj               0x0011c1     0x2  Data  Lc  DrvHTG12832.o [1]
I2C_IRQHandler          0x014e84     0x1  Code  Gb  stm8s_it.o [1]
INTVEC$$Base            0x008000           --   Gb  - Linker created -
INTVEC$$Limit           0x008080           --   Gb  - Linker created -
ITC_SetSoftwarePriority
                        0x011b9e   0x103  Code  Gb  stm8s_itc.o [1]
Ico_DataBuf             0x009b80   0x400  Data  Gb  ApiDisplay.o [1]
InputGBcode             0x009f80   0x1b0  Data  Gb  GT20L16P1Y_D.o [1]
InputUnicode            0x00a130   0x1b0  Data  Gb  GT20L16P1Y_D.o [1]
KCMD_GetMcuVersion      0x013a39    0x61  Code  Lc  ApiMcuVersion.o [1]
KCMD_KeyCmdGet          0x01498e    0x20  Code  Gb  ApiMcuVersion.o [1]
KEYCMD_PersonalKeyMode  0x014d5b     0x4  Code  Gb  ApiKeyCmd.o [1]
KEYCMD_PersonalKeyModeSet
                        0x014d5f     0x4  Code  Gb  ApiKeyCmd.o [1]
KEY_TABLE               0x00a9e0     0x3  Data  Lc  DrvUart3.o [1]
KeyCmdDrvObj            0x0011d5     0x1  Data  Lc  ApiKeyCmd.o [1]
KeyDownUpChoose_GroupOrUser_Flag
                        0x0011d2     0x1  Data  Gb  ApiKeyboard.o [1]
KeyPersonalCallingCount
                        0x0011cf     0x1  Data  Gb  ApiKeyboard.o [1]
KeyUpDownCount          0x0011d1     0x1  Data  Gb  ApiKeyboard.o [1]
Key_Init                0x014533    0x34  Code  Gb  DrvKeyscan.o [1]
Key_PersonalCalling_Flag
                        0x0011e3     0x1  Data  Gb  Task.o [1]
KeyboardscanDrvObj      0x001099    0x5c  Data  Lc  DrvKeyboard.o [1]
KeylockTimeCount        0x0011bd     0x2  Data  Gb  ApiDelay.o [1]
KeylockTimeSetCount     0x000067     0x1  Data  Gb  ApiKeyboard.o [1]
KeyscanDrvObj           0x00116b    0x13  Data  Lc  DrvKeyscan.o [1]
LED_Conut               0x0011d6     0x1  Data  Gb  ApiLED.o [1]
LED_Init                0x0147d4    0x27  Code  Gb  DrvMcuPin.o [1]
LED_IntOutputRenew      0x0130ac    0x88  Code  Gb  ApiLED.o [1]
Level3MenuDisplay       0x00e263   0x1d7  Code  Gb  ApiMenu.o [1]
LobatteryTask_StartFlag
                        0x0011ca     0x1  Data  Gb  ApiBattery.o [1]
LockingState_EnterOK_Flag
                        0x0011d3     0x1  Data  Gb  ApiKeyboard.o [1]
LockingState_Flag       0x0011cc     0x1  Data  Gb  ApiDelay.o [1]
LowVoltageDetection     0x00d83b   0x2b4  Code  Gb  ApiBattery.o [1]
LowVoltageDetection_Flag
                        0x0011c9     0x1  Data  Gb  ApiBattery.o [1]
MCU_VERSIONForMenu      0x014bdf    0x12  Code  Gb  ApiMcuVersion.o [1]
Mcu_Version             0x00a410    0x20  Data  Lc  ApiMcuVersion.o [1]
MenuDisplay             0x010541   0x1ad  Code  Gb  ApiMenu.o [1]
MenuModeCount           0x000068     0x1  Data  Gb  ApiKeyboard.o [1]
MenuMode_Flag           0x0011ce     0x1  Data  Gb  ApiKeyboard.o [1]
Noise_Mute_Init         0x014c50     0xd  Code  Gb  DrvMcuPin.o [1]
Notify_Queue_Stop       0x00b53f   0x158  Code  Lc  DrvZM389.o [1]
OneChannelGetADValue    0x0147ad    0x27  Code  Lc  ApiBattery.o [1]
PAS_NULLTBL             0x00a7e9    0x10  Data  Lc  DrvUart3.o [1]
POC_TABLE               0x00a9e3     0x3  Data  Lc  DrvUart3.o [1]
PasObj                  0x0011b2     0x4  Data  Lc  DrvUart3.o [1]
PersonalCallingNum      0x0011d0     0x1  Data  Gb  ApiKeyboard.o [1]
PocCmdDrvobj            0x0000ae   0x8fe  Data  Gb  ApiPocCmd.o [1]
PocNotify_Queue         0x00b309    0x4d  Code  Lc  DrvZM389.o [1]
PocNotify_Queue_Start   0x00b3f9    0x56  Code  Lc  DrvZM389.o [1]
PrimaryLowPower_Flag    0x0011cb     0x1  Data  Gb  ApiBattery.o [1]
READ_TABLE              0x00a9d1     0x4  Data  Lc  DrvUart3.o [1]
ReadByte                0x013cc1    0x57  Code  Gb  ApiDisplay.o [1]
Region$$Table$$Base     0x00a3fc           --   Gb  - Linker created -
Region$$Table$$Limit    0x00a410           --   Gb  - Linker created -
SPI_IRQHandler          0x014e7f     0x1  Code  Gb  stm8s_it.o [1]
SendByte                0x013024    0x88  Code  Gb  ApiDisplay.o [1]
Set_GreenLed            0x014a97    0x19  Code  Gb  DrvMcuPin.o [1]
Set_RedLed              0x014ab0    0x19  Code  Gb  DrvMcuPin.o [1]
Set_TIM1_PWM1_DutyCycle
                        0x012f0a     0x9  Code  Gb  DrvTone.o [1]
Set_TIM1_PWM_Frequency  0x014ce9     0x9  Code  Gb  DrvTone.o [1]
SubmenuMenuDisplay      0x00e43a    0x81  Code  Gb  ApiMenu.o [1]
SystemClock_Init        0x0146e0    0x2b  Code  Gb  sysclock.o [1]
TIM1_ARRPreloadConfig   0x014c84     0xd  Code  Gb  stm8s_tim1.o [1]
TIM1_CAP_COM_IRQHandler
                        0x014e80     0x1  Code  Gb  stm8s_it.o [1]
TIM1_CCxCmd             0x0142b5    0x43  Code  Gb  stm8s_tim1.o [1]
TIM1_ClearITPendingBit  0x014d49     0x5  Code  Gb  stm8s_tim1.o [1]
TIM1_Cmd                0x014c6a     0xd  Code  Gb  stm8s_tim1.o [1]
TIM1_CtrlPWMOutputs     0x014c77     0xd  Code  Gb  stm8s_tim1.o [1]
TIM1_DeInit             0x012b8e    0x99  Code  Gb  stm8s_tim1.o [1]
TIM1_ITConfig           0x014bb9    0x13  Code  Gb  stm8s_tim1.o [1]
TIM1_OC1Init            0x013a9a    0x61  Code  Gb  stm8s_tim1.o [1]
TIM1_OC1PreloadConfig   0x014c91     0xd  Code  Gb  stm8s_tim1.o [1]
TIM1_PWM_Init           0x013568    0x6d  Code  Gb  DrvTone.o [1]
TIM1_SetCounter         0x014cfb     0x9  Code  Gb  stm8s_tim1.o [1]
TIM1_TimeBaseInit       0x014927    0x24  Code  Gb  stm8s_tim1.o [1]
TIM1_UPD_OVF_TRG_BRK_IRQHandler
                        0x014272    0x43  Code  Gb  stm8s_it.o [1]
TIM2_CAP_COM_IRQHandler
                        0x014e82     0x1  Code  Gb  stm8s_it.o [1]
TIM2_UPD_OVF_BRK_IRQHandler
                        0x014e81     0x1  Code  Gb  stm8s_it.o [1]
TIM3_ARRPreloadConfig   0x014cab     0xd  Code  Gb  stm8s_tim3.o [1]
TIM3_CAP_COM_IRQHandler
                        0x014e83     0x1  Code  Gb  stm8s_it.o [1]
TIM3_ClearITPendingBit  0x014d4e     0x5  Code  Gb  stm8s_tim3.o [1]
TIM3_Cmd                0x014c9e     0xd  Code  Gb  stm8s_tim3.o [1]
TIM3_ITConfig           0x014bcc    0x13  Code  Gb  stm8s_tim3.o [1]
TIM3_PrescalerConfig    0x014d04     0x9  Code  Gb  stm8s_tim3.o [1]
TIM3_TimeBaseInit       0x014cd2     0xc  Code  Gb  stm8s_tim3.o [1]
TIM3_UPD_OVF_BRK_IRQHandler
                        0x0148b8    0x25  Code  Gb  stm8s_it.o [1]
TIM4_UPD_OVF_IRQHandler
                        0x014e87     0x1  Code  Gb  stm8s_it.o [1]
TLI_IRQHandler          0x014e77     0x1  Code  Gb  stm8s_it.o [1]
TONE_PowerOnInitial     0x013642    0x6b  Code  Gb  DrvTone.o [1]
TONE_Start              0x014804    0x1d  Code  Gb  DrvTone.o [1]
TONE_Stop               0x0147fb     0x9  Code  Gb  DrvTone.o [1]
TRAP_IRQHandler         0x014e76     0x1  Code  Gb  stm8s_it.o [1]
TaskDrvobj              0x0011b6     0x3  Data  Gb  Task.o [1]
Task_Init               0x014d0d     0x9  Code  Gb  Task.o [1]
Task_login_progress     0x012226    0xdc  Code  Gb  Task.o [1]
Task_low_battery_progress
                        0x014e5f     0x4  Code  Gb  Task.o [1]
Task_normal_progress    0x011847   0x122  Code  Gb  Task.o [1]
Task_write_freq_progress
                        0x014e63     0x4  Code  Gb  Task.o [1]
Test_PWM_LED            0x012f13    0x84  Code  Gb  DrvTone.o [1]
TheMenuLayer_Flag       0x0011d4     0x1  Data  Gb  ApiKeyboard.o [1]
Tim3_Timer_Init         0x014734    0x29  Code  Gb  DrvMcuPin.o [1]
TimeCount               0x0011b9     0x2  Data  Gb  ApiDelay.o [1]
TimeCount3              0x0011bb     0x2  Data  Gb  ApiDelay.o [1]
ToneDrvObj              0x001190    0x12  Data  Lc  DrvTone.o [1]
UART1_Cmd               0x014cb8     0xd  Code  Gb  stm8s_uart1.o [1]
UART1_DeInit            0x014687    0x2d  Code  Gb  stm8s_uart1.o [1]
UART1_GetFlagStatus     0x01459b    0x32  Code  Gb  stm8s_uart1.o [1]
UART1_GetITStatus       0x012de9    0x92  Code  Gb  stm8s_uart1.o [1]
UART1_ITConfig          0x0135d5    0x6d  Code  Gb  stm8s_uart1.o [1]
UART1_Init              0x010e52   0x159  Code  Gb  stm8s_uart1.o [1]
UART1_RX_IRQHandler     0x014847    0x26  Code  Gb  stm8s_it.o [1]
UART1_ReceiveData8      0x014e4f     0x4  Code  Gb  stm8s_uart1.o [1]
UART1_SendData8         0x014e53     0x4  Code  Gb  stm8s_uart1.o [1]
UART1_TX_IRQHandler     0x014a61    0x1b  Code  Gb  stm8s_it.o [1]
UART3_Cmd               0x014cc5     0xd  Code  Gb  stm8s_uart3.o [1]
UART3_DeInit            0x0148dd    0x25  Code  Gb  stm8s_uart3.o [1]
UART3_GetFlagStatus     0x01407f    0x49  Code  Gb  stm8s_uart3.o [1]
UART3_GetITStatus       0x01262d    0xb6  Code  Gb  stm8s_uart3.o [1]
UART3_ITConfig          0x012f97    0x8d  Code  Gb  stm8s_uart3.o [1]
UART3_Init              0x01171d   0x12a  Code  Gb  stm8s_uart3.o [1]
UART3_Interrupt         0x014af9    0x17  Code  Gb  DrvUart3.o [1]
UART3_RX_IRQHandler     0x014a7c    0x1b  Code  Gb  stm8s_it.o [1]
UART3_ReceiveData8      0x014e57     0x4  Code  Gb  stm8s_uart3.o [1]
UART3_SendByte          0x014c15    0x10  Code  Gb  DrvUart3.o [1]
UART3_SendData8         0x014e5b     0x4  Code  Gb  stm8s_uart3.o [1]
UART3_TX_IRQHandler     0x014e85     0x1  Code  Gb  stm8s_it.o [1]
UART3_ToMcuMain         0x0136ad    0x69  Code  Gb  DrvUart3.o [1]
UART_Delay              0x014bf1    0x12  Code  Lc  DrvUart3.o [1]
UART_ErrorAck           0x013f3d    0x16  Code  Lc  DrvUart3.o [1]
UART_GetCheckSum        0x012d54    0x2e  Code  Lc  DrvUart3.o [1]
UART_KeyCommand         0x012e7b    0x8f  Code  Lc  DrvUart3.o [1]
UART_Link               0x012d82    0x67  Code  Lc  DrvUart3.o [1]
UART_PasCommand         0x0101e0   0x1b2  Code  Lc  DrvUart3.o [1]
UART_PocCommand         0x013b59    0x5c  Code  Lc  DrvUart3.o [1]
UART_ReadCommand        0x011f79    0xe9  Code  Lc  DrvUart3.o [1]
UART_RightAck           0x0134fa    0x6e  Code  Lc  DrvUart3.o [1]
UART_RxFrame            0x013e13    0x52  Code  Lc  DrvUart3.o [1]
UART_TxSend             0x013f04    0x39  Code  Lc  DrvUart3.o [1]
UART_WriteCommand       0x011d9b    0xf3  Code  Lc  DrvUart3.o [1]
UNICODE_16_GetData      0x010881   0x185  Code  Gb  GT20L16P1Y.o [3]
Uart3_Init              0x0143b3    0x39  Code  Gb  DrvUart3.o [1]
UartDrvObj              0x001024    0x75  Data  Lc  DrvUart3.o [1]
UnicodeGetPointArrayData32
                        0x014158    0x48  Code  Gb  GT20L16P1Y_D.o [1]
UnicodeValueSearch      0x014821    0x26  Code  Gb  GT20L16P1Y_D.o [1]
VOICE_1sProcess         0x014c25     0xf  Code  Gb  ApiVoice.o [1]
VOICE_Play              0x00dffb   0x268  Code  Gb  ApiVoice.o [1]
VOICE_Renew             0x013489    0x71  Code  Gb  ApiVoice.o [1]
VOICE_SetOutput         0x0141a0    0x47  Code  Gb  ApiVoice.o [1]
ValueSearch             0x013bb5    0x5c  Code  Gb  GT20L16P1Y_D.o [1]
VerifyData              0x008080  0x1b00  Data  Gb  GT20L16P1Y_D.o [1]
VoiceDrvObj             0x0011ac     0x6  Data  Lc  ApiVoice.o [1]
WRITE_TABLE             0x00a9d5     0x4  Data  Lc  DrvUart3.o [1]
WW_GetData              0x00d56e   0x2cd  Code  Gb  GT20L16P1Y.o [3]
WriteEEPROMByte         0x014338    0x3e  Code  Gb  DrvEeprom.o [1]
WriteFreq_Flag          0x0011e0     0x1  Data  Gb  DrvUart3.o [1]
__DebugBreak            0x014e89     0x1  Code  Gb  __dbg_break.o [4]
__exit                  0x014b54    0x16  Code  Gb  __dbg_xxexit.o [4]
__iar_copy_init2        0x014785          Code  Gb  init_small.o [5]
__iar_data_init2        0x0149ed    0x1e  Code  Gb  init.o [5]
__iar_program_start     0x014b10          Code  Gb  cstartup.o [5]
__iar_unhandled_exception
                        0x014e72          Code  Gb  unhandled_exception.o [5]
__iar_zero_init2        0x014a0b          Code  Gb  init_small.o [5]
__intvec                0x008000          Data  Gb  interrupt.o [5]
__low_level_init        0x014e6f     0x3  Code  Gb  low_level_init.o [5]
_exit                   0x014d2a          Code  Gb  cexit.o [5]
_interrupt_1            0x014e76          Code  Gb  stm8s_it.o [1]
_interrupt_12           0x014e7f          Code  Gb  stm8s_it.o [1]
_interrupt_13           0x014272          Code  Gb  stm8s_it.o [1]
_interrupt_14           0x014e80          Code  Gb  stm8s_it.o [1]
_interrupt_15           0x014e81          Code  Gb  stm8s_it.o [1]
_interrupt_16           0x014e82          Code  Gb  stm8s_it.o [1]
_interrupt_17           0x0148b8          Code  Gb  stm8s_it.o [1]
_interrupt_18           0x014e83          Code  Gb  stm8s_it.o [1]
_interrupt_19           0x014a61          Code  Gb  stm8s_it.o [1]
_interrupt_2            0x014e77          Code  Gb  stm8s_it.o [1]
_interrupt_20           0x014847          Code  Gb  stm8s_it.o [1]
_interrupt_21           0x014e84          Code  Gb  stm8s_it.o [1]
_interrupt_22           0x014e85          Code  Gb  stm8s_it.o [1]
_interrupt_23           0x014a7c          Code  Gb  stm8s_it.o [1]
_interrupt_24           0x014e86          Code  Gb  stm8s_it.o [1]
_interrupt_25           0x014e87          Code  Gb  stm8s_it.o [1]
_interrupt_26           0x014e88          Code  Gb  stm8s_it.o [1]
_interrupt_3            0x014e78          Code  Gb  stm8s_it.o [1]
_interrupt_4            0x014e79          Code  Gb  stm8s_it.o [1]
_interrupt_5            0x014e7a          Code  Gb  stm8s_it.o [1]
_interrupt_6            0x014e7b          Code  Gb  stm8s_it.o [1]
_interrupt_7            0x014e7c          Code  Gb  stm8s_it.o [1]
_interrupt_8            0x014e7d          Code  Gb  stm8s_it.o [1]
_interrupt_9            0x014e7e          Code  Gb  stm8s_it.o [1]
api_diap_ico_pos_get    0x0139d8    0x61  Code  Gb  ApiDisplay.o [1]
api_disp_all_screen_refresh
                        0x013eb5    0x4f  Code  Gb  ApiDisplay.o [1]
api_disp_char_output    0x00d028    0x17  Code  Gb  ApiDisplay.o [1]
api_disp_char_output2   0x014ae2    0x17  Code  Gb  ApiDisplay.o [1]
api_disp_ico_output     0x012795    0xb0  Code  Gb  ApiDisplay.o [1]
api_disp_icoid_output   0x012c27    0x97  Code  Gb  ApiDisplay.o [1]
api_lcd_pwr_on_hint     0x00d03f    0x31  Code  Gb  ApiDisplay.o [1]
api_lcd_pwr_on_hint4    0x00cf3a    0x2e  Code  Gb  ApiDisplay.o [1]
api_poc_command_get     0x0128f4    0xad  Code  Lc  DrvUart3.o [1]
api_poc_command_set     0x012147    0xdf  Code  Lc  DrvUart3.o [1]
cRxCEREG                0x00002c     0x2  Data  Gb  ApiAtCmd.o [1]
cRxCGDCONT              0x000038     0x2  Data  Gb  ApiAtCmd.o [1]
cRxCGREG                0x00002a     0x2  Data  Gb  ApiAtCmd.o [1]
cRxCREG                 0x000028     0x2  Data  Gb  ApiAtCmd.o [1]
cRxCSQ                  0x000026     0x2  Data  Gb  ApiAtCmd.o [1]
cRxMODE                 0x00002e     0x2  Data  Gb  ApiAtCmd.o [1]
cRxZCONSTAT             0x000032     0x2  Data  Gb  ApiAtCmd.o [1]
cRxZGIPDNS              0x000030     0x2  Data  Gb  ApiAtCmd.o [1]
cRxZICCID               0x000024     0x2  Data  Gb  ApiAtCmd.o [1]
cRxZLTENOCELL           0x000034     0x2  Data  Gb  ApiAtCmd.o [1]
cRxZMSRI                0x000036     0x2  Data  Gb  ApiAtCmd.o [1]
cTxATE1                 0x000010     0x2  Data  Gb  ApiAtCmd.o [1]
cTxCGACT                0x00001a     0x2  Data  Gb  ApiAtCmd.o [1]
cTxCGDCONT              0x000016     0x2  Data  Gb  ApiAtCmd.o [1]
cTxCSQ                  0x000012     0x2  Data  Gb  ApiAtCmd.o [1]
cTxDIALMODE             0x000014     0x2  Data  Gb  ApiAtCmd.o [1]
cTxPOWEROFF             0x000022     0x2  Data  Gb  ApiAtCmd.o [1]
cTxPOWERUP              0x000018     0x2  Data  Gb  ApiAtCmd.o [1]
cTxPlayZtts             0x00001e     0x2  Data  Gb  ApiAtCmd.o [1]
cTxRESET                0x000020     0x2  Data  Gb  ApiAtCmd.o [1]
cTxZGACT                0x00001c     0x2  Data  Gb  ApiAtCmd.o [1]
dp_abell                0x00003a     0x2  Data  Gb  ApiDisplay.o [1]
dp_account_config       0x000042     0x2  Data  Gb  ApiDisplay.o [1]
dp_backlight            0x000058     0x2  Data  Gb  ApiDisplay.o [1]
dp_backlight_time       0x00004c     0x2  Data  Gb  ApiDisplay.o [1]
dp_close                0x00005c     0x2  Data  Gb  ApiDisplay.o [1]
dp_gps_information      0x00004a     0x2  Data  Gb  ApiDisplay.o [1]
dp_group_select         0x000048     0x2  Data  Gb  ApiDisplay.o [1]
dp_individual_call      0x00005e     0x2  Data  Gb  ApiDisplay.o [1]
dp_keypad_lock          0x00005a     0x2  Data  Gb  ApiDisplay.o [1]
dp_keypad_lock_time     0x00004e     0x2  Data  Gb  ApiDisplay.o [1]
dp_latitude0            0x000054     0x2  Data  Gb  ApiDisplay.o [1]
dp_longitude0           0x000056     0x2  Data  Gb  ApiDisplay.o [1]
dp_menu                 0x000046     0x2  Data  Gb  ApiDisplay.o [1]
dp_network_search       0x000040     0x2  Data  Gb  ApiDisplay.o [1]
dp_no_sim_card          0x00003e     0x2  Data  Gb  ApiDisplay.o [1]
dp_personal_mode        0x00003c     0x2  Data  Gb  ApiDisplay.o [1]
dp_please_charge        0x000044     0x2  Data  Gb  ApiDisplay.o [1]
dp_press_ok_then_well   0x000062     0x2  Data  Gb  ApiDisplay.o [1]
dp_press_well           0x000052     0x2  Data  Gb  ApiDisplay.o [1]
dp_software_version     0x000050     0x2  Data  Gb  ApiDisplay.o [1]
dp_status_offline       0x000064     0x2  Data  Gb  ApiDisplay.o [1]
dp_version              0x000060     0x2  Data  Gb  ApiDisplay.o [1]
drv_gt20_data_output    0x0115e9   0x134  Code  Gb  DrvGT20L16S1Y.o [1]
drv_gt20_data_output2   0x01137a   0x13b  Code  Gb  DrvGT20L16S1Y.o [1]
drv_gt20_pwr_on_init    0x014458     0x4  Code  Gb  DrvGT20L16S1Y.o [1]
drv_htg_clr_allscr      0x00e5f4    0x35  Code  Gb  DrvHTG12832.o [1]
drv_htg_pwr_on_init     0x00e701     0xc  Code  Gb  DrvHTG12832.o [1]
drv_htg_reset           0x00e4bb     0x5  Code  Gb  DrvHTG12832.o [1]
drv_htg_set_address     0x00e53a    0x40  Code  Gb  DrvHTG12832.o [1]
drv_htg_write_command   0x00e4c0    0x7a  Code  Gb  DrvHTG12832.o [1]
drv_htg_write_data      0x00e57a    0x7a  Code  Gb  DrvHTG12832.o [1]
drv_keypad_scan         0x00e95e   0x211  Code  Gb  DrvKeyboard.o [1]
exit                    0x014e6b     0x4  Code  Gb  exit.o [5]
find_zf_tab             0x0141e7    0x47  Code  Gb  GT20L16P1Y.o [3]
get_current_working_status
                        0x014d87     0x4  Code  Gb  ApiPocCmd.o [1]
get_key_2_states        0x014e2f     0x4  Code  Gb  DrvKeyscan.o [1]
get_key_3_states        0x014e33     0x4  Code  Gb  DrvKeyscan.o [1]
get_key_4_states        0x014e37     0x4  Code  Gb  DrvKeyscan.o [1]
get_key_ptt_states      0x014e2b     0x4  Code  Gb  DrvKeyscan.o [1]
get_key_value           0x012062    0xe5  Code  Gb  DrvKeyboard.o [1]
get_keyboard_0_states   0x014dd7     0x4  Code  Gb  DrvKeyboard.o [1]
get_keyboard_1_states   0x014db3     0x4  Code  Gb  DrvKeyboard.o [1]
get_keyboard_2_states   0x014db7     0x4  Code  Gb  DrvKeyboard.o [1]
get_keyboard_3_states   0x014dbb     0x4  Code  Gb  DrvKeyboard.o [1]
get_keyboard_4_states   0x014dbf     0x4  Code  Gb  DrvKeyboard.o [1]
get_keyboard_5_states   0x014dc3     0x4  Code  Gb  DrvKeyboard.o [1]
get_keyboard_6_states   0x014dc7     0x4  Code  Gb  DrvKeyboard.o [1]
get_keyboard_7_states   0x014dcb     0x4  Code  Gb  DrvKeyboard.o [1]
get_keyboard_8_states   0x014dcf     0x4  Code  Gb  DrvKeyboard.o [1]
get_keyboard_9_states   0x014dd3     0x4  Code  Gb  DrvKeyboard.o [1]
get_keyboard_cancel_states
                        0x014dab     0x4  Code  Gb  DrvKeyboard.o [1]
get_keyboard_down_states
                        0x014d9f     0x4  Code  Gb  DrvKeyboard.o [1]
get_keyboard_key_states
                        0x014d9b     0x4  Code  Gb  DrvKeyboard.o [1]
get_keyboard_menu_states
                        0x014da7     0x4  Code  Gb  DrvKeyboard.o [1]
get_keyboard_ok_states  0x014daf     0x4  Code  Gb  DrvKeyboard.o [1]
get_keyboard_star_states
                        0x014ddb     0x4  Code  Gb  DrvKeyboard.o [1]
get_keyboard_up_states  0x014da3     0x4  Code  Gb  DrvKeyboard.o [1]
get_keyboard_well_states
                        0x014ddf     0x4  Code  Gb  DrvKeyboard.o [1]
get_screen_display_group_name
                        0x0149ae    0x20  Code  Gb  ApiPocCmd.o [1]
htg_delay_ms            0x00e629    0x1e  Code  Lc  DrvHTG12832.o [1]
htg_initial             0x00e647    0x6c  Code  Lc  DrvHTG12832.o [1]
iic_ack                 0x01083e    0x21  Code  Gb  DrvI2cAw87319.o [1]
iic_delay               0x0106ee     0x6  Code  Lc  DrvI2cAw87319.o [1]
iic_init                0x00ebe9   0x168  Code  Gb  DrvI2cAw87319.o [1]
iic_no_ack              0x01085f    0x22  Code  Gb  DrvI2cAw87319.o [1]
iic_read_Byte           0x0138ae    0x64  Code  Gb  DrvI2cAw87319.o [1]
iic_sda_in              0x010760     0xb  Code  Lc  DrvI2cAw87319.o [1]
iic_sda_out             0x010736     0xd  Code  Lc  DrvI2cAw87319.o [1]
iic_send_byte           0x010798    0x48  Code  Gb  DrvI2cAw87319.o [1]
iic_start               0x0107e0    0x22  Code  Gb  DrvI2cAw87319.o [1]
iic_stop                0x010743    0x1d  Code  Gb  DrvI2cAw87319.o [1]
iic_wait_ack            0x01076b    0x2d  Code  Gb  DrvI2cAw87319.o [1]
j                       0x0011df     0x1  Data  Gb  DrvTone.o [1]
key_process             0x011a88   0x116  Code  Gb  ApiKeyCmd.o [1]
key_scan                0x0110f3   0x148  Code  Gb  DrvKeyscan.o [1]
key_scan_board          0x01123b   0x13f  Code  Gb  DrvKeyboard.o [1]
keyboard_process        0x00a9e9   0x8d3  Code  Gb  ApiKeyboard.o [1]
keyboard_scan           0x00badf   0x5d2  Code  Gb  DrvKeyboard.o [1]
main                    0x013716    0x68  Code  Gb  main.o [1]
main_all_init           0x0129a1    0xa8  Code  Gb  main.o [1]
mcu_gt20_initial        0x014424    0x34  Code  Lc  DrvGT20L16S1Y.o [1]
mcu_key_pad_out         0x012cbe    0x96  Code  Gb  DrvKeyboard.o [1]
mcu_key_pad_read        0x0133a5    0x72  Code  Gb  DrvKeyboard.o [1]
mcu_key_pad_set         0x010fab   0x148  Code  Gb  DrvKeyboard.o [1]
mcu_lcd_initial         0x00e6b3    0x4e  Code  Lc  DrvHTG12832.o [1]
memcmp                  0x0144c8    0x36  Code  Gb  memcmp.o [5]
memcpy                  0x01486d    0x26  Code  Gb  memcpy.o [5]
memset                  0x014b27    0x17  Code  Gb  memset.o [5]
no_online_user          0x014b6a    0x15  Code  Lc  ApiPocCmd.o [1]
poc_first_enter_into_group_flag
                        0x014d97     0x4  Code  Gb  ApiPocCmd.o [1]
poc_receive_sos_statas  0x014d8f     0x4  Code  Gb  ApiPocCmd.o [1]
poccmd_states_poc_status
                        0x014d8b     0x4  Code  Gb  ApiPocCmd.o [1]
r_dat_bat               0x01384a    0x64  Code  Gb  ApiDisplay.o [1]
read_backlight_time_value
                        0x014d53     0x4  Code  Gb  ApiDelay.o [1]
read_key_lock_time_value
                        0x014d57     0x4  Code  Gb  ApiDelay.o [1]
set_iic_scl_state       0x0106f4    0x21  Code  Lc  DrvI2cAw87319.o [1]
set_iic_sda_state       0x010715    0x21  Code  Lc  DrvI2cAw87319.o [1]
set_key_2_states        0x014e3f     0x4  Code  Gb  DrvKeyscan.o [1]
set_key_3_states        0x014e43     0x4  Code  Gb  DrvKeyscan.o [1]
set_key_4_states        0x014e47     0x4  Code  Gb  DrvKeyscan.o [1]
set_key_ptt_states      0x014e3b     0x4  Code  Gb  DrvKeyscan.o [1]
set_keyboard_0_states   0x014e1f     0x4  Code  Gb  DrvKeyboard.o [1]
set_keyboard_1_states   0x014dfb     0x4  Code  Gb  DrvKeyboard.o [1]
set_keyboard_2_states   0x014dff     0x4  Code  Gb  DrvKeyboard.o [1]
set_keyboard_3_states   0x014e03     0x4  Code  Gb  DrvKeyboard.o [1]
set_keyboard_4_states   0x014e07     0x4  Code  Gb  DrvKeyboard.o [1]
set_keyboard_5_states   0x014e0b     0x4  Code  Gb  DrvKeyboard.o [1]
set_keyboard_6_states   0x014e0f     0x4  Code  Gb  DrvKeyboard.o [1]
set_keyboard_7_states   0x014e13     0x4  Code  Gb  DrvKeyboard.o [1]
set_keyboard_8_states   0x014e17     0x4  Code  Gb  DrvKeyboard.o [1]
set_keyboard_9_states   0x014e1b     0x4  Code  Gb  DrvKeyboard.o [1]
set_keyboard_cancel_states
                        0x014df3     0x4  Code  Gb  DrvKeyboard.o [1]
set_keyboard_down_states
                        0x014de7     0x4  Code  Gb  DrvKeyboard.o [1]
set_keyboard_key_states
                        0x014de3     0x4  Code  Gb  DrvKeyboard.o [1]
set_keyboard_menu_states
                        0x014def     0x4  Code  Gb  DrvKeyboard.o [1]
set_keyboard_ok_states  0x014df7     0x4  Code  Gb  DrvKeyboard.o [1]
set_keyboard_star_states
                        0x014e23     0x4  Code  Gb  DrvKeyboard.o [1]
set_keyboard_up_states  0x014deb     0x4  Code  Gb  DrvKeyboard.o [1]
set_keyboard_well_states
                        0x014e27     0x4  Code  Gb  DrvKeyboard.o [1]
set_poc_receive_sos_statas
                        0x014d93     0x4  Code  Gb  ApiPocCmd.o [1]
strlen                  0x014c03    0x12  Code  Gb  strlen.o [5]
test_buf                0x0011a2     0xa  Data  Gb  DrvI2cAw87319.o [1]
tone_count              0x0011e2     0x1  Data  Gb  stm8s_it.o [1]
ucABELL                 0x000084     0x2  Data  Gb  ApiVoice.o [1]
ucAlarm1                0x00007a     0x2  Data  Gb  ApiPocCmd.o [1]
ucAlarm2                0x00007c     0x2  Data  Gb  ApiPocCmd.o [1]
ucAtPocHead             0x00006a     0x2  Data  Gb  ApiPocCmd.o [1]
ucEightyPercentPower    0x000098     0x2  Data  Gb  ApiVoice.o [1]
ucEndPTT                0x000072     0x2  Data  Gb  ApiPocCmd.o [1]
ucFivePercentPower      0x000090     0x2  Data  Gb  ApiVoice.o [1]
ucFortyPercentPower     0x000094     0x2  Data  Gb  ApiVoice.o [1]
ucGroupListInfo         0x000074     0x2  Data  Gb  ApiPocCmd.o [1]
ucGroupMode             0x00009c     0x2  Data  Gb  ApiVoice.o [1]
ucGroupSelected         0x000086     0x2  Data  Gb  ApiVoice.o [1]
ucHandfreeMode          0x0000a0     0x2  Data  Gb  ApiVoice.o [1]
ucHandsetMode           0x00009e     0x2  Data  Gb  ApiVoice.o [1]
ucLoggingIn             0x0000a4     0x2  Data  Gb  ApiVoice.o [1]
ucLowBattery            0x00008e     0x2  Data  Gb  ApiVoice.o [1]
ucNetworkSearching      0x00008a     0x2  Data  Gb  ApiVoice.o [1]
ucNoOnlineUser          0x0000a2     0x2  Data  Gb  ApiVoice.o [1]
ucNoSimCard             0x000088     0x2  Data  Gb  ApiVoice.o [1]
ucOneHundredPercentPower
                        0x00009a     0x2  Data  Gb  ApiVoice.o [1]
ucPersonalMode          0x000082     0x2  Data  Gb  ApiVoice.o [1]
ucPocOpenConfig         0x00006e     0x2  Data  Gb  ApiPocCmd.o [1]
ucPowerLowPleaseCharge  0x00008c     0x2  Data  Gb  ApiVoice.o [1]
ucRxOkHeadInfo          0x0000aa     0x2  Data  Gb  DrvZM389.o [1]
ucRxPocHeadInfo         0x0000a8     0x2  Data  Gb  DrvZM389.o [1]
ucRxTcpDataHeadInfo     0x0000ac     0x2  Data  Gb  DrvZM389.o [1]
ucSetGPS                0x000078     0x2  Data  Gb  ApiPocCmd.o [1]
ucSetIPAndID            0x00006c     0x2  Data  Gb  ApiPocCmd.o [1]
ucSetURL                0x00007e     0x2  Data  Gb  ApiPocCmd.o [1]
ucSimCardError          0x000080     0x2  Data  Gb  ApiVoice.o [1]
ucSixtyPercentPower     0x000096     0x2  Data  Gb  ApiVoice.o [1]
ucStartPTT              0x000070     0x2  Data  Gb  ApiPocCmd.o [1]
ucTwentyPercentPower    0x000092     0x2  Data  Gb  ApiVoice.o [1]
ucTxPocHeadInfo         0x0000a6     0x2  Data  Gb  DrvZM389.o [1]
ucUserListInfo          0x000076     0x2  Data  Gb  ApiPocCmd.o [1]


[1] = E:\1-source\5-A508_4G\A508_4G_New\PRJ\Debug\Obj
[2] = command line
[3] = GT20L16_STM8_DOUBLE_MEDIUM_IAR.a
[4] = dbgstm8mmd.a
[5] = dlstm8mmn.a

  37 842 bytes of readonly  code memory
  10 729 bytes of readonly  data memory
   4 836 bytes of readwrite data memory

Errors: none
Warnings: none
