###############################################################################
#
# IAR ELF Linker V2.20.1.176 for STM8                     30/Oct/2018  17:13:44
# Copyright 2010-2015 IAR Systems AB.
#
#    Output file  =  
#        E:\1-source\5-A508_4G\A508_4G_New\PRJ\Debug\Exe\A508_4G.out
#    Map file     =  
#        E:\1-source\5-A508_4G\A508_4G_New\PRJ\Debug\List\A508_4G.map
#    Command line =  
#        E:\1-source\5-A508_4G\A508_4G_New\PRJ\Debug\Obj\ApiAtCmd.o
#        E:\1-source\5-A508_4G\A508_4G_New\PRJ\Debug\Obj\ApiBattery.o
#        E:\1-source\5-A508_4G\A508_4G_New\PRJ\Debug\Obj\ApiDelay.o
#        E:\1-source\5-A508_4G\A508_4G_New\PRJ\Debug\Obj\ApiDisplay.o
#        E:\1-source\5-A508_4G\A508_4G_New\PRJ\Debug\Obj\ApiGpsCmd.o
#        E:\1-source\5-A508_4G\A508_4G_New\PRJ\Debug\Obj\ApiKeyboard.o
#        E:\1-source\5-A508_4G\A508_4G_New\PRJ\Debug\Obj\ApiKeyCmd.o
#        E:\1-source\5-A508_4G\A508_4G_New\PRJ\Debug\Obj\ApiLED.o
#        E:\1-source\5-A508_4G\A508_4G_New\PRJ\Debug\Obj\ApiMcuVersion.o
#        E:\1-source\5-A508_4G\A508_4G_New\PRJ\Debug\Obj\ApiMenu.o
#        E:\1-source\5-A508_4G\A508_4G_New\PRJ\Debug\Obj\ApiPocCmd.o
#        E:\1-source\5-A508_4G\A508_4G_New\PRJ\Debug\Obj\ApiVoice.o
#        E:\1-source\5-A508_4G\A508_4G_New\PRJ\Debug\Obj\CommonLib.o
#        E:\1-source\5-A508_4G\A508_4G_New\PRJ\Debug\Obj\DrvBeep.o
#        E:\1-source\5-A508_4G\A508_4G_New\PRJ\Debug\Obj\DrvEeprom.o
#        E:\1-source\5-A508_4G\A508_4G_New\PRJ\Debug\Obj\DrvGT20L16S1Y.o
#        E:\1-source\5-A508_4G\A508_4G_New\PRJ\Debug\Obj\DrvHTG12832.o
#        E:\1-source\5-A508_4G\A508_4G_New\PRJ\Debug\Obj\DrvI2cAw87319.o
#        E:\1-source\5-A508_4G\A508_4G_New\PRJ\Debug\Obj\DrvKeyboard.o
#        E:\1-source\5-A508_4G\A508_4G_New\PRJ\Debug\Obj\DrvKeyscan.o
#        E:\1-source\5-A508_4G\A508_4G_New\PRJ\Debug\Obj\DrvMcuPin.o
#        E:\1-source\5-A508_4G\A508_4G_New\PRJ\Debug\Obj\DrvTone.o
#        E:\1-source\5-A508_4G\A508_4G_New\PRJ\Debug\Obj\DrvUart1.o
#        E:\1-source\5-A508_4G\A508_4G_New\PRJ\Debug\Obj\DrvUart3.o
#        E:\1-source\5-A508_4G\A508_4G_New\PRJ\Debug\Obj\DrvZM389.o
#        E:\1-source\5-A508_4G\A508_4G_New\Drv\GT20L16_STM8_DOUBLE_MEDIUM_IAR.a
#        E:\1-source\5-A508_4G\A508_4G_New\PRJ\Debug\Obj\GT20L16P1Y_D.o
#        E:\1-source\5-A508_4G\A508_4G_New\PRJ\Debug\Obj\main.o
#        E:\1-source\5-A508_4G\A508_4G_New\PRJ\Debug\Obj\stm8s_adc2.o
#        E:\1-source\5-A508_4G\A508_4G_New\PRJ\Debug\Obj\stm8s_awu.o
#        E:\1-source\5-A508_4G\A508_4G_New\PRJ\Debug\Obj\stm8s_beep.o
#        E:\1-source\5-A508_4G\A508_4G_New\PRJ\Debug\Obj\stm8s_clk.o
#        E:\1-source\5-A508_4G\A508_4G_New\PRJ\Debug\Obj\stm8s_exti.o
#        E:\1-source\5-A508_4G\A508_4G_New\PRJ\Debug\Obj\stm8s_flash.o
#        E:\1-source\5-A508_4G\A508_4G_New\PRJ\Debug\Obj\stm8s_gpio.o
#        E:\1-source\5-A508_4G\A508_4G_New\PRJ\Debug\Obj\stm8s_i2c.o
#        E:\1-source\5-A508_4G\A508_4G_New\PRJ\Debug\Obj\stm8s_it.o
#        E:\1-source\5-A508_4G\A508_4G_New\PRJ\Debug\Obj\stm8s_itc.o
#        E:\1-source\5-A508_4G\A508_4G_New\PRJ\Debug\Obj\stm8s_iwdg.o
#        E:\1-source\5-A508_4G\A508_4G_New\PRJ\Debug\Obj\stm8s_rst.o
#        E:\1-source\5-A508_4G\A508_4G_New\PRJ\Debug\Obj\stm8s_spi.o
#        E:\1-source\5-A508_4G\A508_4G_New\PRJ\Debug\Obj\stm8s_tim1.o
#        E:\1-source\5-A508_4G\A508_4G_New\PRJ\Debug\Obj\stm8s_tim2.o
#        E:\1-source\5-A508_4G\A508_4G_New\PRJ\Debug\Obj\stm8s_tim3.o
#        E:\1-source\5-A508_4G\A508_4G_New\PRJ\Debug\Obj\stm8s_tim4.o
#        E:\1-source\5-A508_4G\A508_4G_New\PRJ\Debug\Obj\stm8s_uart1.o
#        E:\1-source\5-A508_4G\A508_4G_New\PRJ\Debug\Obj\stm8s_uart3.o
#        E:\1-source\5-A508_4G\A508_4G_New\PRJ\Debug\Obj\stm8s_wwdg.o
#        E:\1-source\5-A508_4G\A508_4G_New\PRJ\Debug\Obj\sysclock.o
#        E:\1-source\5-A508_4G\A508_4G_New\PRJ\Debug\Obj\Task.o
#        E:\1-source\5-A508_4G\A508_4G_New\PRJ\Debug\Obj\UTF8toUNICODE.o
#        --redirect _Printf=_PrintfSmall --redirect _Scanf=_ScanfSmall -o
#        E:\1-source\5-A508_4G\A508_4G_New\PRJ\Debug\Exe\A508_4G.out --map
#        E:\1-source\5-A508_4G\A508_4G_New\PRJ\Debug\List\A508_4G.map --config
#        "C:\Program Files\IAR Systems\Embedded Workbench
#        7.3\stm8\config\lnkstm8s007c8.icf" --config_def _CSTACK_SIZE=0x100
#        --config_def _HEAP_SIZE=0x100 --entry __iar_program_start --debug_lib
#
###############################################################################

*******************************************************************************
*** RUNTIME MODEL ATTRIBUTES
***

__SystemLibrary            = DLib
__code_model               = medium_or_large
__core                     = stm8
__data_model               = medium
__dlib_file_descriptor     = 0
__dlib_full_locale_support = 0
__rt_version               = 4


*******************************************************************************
*** PLACEMENT SUMMARY
***

"A1":  place at start of [0x000000-0x0000ff] { rw section .vregs };
"A2":  place at end of [0x000000-0x0017ff] { block CSTACK };
"P2":  place in [from 0x000000 to 0x0017ff] {
          block HEAP, rw section __DLIB_PERTHREAD, rw section .far.bss,
          rw section .far.data, rw section .far.noinit,
          rw section .far_func.textrw, rw section .huge.bss,
          rw section .huge.data, rw section .huge.noinit,
          rw section .huge_func.textrw, rw section .iar.dynexit,
          rw section .near.bss, rw section .near.data, rw section .near.noinit,
          rw section .near_func.textrw };
"A3":  place at start of [0x008000-0x00ffff] { block INTVEC };
"P3":  place in [from 0x008000 to 0x00ffff] {
          ro section __DLIB_PERTHREAD_init, ro section .far.data_init,
          ro section .far_func.textrw_init, ro section .huge.data_init,
          ro section .huge_func.textrw_init, ro section .iar.init_table,
          ro section .init_array, ro section .near.data_init,
          ro section .near.rodata, ro section .near_func.text,
          ro section .near_func.textrw_init, ro section .tiny.data_init,
          ro section .tiny.rodata_init };
"P4":  place in [from 0x008000 to 0x00ffff repeat 2] {
          ro section .far.rodata, ro section .far_func.text };

  Section            Kind      Address    Size  Object
  -------            ----      -------    ----  ------
"A1":                                     0x10
  .vregs             uninit   0x000000    0x10  vregs.o [5]
                            - 0x000010    0x10

"P2", part 1 of 5:                       0xa24
  .near.bss          zero     0x000010   0xa24  ApiPocCmd.o [1]
                            - 0x000a34   0xa24

"P2", part 2 of 5:                       0x68c
  .near.bss          zero     0x000a34   0x68c  DrvZM389.o [1]
                            - 0x0010c0   0x68c

"P2", part 3 of 5:                       0x200
  .near.bss          zero     0x0010c0   0x200  ApiDisplay.o [1]
                            - 0x0012c0   0x200

"P2", part 4 of 5:                       0x248
  .near.bss          zero     0x0012c0    0x75  DrvUart3.o [1]
  .near.bss          zero     0x001335    0x5c  DrvKeyboard.o [1]
  .near.bss          zero     0x001391    0x4b  ApiGpsCmd.o [1]
  .near.bss          zero     0x0013dc    0x40  ApiDisplay.o [1]
  .near.bss          zero     0x00141c    0x2c  ApiAtCmd.o [1]
  .near.bss          zero     0x001448    0x29  ApiDelay.o [1]
  .near.bss          zero     0x001471    0x1d  ApiGpsCmd.o [1]
  .near.bss          zero     0x00148e    0x13  DrvKeyscan.o [1]
  .near.bss          zero     0x0014a1    0x12  DrvBeep.o [1]
  .near.bss          zero     0x0014b3    0x12  DrvTone.o [1]
  .near.bss          zero     0x0014c5     0x6  ApiGpsCmd.o [1]
  .near.bss          zero     0x0014cb     0x6  ApiVoice.o [1]
  .near.bss          zero     0x0014d1     0x4  DrvUart3.o [1]
  .near.bss          zero     0x0014d5     0x4  Task.o [1]
  .near.bss          zero     0x0014d9     0x2  ApiDelay.o [1]
  .near.bss          zero     0x0014db     0x2  ApiDelay.o [1]
  .near.bss          zero     0x0014dd     0x2  ApiDelay.o [1]
  .near.bss          zero     0x0014df     0x2  ApiDisplay.o [1]
  .near.bss          zero     0x0014e1     0x2  ApiKeyCmd.o [1]
  .near.bss          zero     0x0014e3     0x2  DrvHTG12832.o [1]
  .near.bss          zero     0x0014e5     0x2  DrvTone.o [1]
  .near.bss          zero     0x0014e7     0x1  ApiBattery.o [1]
  .near.bss          zero     0x0014e8     0x1  ApiBattery.o [1]
  .near.bss          zero     0x0014e9     0x1  ApiBattery.o [1]
  .near.bss          zero     0x0014ea     0x1  ApiBattery.o [1]
  .near.bss          zero     0x0014eb     0x1  ApiBattery.o [1]
  .near.bss          zero     0x0014ec     0x1  ApiDelay.o [1]
  .near.bss          zero     0x0014ed     0x1  ApiDelay.o [1]
  .near.bss          zero     0x0014ee     0x1  ApiGpsCmd.o [1]
  .near.bss          zero     0x0014ef     0x1  ApiKeyboard.o [1]
  .near.bss          zero     0x0014f0     0x1  ApiKeyboard.o [1]
  .near.bss          zero     0x0014f1     0x1  ApiKeyboard.o [1]
  .near.bss          zero     0x0014f2     0x1  ApiKeyboard.o [1]
  .near.bss          zero     0x0014f3     0x1  ApiKeyboard.o [1]
  .near.bss          zero     0x0014f4     0x1  ApiKeyboard.o [1]
  .near.bss          zero     0x0014f5     0x1  ApiKeyboard.o [1]
  .near.bss          zero     0x0014f6     0x1  ApiKeyboard.o [1]
  .near.bss          zero     0x0014f7     0x1  ApiKeyboard.o [1]
  .near.bss          zero     0x0014f8     0x1  ApiKeyboard.o [1]
  .near.bss          zero     0x0014f9     0x1  ApiKeyboard.o [1]
  .near.bss          zero     0x0014fa     0x1  ApiLED.o [1]
  .near.bss          zero     0x0014fb     0x1  ApiMenu.o [1]
  .near.bss          zero     0x0014fc     0x1  ApiMenu.o [1]
  .near.bss          zero     0x0014fd     0x1  ApiMenu.o [1]
  .near.bss          zero     0x0014fe     0x1  ApiMenu.o [1]
  .near.bss          zero     0x0014ff     0x1  ApiMenu.o [1]
  .near.bss          zero     0x001500     0x1  ApiMenu.o [1]
  .near.bss          zero     0x001501     0x1  ApiMenu.o [1]
  .near.bss          zero     0x001502     0x1  ApiMenu.o [1]
  .near.bss          zero     0x001503     0x1  DrvTone.o [1]
  .near.bss          zero     0x001504     0x1  DrvUart3.o [1]
  .near.bss          zero     0x001505     0x1  DrvZM389.o [1]
  .near.bss          zero     0x001506     0x1  stm8s_it.o [1]
  .near.bss          zero     0x001507     0x1  Task.o [1]
                            - 0x001508   0x248

"P2", part 5 of 5:                       0x135
  P2-1                        0x001508   0x135  <Init block>
    .near.data       inited   0x001508     0x2  ApiAtCmd.o [1]
    .near.data       inited   0x00150a     0x2  ApiAtCmd.o [1]
    .near.data       inited   0x00150c     0x2  ApiAtCmd.o [1]
    .near.data       inited   0x00150e     0x2  ApiAtCmd.o [1]
    .near.data       inited   0x001510     0x2  ApiAtCmd.o [1]
    .near.data       inited   0x001512     0x2  ApiAtCmd.o [1]
    .near.data       inited   0x001514     0x2  ApiAtCmd.o [1]
    .near.data       inited   0x001516     0x2  ApiAtCmd.o [1]
    .near.data       inited   0x001518     0x2  ApiAtCmd.o [1]
    .near.data       inited   0x00151a     0x2  ApiAtCmd.o [1]
    .near.data       inited   0x00151c     0x2  ApiAtCmd.o [1]
    .near.data       inited   0x00151e     0x2  ApiAtCmd.o [1]
    .near.data       inited   0x001520     0x2  ApiAtCmd.o [1]
    .near.data       inited   0x001522     0x2  ApiAtCmd.o [1]
    .near.data       inited   0x001524     0x2  ApiAtCmd.o [1]
    .near.data       inited   0x001526     0x2  ApiAtCmd.o [1]
    .near.data       inited   0x001528     0x2  ApiAtCmd.o [1]
    .near.data       inited   0x00152a     0x2  ApiAtCmd.o [1]
    .near.data       inited   0x00152c     0x2  ApiAtCmd.o [1]
    .near.data       inited   0x00152e     0x2  ApiAtCmd.o [1]
    .near.data       inited   0x001530     0x2  ApiAtCmd.o [1]
    .near.data       inited   0x001532     0x2  ApiAtCmd.o [1]
    .near.data       inited   0x001534     0x2  ApiAtCmd.o [1]
    .near.data       inited   0x001536     0x2  ApiAtCmd.o [1]
    .near.data       inited   0x001538     0x2  ApiAtCmd.o [1]
    .near.data       inited   0x00153a     0x2  ApiAtCmd.o [1]
    .near.data       inited   0x00153c     0x2  ApiAtCmd.o [1]
    .near.data       inited   0x00153e     0x2  ApiAtCmd.o [1]
    .near.data       inited   0x001540     0x2  ApiAtCmd.o [1]
    .near.data       inited   0x001542     0x2  ApiAtCmd.o [1]
    .near.data       inited   0x001544     0x2  ApiAtCmd.o [1]
    .near.data       inited   0x001546     0x2  ApiAtCmd.o [1]
    .near.data       inited   0x001548     0x2  ApiAtCmd.o [1]
    .near.data       inited   0x00154a     0x2  ApiAtCmd.o [1]
    .near.data       inited   0x00154c     0x2  ApiAtCmd.o [1]
    .near.data       inited   0x00154e     0x2  ApiAtCmd.o [1]
    .near.data       inited   0x001550     0x2  ApiAtCmd.o [1]
    .near.data       inited   0x001552     0x2  ApiAtCmd.o [1]
    .near.data       inited   0x001554     0x2  ApiAtCmd.o [1]
    .near.data       inited   0x001556     0x2  ApiDisplay.o [1]
    .near.data       inited   0x001558     0x2  ApiDisplay.o [1]
    .near.data       inited   0x00155a     0x2  ApiDisplay.o [1]
    .near.data       inited   0x00155c     0x2  ApiDisplay.o [1]
    .near.data       inited   0x00155e     0x2  ApiDisplay.o [1]
    .near.data       inited   0x001560     0x2  ApiDisplay.o [1]
    .near.data       inited   0x001562     0x2  ApiDisplay.o [1]
    .near.data       inited   0x001564     0x2  ApiDisplay.o [1]
    .near.data       inited   0x001566     0x2  ApiDisplay.o [1]
    .near.data       inited   0x001568     0x2  ApiDisplay.o [1]
    .near.data       inited   0x00156a     0x2  ApiDisplay.o [1]
    .near.data       inited   0x00156c     0x2  ApiDisplay.o [1]
    .near.data       inited   0x00156e     0x2  ApiDisplay.o [1]
    .near.data       inited   0x001570     0x2  ApiDisplay.o [1]
    .near.data       inited   0x001572     0x2  ApiDisplay.o [1]
    .near.data       inited   0x001574     0x2  ApiDisplay.o [1]
    .near.data       inited   0x001576     0x2  ApiDisplay.o [1]
    .near.data       inited   0x001578     0x2  ApiDisplay.o [1]
    .near.data       inited   0x00157a     0x2  ApiDisplay.o [1]
    .near.data       inited   0x00157c     0x2  ApiDisplay.o [1]
    .near.data       inited   0x00157e     0x2  ApiDisplay.o [1]
    .near.data       inited   0x001580     0x2  ApiDisplay.o [1]
    .near.data       inited   0x001582     0x2  ApiDisplay.o [1]
    .near.data       inited   0x001584     0x2  ApiDisplay.o [1]
    .near.data       inited   0x001586     0x2  ApiDisplay.o [1]
    .near.data       inited   0x001588     0x2  ApiDisplay.o [1]
    .near.data       inited   0x00158a     0x2  ApiDisplay.o [1]
    .near.data       inited   0x00158c     0x2  ApiDisplay.o [1]
    .near.data       inited   0x00158e     0x2  ApiDisplay.o [1]
    .near.data       inited   0x001590     0x2  ApiDisplay.o [1]
    .near.data       inited   0x001592     0x2  ApiDisplay.o [1]
    .near.data       inited   0x001594     0x2  ApiDisplay.o [1]
    .near.data       inited   0x001596     0x2  ApiDisplay.o [1]
    .near.data       inited   0x001598     0x2  ApiDisplay.o [1]
    .near.data       inited   0x00159a     0x1  ApiKeyboard.o [1]
    .near.data       inited   0x00159b     0x1  ApiKeyboard.o [1]
    .near.data       inited   0x00159c     0x1  ApiKeyboard.o [1]
    .near.data       inited   0x00159d     0x2  ApiPocCmd.o [1]
    .near.data       inited   0x00159f     0x2  ApiPocCmd.o [1]
    .near.data       inited   0x0015a1     0x2  ApiPocCmd.o [1]
    .near.data       inited   0x0015a3     0x2  ApiPocCmd.o [1]
    .near.data       inited   0x0015a5     0x2  ApiPocCmd.o [1]
    .near.data       inited   0x0015a7     0x2  ApiPocCmd.o [1]
    .near.data       inited   0x0015a9     0x2  ApiPocCmd.o [1]
    .near.data       inited   0x0015ab     0x2  ApiPocCmd.o [1]
    .near.data       inited   0x0015ad     0x2  ApiPocCmd.o [1]
    .near.data       inited   0x0015af     0x2  ApiPocCmd.o [1]
    .near.data       inited   0x0015b1     0x2  ApiPocCmd.o [1]
    .near.data       inited   0x0015b3     0x2  ApiPocCmd.o [1]
    .near.data       inited   0x0015b5     0x2  ApiPocCmd.o [1]
    .near.data       inited   0x0015b7     0x2  ApiVoice.o [1]
    .near.data       inited   0x0015b9     0x2  ApiVoice.o [1]
    .near.data       inited   0x0015bb     0x2  ApiVoice.o [1]
    .near.data       inited   0x0015bd     0x2  ApiVoice.o [1]
    .near.data       inited   0x0015bf     0x2  ApiVoice.o [1]
    .near.data       inited   0x0015c1     0x2  ApiVoice.o [1]
    .near.data       inited   0x0015c3     0x2  ApiVoice.o [1]
    .near.data       inited   0x0015c5     0x2  ApiVoice.o [1]
    .near.data       inited   0x0015c7     0x2  ApiVoice.o [1]
    .near.data       inited   0x0015c9     0x2  ApiVoice.o [1]
    .near.data       inited   0x0015cb     0x2  ApiVoice.o [1]
    .near.data       inited   0x0015cd     0x2  ApiVoice.o [1]
    .near.data       inited   0x0015cf     0x2  ApiVoice.o [1]
    .near.data       inited   0x0015d1     0x2  ApiVoice.o [1]
    .near.data       inited   0x0015d3     0x2  ApiVoice.o [1]
    .near.data       inited   0x0015d5     0x2  ApiVoice.o [1]
    .near.data       inited   0x0015d7     0x2  ApiVoice.o [1]
    .near.data       inited   0x0015d9     0x2  ApiVoice.o [1]
    .near.data       inited   0x0015db     0x2  ApiVoice.o [1]
    .near.data       inited   0x0015dd     0x2  ApiVoice.o [1]
    .near.data       inited   0x0015df     0x2  ApiVoice.o [1]
    .near.data       inited   0x0015e1     0x2  ApiVoice.o [1]
    .near.data       inited   0x0015e3     0x2  ApiVoice.o [1]
    .near.data       inited   0x0015e5     0x2  ApiVoice.o [1]
    .near.data       inited   0x0015e7     0x2  ApiVoice.o [1]
    .near.data       inited   0x0015e9     0x2  ApiVoice.o [1]
    .near.data       inited   0x0015eb     0x2  ApiVoice.o [1]
    .near.data       inited   0x0015ed     0x2  ApiVoice.o [1]
    .near.data       inited   0x0015ef     0x2  ApiVoice.o [1]
    .near.data       inited   0x0015f1     0x2  ApiVoice.o [1]
    .near.data       inited   0x0015f3     0x2  ApiVoice.o [1]
    .near.data       inited   0x0015f5     0x2  ApiVoice.o [1]
    .near.data       inited   0x0015f7     0x2  ApiVoice.o [1]
    .near.data       inited   0x0015f9     0x2  ApiVoice.o [1]
    .near.data       inited   0x0015fb     0x2  ApiVoice.o [1]
    .near.data       inited   0x0015fd     0x2  ApiVoice.o [1]
    .near.data       inited   0x0015ff     0x2  ApiVoice.o [1]
    .near.data       inited   0x001601     0x2  ApiVoice.o [1]
    .near.data       inited   0x001603     0x2  ApiVoice.o [1]
    .near.data       inited   0x001605     0x2  ApiVoice.o [1]
    .near.data       inited   0x001607     0x2  ApiVoice.o [1]
    .near.data       inited   0x001609     0x2  ApiVoice.o [1]
    .near.data       inited   0x00160b     0x2  ApiVoice.o [1]
    .near.data       inited   0x00160d     0x2  ApiVoice.o [1]
    .near.data       inited   0x00160f     0x2  ApiVoice.o [1]
    .near.data       inited   0x001611     0x2  ApiVoice.o [1]
    .near.data       inited   0x001613     0x2  ApiVoice.o [1]
    .near.data       inited   0x001615     0x2  ApiVoice.o [1]
    .near.data       inited   0x001617     0x2  ApiVoice.o [1]
    .near.data       inited   0x001619     0x2  ApiVoice.o [1]
    .near.data       inited   0x00161b     0x2  ApiVoice.o [1]
    .near.data       inited   0x00161d     0x2  ApiVoice.o [1]
    .near.data       inited   0x00161f     0x2  ApiVoice.o [1]
    .near.data       inited   0x001621     0x2  ApiVoice.o [1]
    .near.data       inited   0x001623     0x2  ApiVoice.o [1]
    .near.data       inited   0x001625     0x2  ApiVoice.o [1]
    .near.data       inited   0x001627     0x2  ApiVoice.o [1]
    .near.data       inited   0x001629     0x2  ApiVoice.o [1]
    .near.data       inited   0x00162b     0x2  ApiVoice.o [1]
    .near.data       inited   0x00162d     0x2  ApiVoice.o [1]
    .near.data       inited   0x00162f     0x2  ApiVoice.o [1]
    .near.data       inited   0x001631     0x2  ApiVoice.o [1]
    .near.data       inited   0x001633     0x2  DrvZM389.o [1]
    .near.data       inited   0x001635     0x2  DrvZM389.o [1]
    .near.data       inited   0x001637     0x2  DrvZM389.o [1]
    .near.data       inited   0x001639     0x2  DrvZM389.o [1]
    .near.data       inited   0x00163b     0x2  Task.o [1]
                            - 0x00163d   0x135

"A2":                                    0x100
  CSTACK                      0x001700   0x100  <Block>
    CSTACK           uninit   0x001700   0x100  <Block tail>
                            - 0x001800   0x100

"A3":                                     0x80
  INTVEC                      0x008000    0x80  <Block>
    .intvec          const    0x008000    0x80  interrupt.o [5]
                            - 0x008080    0x80

"P3":                                   0x3467
  .near.rodata       const    0x008080  0x1b00  GT20L16P1Y_D.o [1]
  .near.rodata       const    0x009b80   0x400  ApiDisplay.o [1]
  .near.rodata       const    0x009f80   0x1b0  GT20L16P1Y_D.o [1]
  .near.rodata       const    0x00a130   0x1b0  GT20L16P1Y_D.o [1]
  Initializer bytes  const    0x00a2e0   0x135  <for P2-1>
  .near.rodata       const    0x00a415    0x65  ApiVoice.o [1]
  .near.rodata       const    0x00a47a    0x5d  ApiVoice.o [1]
  .near.rodata       const    0x00a4d7    0x59  ApiVoice.o [1]
  .near.rodata       const    0x00a530    0x55  ApiVoice.o [1]
  .near.rodata       const    0x00a585    0x51  ApiVoice.o [1]
  .near.rodata       const    0x00a5d6    0x51  ApiVoice.o [1]
  .near.rodata       const    0x00a627    0x4d  ApiVoice.o [1]
  .near.rodata       const    0x00a674    0x4d  ApiVoice.o [1]
  .near.rodata       const    0x00a6c1    0x4d  ApiVoice.o [1]
  .near.rodata       const    0x00a70e    0x49  ApiVoice.o [1]
  .near.rodata       const    0x00a757    0x49  ApiVoice.o [1]
  .near.rodata       const    0x00a7a0    0x49  ApiVoice.o [1]
  .near.rodata       const    0x00a7e9    0x45  ApiVoice.o [1]
  .near_func.text    const    0x00a82e    0x40  ApiDisplay.o [1]
  .near.rodata       const    0x00a86e    0x3e  GT20L16P1Y.o [3]
  .near.rodata       const    0x00a8ac    0x3d  ApiVoice.o [1]
  .near.rodata       const    0x00a8e9    0x39  ApiVoice.o [1]
  .near.rodata       const    0x00a922    0x39  ApiVoice.o [1]
  .near.rodata       const    0x00a95b    0x39  ApiVoice.o [1]
  .near.rodata       const    0x00a994    0x35  ApiVoice.o [1]
  .near.rodata       const    0x00a9c9    0x35  ApiVoice.o [1]
  .near.rodata       const    0x00a9fe    0x2e  ApiVoice.o [1]
  .near.rodata       const    0x00aa2c    0x2d  ApiVoice.o [1]
  .near.rodata       const    0x00aa59    0x2d  ApiVoice.o [1]
  .near.rodata       const    0x00aa86    0x2d  ApiVoice.o [1]
  .near.rodata       const    0x00aab3    0x29  ApiAtCmd.o [1]
  .near.rodata       const    0x00aadc    0x29  ApiVoice.o [1]
  .near.rodata       const    0x00ab05    0x29  ApiVoice.o [1]
  .near.rodata       const    0x00ab2e    0x29  ApiVoice.o [1]
  .near.rodata       const    0x00ab57    0x25  ApiVoice.o [1]
  .near.rodata       const    0x00ab7c    0x25  ApiVoice.o [1]
  .near.rodata       const    0x00aba1    0x25  ApiVoice.o [1]
  .near.rodata       const    0x00abc6    0x21  ApiVoice.o [1]
  .near.rodata       const    0x00abe7    0x21  ApiVoice.o [1]
  .near.rodata       const    0x00ac08    0x21  ApiVoice.o [1]
  .near.rodata       const    0x00ac29    0x21  ApiVoice.o [1]
  .near.rodata       const    0x00ac4a    0x21  ApiVoice.o [1]
  .iar.init_table    const    0x00ac6b    0x20  - Linker created -
  .near.rodata       const    0x00ac8b    0x20  ApiAtCmd.o [1]
  .near.rodata       const    0x00acab    0x20  ApiMcuVersion.o [1]
  .near.rodata       const    0x00accb    0x1d  ApiAtCmd.o [1]
  .near.rodata       const    0x00ace8    0x1d  ApiVoice.o [1]
  .near.rodata       const    0x00ad05    0x1d  ApiVoice.o [1]
  .near.rodata       const    0x00ad22    0x1d  ApiVoice.o [1]
  .near.rodata       const    0x00ad3f    0x1d  ApiVoice.o [1]
  .near.rodata       const    0x00ad5c    0x1d  ApiVoice.o [1]
  .near.rodata       const    0x00ad79    0x1d  ApiVoice.o [1]
  .near.rodata       const    0x00ad96    0x1d  ApiVoice.o [1]
  .near.rodata       const    0x00adb3    0x1d  ApiVoice.o [1]
  .near.rodata       const    0x00add0    0x1a  ApiAtCmd.o [1]
  .near.rodata       const    0x00adea    0x19  ApiVoice.o [1]
  .near.rodata       const    0x00ae03    0x19  ApiVoice.o [1]
  .near.rodata       const    0x00ae1c    0x16  ApiAtCmd.o [1]
  .near.rodata       const    0x00ae32    0x16  ApiAtCmd.o [1]
  .near.rodata       const    0x00ae48    0x15  ApiAtCmd.o [1]
  .near.rodata       const    0x00ae5d    0x15  ApiAtCmd.o [1]
  .near.rodata       const    0x00ae72    0x15  ApiVoice.o [1]
  .near.rodata       const    0x00ae87    0x15  ApiVoice.o [1]
  .near.rodata       const    0x00ae9c    0x15  ApiVoice.o [1]
  .near.rodata       const    0x00aeb1    0x12  Task.o [1]
  .near.rodata       const    0x00aec3    0x11  ApiDisplay.o [1]
  .near.rodata       const    0x00aed4    0x11  ApiDisplay.o [1]
  .near.rodata       const    0x00aee5    0x11  ApiDisplay.o [1]
  .near.rodata       const    0x00aef6    0x11  ApiDisplay.o [1]
  .near.rodata       const    0x00af07    0x11  ApiDisplay.o [1]
  .near.rodata       const    0x00af18    0x11  ApiDisplay.o [1]
  .near.rodata       const    0x00af29    0x11  ApiDisplay.o [1]
  .near.rodata       const    0x00af3a    0x11  ApiDisplay.o [1]
  .near.rodata       const    0x00af4b    0x11  ApiDisplay.o [1]
  .near.rodata       const    0x00af5c    0x11  ApiDisplay.o [1]
  .near.rodata       const    0x00af6d    0x11  ApiDisplay.o [1]
  .near.rodata       const    0x00af7e    0x11  ApiDisplay.o [1]
  .near.rodata       const    0x00af8f    0x11  ApiDisplay.o [1]
  .near.rodata       const    0x00afa0    0x11  ApiDisplay.o [1]
  .near.rodata       const    0x00afb1    0x11  ApiDisplay.o [1]
  .near.rodata       const    0x00afc2    0x11  ApiDisplay.o [1]
  .near.rodata       const    0x00afd3    0x11  ApiDisplay.o [1]
  .near.rodata       const    0x00afe4    0x11  ApiDisplay.o [1]
  .near.rodata       const    0x00aff5    0x11  ApiDisplay.o [1]
  .near.rodata       const    0x00b006    0x11  ApiDisplay.o [1]
  .near.rodata       const    0x00b017    0x11  ApiDisplay.o [1]
  .near.rodata       const    0x00b028    0x11  ApiDisplay.o [1]
  .near.rodata       const    0x00b039    0x11  ApiDisplay.o [1]
  .near.rodata       const    0x00b04a    0x11  ApiDisplay.o [1]
  .near.rodata       const    0x00b05b    0x11  ApiDisplay.o [1]
  .near.rodata       const    0x00b06c    0x11  ApiDisplay.o [1]
  .near.rodata       const    0x00b07d    0x11  ApiDisplay.o [1]
  .near.rodata       const    0x00b08e    0x11  ApiDisplay.o [1]
  .near.rodata       const    0x00b09f    0x11  ApiDisplay.o [1]
  .near.rodata       const    0x00b0b0    0x11  ApiDisplay.o [1]
  .near.rodata       const    0x00b0c1    0x11  ApiDisplay.o [1]
  .near.rodata       const    0x00b0d2    0x11  ApiDisplay.o [1]
  .near.rodata       const    0x00b0e3    0x11  ApiKeyboard.o [1]
  .near.rodata       const    0x00b0f4    0x11  ApiKeyCmd.o [1]
  .near.rodata       const    0x00b105    0x11  ApiMcuVersion.o [1]
  .near.rodata       const    0x00b116    0x11  ApiMenu.o [1]
  .near.rodata       const    0x00b127    0x11  ApiMenu.o [1]
  .near.rodata       const    0x00b138    0x11  ApiMenu.o [1]
  .near.rodata       const    0x00b149    0x11  ApiMenu.o [1]
  .near.rodata       const    0x00b15a    0x11  ApiMenu.o [1]
  .near.rodata       const    0x00b16b    0x11  ApiMenu.o [1]
  .near.rodata       const    0x00b17c    0x11  ApiMenu.o [1]
  .near.rodata       const    0x00b18d    0x11  ApiMenu.o [1]
  .near.rodata       const    0x00b19e    0x11  ApiPocCmd.o [1]
  .near.rodata       const    0x00b1af    0x11  ApiPocCmd.o [1]
  .near.rodata       const    0x00b1c0    0x11  ApiVoice.o [1]
  .near.rodata       const    0x00b1d1    0x11  ApiVoice.o [1]
  .near.rodata       const    0x00b1e2    0x11  ApiVoice.o [1]
  .near.rodata       const    0x00b1f3    0x11  ApiVoice.o [1]
  .near.rodata       const    0x00b204    0x11  ApiVoice.o [1]
  .near.rodata       const    0x00b215    0x11  ApiVoice.o [1]
  .near.rodata       const    0x00b226    0x11  ApiVoice.o [1]
  .near.rodata       const    0x00b237    0x11  ApiVoice.o [1]
  .near.rodata       const    0x00b248    0x11  CommonLib.o [1]
  .near.rodata       const    0x00b259    0x11  Task.o [1]
  .near.rodata       const    0x00b26a    0x10  ApiDelay.o [1]
  .near.rodata       const    0x00b27a    0x10  ApiDisplay.o [1]
  .near.rodata       const    0x00b28a    0x10  ApiDisplay.o [1]
  .near.rodata       const    0x00b29a    0x10  DrvUart3.o [1]
  .near.rodata       const    0x00b2aa     0xf  ApiPocCmd.o [1]
  .near.rodata       const    0x00b2b9     0xe  ApiAtCmd.o [1]
  .near.rodata       const    0x00b2c7     0xe  ApiAtCmd.o [1]
  .near.rodata       const    0x00b2d5     0xd  ApiAtCmd.o [1]
  .near.rodata       const    0x00b2e2     0xd  ApiAtCmd.o [1]
  .near.rodata       const    0x00b2ef     0xd  ApiAtCmd.o [1]
  .near.rodata       const    0x00b2fc     0xd  ApiPocCmd.o [1]
  .near.rodata       const    0x00b309     0xd  ApiVoice.o [1]
  .near.rodata       const    0x00b316     0xd  ApiVoice.o [1]
  .near.rodata       const    0x00b323     0xd  ApiVoice.o [1]
  .near.rodata       const    0x00b330     0xd  ApiVoice.o [1]
  .near.rodata       const    0x00b33d     0xc  ApiAtCmd.o [1]
  .near.rodata       const    0x00b349     0xc  ApiAtCmd.o [1]
  .near.rodata       const    0x00b355     0xc  ApiAtCmd.o [1]
  .near.rodata       const    0x00b361     0xb  ApiAtCmd.o [1]
  .near.rodata       const    0x00b36c     0xb  ApiAtCmd.o [1]
  .near.rodata       const    0x00b377     0xb  ApiAtCmd.o [1]
  .near.rodata       const    0x00b382     0xb  ApiAtCmd.o [1]
  .near.rodata       const    0x00b38d     0xb  ApiPocCmd.o [1]
  .near.rodata       const    0x00b398     0xa  ApiAtCmd.o [1]
  .near.rodata       const    0x00b3a2     0xa  ApiAtCmd.o [1]
  .near.rodata       const    0x00b3ac     0xa  ApiAtCmd.o [1]
  .near.rodata       const    0x00b3b6     0xa  ApiAtCmd.o [1]
  .near.rodata       const    0x00b3c0     0xa  ApiAtCmd.o [1]
  .near.rodata       const    0x00b3ca     0xa  ApiAtCmd.o [1]
  .near.rodata       const    0x00b3d4     0x9  ApiAtCmd.o [1]
  .near.rodata       const    0x00b3dd     0x9  ApiAtCmd.o [1]
  .near.rodata       const    0x00b3e6     0x9  ApiAtCmd.o [1]
  .near.rodata       const    0x00b3ef     0x9  ApiPocCmd.o [1]
  .near.rodata       const    0x00b3f8     0x9  DrvZM389.o [1]
  .near.rodata       const    0x00b401     0x8  ApiAtCmd.o [1]
  .near.rodata       const    0x00b409     0x8  ApiAtCmd.o [1]
  .near.rodata       const    0x00b411     0x8  ApiAtCmd.o [1]
  .near.rodata       const    0x00b419     0x8  ApiDisplay.o [1]
  .near.rodata       const    0x00b421     0x8  ApiPocCmd.o [1]
  .near.rodata       const    0x00b429     0x7  ApiAtCmd.o [1]
  .near.rodata       const    0x00b430     0x7  ApiAtCmd.o [1]
  .near.rodata       const    0x00b437     0x7  ApiAtCmd.o [1]
  .near.rodata       const    0x00b43e     0x7  ApiPocCmd.o [1]
  .near.rodata       const    0x00b445     0x7  ApiPocCmd.o [1]
  .near.rodata       const    0x00b44c     0x7  ApiPocCmd.o [1]
  .near.rodata       const    0x00b453     0x7  ApiPocCmd.o [1]
  .near.rodata       const    0x00b45a     0x7  ApiPocCmd.o [1]
  .near.rodata       const    0x00b461     0x7  ApiPocCmd.o [1]
  .near.rodata       const    0x00b468     0x7  ApiPocCmd.o [1]
  .near.rodata       const    0x00b46f     0x7  ApiPocCmd.o [1]
  .near.rodata       const    0x00b476     0x7  ApiPocCmd.o [1]
  .near.rodata       const    0x00b47d     0x7  DrvZM389.o [1]
  .near.rodata       const    0x00b484     0x6  ApiAtCmd.o [1]
  .near.rodata       const    0x00b48a     0x6  ApiAtCmd.o [1]
  .near.rodata       const    0x00b490     0x6  DrvZM389.o [1]
  .near.rodata       const    0x00b496     0x5  ApiAtCmd.o [1]
  .near.rodata       const    0x00b49b     0x4  ApiDisplay.o [1]
  .near.rodata       const    0x00b49f     0x4  ApiDisplay.o [1]
  .near.rodata       const    0x00b4a3     0x4  ApiDisplay.o [1]
  .near.rodata       const    0x00b4a7     0x4  ApiDisplay.o [1]
  .near.rodata       const    0x00b4ab     0x4  ApiDisplay.o [1]
  .near.rodata       const    0x00b4af     0x4  ApiMenu.o [1]
  .near.rodata       const    0x00b4b3     0x4  ApiMenu.o [1]
  .near.rodata       const    0x00b4b7     0x4  ApiMenu.o [1]
  .near.rodata       const    0x00b4bb     0x4  ApiMenu.o [1]
  .near.rodata       const    0x00b4bf     0x4  ApiMenu.o [1]
  .near.rodata       const    0x00b4c3     0x4  ApiMenu.o [1]
  .near.rodata       const    0x00b4c7     0x4  ApiMenu.o [1]
  .near.rodata       const    0x00b4cb     0x4  ApiPocCmd.o [1]
  .near.rodata       const    0x00b4cf     0x4  DrvUart3.o [1]
  .near.rodata       const    0x00b4d3     0x4  DrvUart3.o [1]
  .near.rodata       const    0x00b4d7     0x4  stm8s_clk.o [1]
  .near.rodata       const    0x00b4db     0x3  ApiPocCmd.o [1]
  .near.rodata       const    0x00b4de     0x3  DrvUart3.o [1]
  .near.rodata       const    0x00b4e1     0x3  DrvUart3.o [1]
  .near.rodata       const    0x00b4e4     0x3  DrvZM389.o [1]
                            - 0x00b4e7  0x3467

"P4", part 1 of 2:                      0x4ac4
  .far_func.text     ro code  0x00b4e7   0xcc8  ApiPocCmd.o [1]
  .far_func.text     ro code  0x00c1af   0x910  ApiKeyboard.o [1]
  .far_func.text     ro code  0x00cabf   0x886  ApiDelay.o [1]
  .far_func.text     ro code  0x00d345   0x823  DrvZM389.o [1]
  .far_func.text     ro code  0x00db68   0x7c0  ApiPocCmd.o [1]
  .far_func.text     ro code  0x00e328   0x787  ApiVoice.o [1]
  .far_func.text     ro code  0x00eaaf   0x6d1  ApiDisplay.o [1]
  .far_func.text     ro code  0x00f180    0xa2  ApiKeyboard.o [1]
  .far_func.text     ro code  0x00f222    0xa2  stm8s_clk.o [1]
  .far_func.text     ro code  0x00f2c4    0x9d  ApiLED.o [1]
  .far_func.text     ro code  0x00f361    0x99  ApiAtCmd.o [1]
  .far_func.text     ro code  0x00f3fa    0x99  stm8s_tim1.o [1]
  .far_func.text     ro code  0x00f493    0x96  DrvKeyboard.o [1]
  .far_func.text     ro code  0x00f529    0x95  DrvUart3.o [1]
  .far_func.text     ro code  0x00f5be    0x92  stm8s_uart1.o [1]
  .far_func.text     ro code  0x00f650    0x8f  DrvUart3.o [1]
  .far_func.text     ro code  0x00f6df    0x8d  DrvTone.o [1]
  .far_func.text     ro code  0x00f76c    0x8d  stm8s_uart3.o [1]
  .far_func.text     ro code  0x00f7f9    0x88  ApiDisplay.o [1]
  .far_func.text     ro code  0x00f881    0x83  ApiAtCmd.o [1]
  .far_func.text     ro code  0x00f904    0x82  stm8s_adc2.o [1]
  .far_func.text     ro code  0x00f986    0x80  DrvZM389.o [1]
  .far_func.text     ro code  0x00fa06    0x7f  main.o [1]
  .far_func.text     ro code  0x00fa85    0x7d  ApiDisplay.o [1]
  .far_func.text     ro code  0x00fb02    0x79  ApiAtCmd.o [1]
  .far_func.text     ro code  0x00fb7b    0x75  ApiGpsCmd.o [1]
  .far_func.text     ro code  0x00fbf0    0x73  ApiDelay.o [1]
  .far_func.text     ro code  0x00fc63    0x72  DrvKeyboard.o [1]
  .far_func.text     ro code  0x00fcd5    0x72  long_util.o [5]
  .far_func.text     ro code  0x00fd47    0x25  move.o [5]
  .far_func.text     ro code  0x00fd6c    0x24  stm8s_tim1.o [1]
  .far_func.text     ro code  0x00fd90    0x24  Task.o [1]
  .far_func.text     ro code  0x00fdb4    0x22  ApiBattery.o [1]
  .far_func.text     ro code  0x00fdd6    0x21  ApiMenu.o [1]
  .far_func.text     ro code  0x00fdf7    0x21  stm8s_adc2.o [1]
  .far_func.text     ro code  0x00fe18    0x20  ApiMcuVersion.o [1]
  .far_func.text     ro code  0x00fe38    0x1f  sysclock.o [1]
  .far_func.text     ro code  0x00fe57    0x1e  init.o [5]
  .far_func.text     ro code  0x00fe75    0x1e  init_small.o [5]
  .far_func.text     ro code  0x00fe93    0x1c  ApiDelay.o [1]
  .far_func.text     ro code  0x00feaf    0x1c  DrvBeep.o [1]
  .far_func.text     ro code  0x00fecb    0x1b  stm8s_it.o [1]
  .far_func.text     ro code  0x00fee6    0x19  DrvMcuPin.o [1]
  .far_func.text     ro code  0x00feff    0x19  DrvMcuPin.o [1]
  .far_func.text     ro code  0x00ff18    0x19  DrvMcuPin.o [1]
  .far_func.text     ro code  0x00ff31    0x19  DrvMcuPin.o [1]
  .far_func.text     ro code  0x00ff4a    0x18  ApiKeyboard.o [1]
  .far_func.text     ro code  0x00ff62    0x18  ApiKeyboard.o [1]
  .far_func.text     ro code  0x00ff7a     0x4  stm8s_uart1.o [1]
  .far_func.text     ro code  0x00ff7e     0x4  stm8s_uart3.o [1]
  .far_func.text     ro code  0x00ff82     0x4  stm8s_uart3.o [1]
  .far_func.text     ro code  0x00ff86     0x4  interrupt.o [5]
  .far_func.text     ro code  0x00ff8a     0x4  exit.o [5]
  .far_func.text     ro code  0x00ff8e     0x3  low_level_init.o [5]
  .far_func.text     ro code  0x00ff91     0x3  unhandled_exception.o [5]
  .far_func.text     ro code  0x00ff94     0x1  ApiAtCmd.o [1]
  .far_func.text     ro code  0x00ff95     0x1  ApiMcuVersion.o [1]
  .far_func.text     ro code  0x00ff96     0x1  stm8s_it.o [1]
  .far_func.text     ro code  0x00ff97     0x1  stm8s_it.o [1]
  .far_func.text     ro code  0x00ff98     0x1  stm8s_it.o [1]
  .far_func.text     ro code  0x00ff99     0x1  stm8s_it.o [1]
  .far_func.text     ro code  0x00ff9a     0x1  stm8s_it.o [1]
  .far_func.text     ro code  0x00ff9b     0x1  stm8s_it.o [1]
  .far_func.text     ro code  0x00ff9c     0x1  stm8s_it.o [1]
  .far_func.text     ro code  0x00ff9d     0x1  stm8s_it.o [1]
  .far_func.text     ro code  0x00ff9e     0x1  stm8s_it.o [1]
  .far_func.text     ro code  0x00ff9f     0x1  stm8s_it.o [1]
  .far_func.text     ro code  0x00ffa0     0x1  stm8s_it.o [1]
  .far_func.text     ro code  0x00ffa1     0x1  stm8s_it.o [1]
  .far_func.text     ro code  0x00ffa2     0x1  stm8s_it.o [1]
  .far_func.text     ro code  0x00ffa3     0x1  stm8s_it.o [1]
  .far_func.text     ro code  0x00ffa4     0x1  stm8s_it.o [1]
  .far_func.text     ro code  0x00ffa5     0x1  stm8s_it.o [1]
  .far_func.text     ro code  0x00ffa6     0x1  stm8s_it.o [1]
  .far_func.text     ro code  0x00ffa7     0x1  stm8s_it.o [1]
  .far_func.text     ro code  0x00ffa8     0x1  stm8s_it.o [1]
  .far_func.text     ro code  0x00ffa9     0x1  stm8s_it.o [1]
  .far_func.text     ro code  0x00ffaa     0x1  __dbg_break.o [4]
                            - 0x00ffab  0x4ac4

"P4", part 2 of 2:                      0x7ef7
  .far_func.text     ro code  0x010000   0x5d2  DrvKeyboard.o [1]
  .far_func.text     ro code  0x0105d2   0x30f  DrvBeep.o [1]
  .far_func.text     ro code  0x0108e1   0x307  ApiAtCmd.o [1]
  .far_func.text     ro code  0x010be8   0x2cd  GT20L16P1Y.o [3]
  .far_func.text     ro code  0x010eb5   0x2be  ApiAtCmd.o [1]
  .far_func.text     ro code  0x011173   0x2b8  ApiBattery.o [1]
  .far_func.text     ro code  0x01142b   0x25e  ApiAtCmd.o [1]
  .far_func.text     ro code  0x011689   0x25a  ApiPocCmd.o [1]
  .far_func.text     ro code  0x0118e3   0x25a  ApiPocCmd.o [1]
  .far_func.text     ro code  0x011b3d   0x252  DrvHTG12832.o [1]
  .far_func.text     ro code  0x011d8f   0x251  GT20L16P1Y.o [3]
  .far_func.text     ro code  0x011fe0   0x24c  ApiPocCmd.o [1]
  .far_func.text     ro code  0x01222c   0x211  DrvKeyboard.o [1]
  .far_func.text     ro code  0x01243d   0x20e  ApiMenu.o [1]
  .far_func.text     ro code  0x01264b   0x20b  float.o [5]
  .far_func.text     ro code  0x012856   0x1fe  ApiKeyCmd.o [1]
  .far_func.text     ro code  0x012a54   0x1f6  Task.o [1]
  .far_func.text     ro code  0x012c4a   0x1eb  ApiGpsCmd.o [1]
  .far_func.text     ro code  0x012e35   0x1d5  ApiMenu.o [1]
  .far_func.text     ro code  0x01300a   0x1ce  ApiPocCmd.o [1]
  .far_func.text     ro code  0x0131d8   0x1ce  ApiPocCmd.o [1]
  .far_func.text     ro code  0x0133a6   0x1ce  ApiPocCmd.o [1]
  .far_func.text     ro code  0x013574   0x1c4  ApiKeyCmd.o [1]
  .far_func.text     ro code  0x013738   0x1b2  DrvUart3.o [1]
  .far_func.text     ro code  0x0138ea   0x1af  long.o [5]
  .far_func.text     ro code  0x013a99   0x1ab  ApiPocCmd.o [1]
  .far_func.text     ro code  0x013c44   0x189  ApiMenu.o [1]
  .far_func.text     ro code  0x013dcd   0x186  ApiPocCmd.o [1]
  .far_func.text     ro code  0x013f53   0x185  GT20L16P1Y.o [3]
  .far_func.text     ro code  0x0140d8   0x15c  vreg_util.o [5]
  .far_func.text     ro code  0x014234   0x159  stm8s_uart1.o [1]
  .far_func.text     ro code  0x01438d   0x148  DrvKeyboard.o [1]
  .far_func.text     ro code  0x0144d5   0x148  DrvKeyscan.o [1]
  .far_func.text     ro code  0x01461d   0x144  ApiAtCmd.o [1]
  .far_func.text     ro code  0x014761   0x13f  DrvKeyboard.o [1]
  .far_func.text     ro code  0x0148a0   0x13b  DrvGT20L16S1Y.o [1]
  .far_func.text     ro code  0x0149db   0x135  Task.o [1]
  .far_func.text     ro code  0x014b10   0x134  CommonLib.o [1]
  .far_func.text     ro code  0x014c44   0x134  DrvGT20L16S1Y.o [1]
  .far_func.text     ro code  0x014d78   0x12d  ApiPocCmd.o [1]
  .far_func.text     ro code  0x014ea5   0x12d  ApiPocCmd.o [1]
  .far_func.text     ro code  0x014fd2   0x12a  stm8s_uart3.o [1]
  .far_func.text     ro code  0x0150fc   0x103  stm8s_itc.o [1]
  .far_func.text     ro code  0x0151ff    0xfa  CommonLib.o [1]
  .far_func.text     ro code  0x0152f9    0xfa  main.o [1]
  .far_func.text     ro code  0x0153f3    0xf5  UTF8toUNICODE.o [1]
  .far_func.text     ro code  0x0154e8    0xf3  DrvUart3.o [1]
  .far_func.text     ro code  0x0155db    0xeb  DrvZM389.o [1]
  .far_func.text     ro code  0x0156c6    0xe9  ApiPocCmd.o [1]
  .far_func.text     ro code  0x0157af    0xe9  DrvUart3.o [1]
  .far_func.text     ro code  0x015898    0xe5  ApiAtCmd.o [1]
  .far_func.text     ro code  0x01597d    0xe5  DrvKeyboard.o [1]
  .far_func.text     ro code  0x015a62    0xdf  DrvUart3.o [1]
  .far_func.text     ro code  0x015b41    0xd9  ApiDisplay.o [1]
  .far_func.text     ro code  0x015c1a    0xd0  ApiPocCmd.o [1]
  .far_func.text     ro code  0x015cea    0xc8  ApiDisplay.o [1]
  .far_func.text     ro code  0x015db2    0xc0  ApiPocCmd.o [1]
  .far_func.text     ro code  0x015e72    0xc0  ApiPocCmd.o [1]
  .far_func.text     ro code  0x015f32    0xbc  ApiKeyCmd.o [1]
  .far_func.text     ro code  0x015fee    0xba  DrvUart3.o [1]
  .far_func.text     ro code  0x0160a8    0xb8  ApiDisplay.o [1]
  .far_func.text     ro code  0x016160    0xb6  stm8s_uart3.o [1]
  .far_func.text     ro code  0x016216    0xb2  CommonLib.o [1]
  .far_func.text     ro code  0x0162c8    0xb0  ApiDisplay.o [1]
  .far_func.text     ro code  0x016378    0xaf  stm8s_gpio.o [1]
  .far_func.text     ro code  0x016427    0xad  DrvUart3.o [1]
  .far_func.text     ro code  0x0164d4    0xa4  ApiDelay.o [1]
  .far_func.text     ro code  0x016578    0xa3  ApiDelay.o [1]
  .far_func.text     ro code  0x01661b    0x71  ApiVoice.o [1]
  .far_func.text     ro code  0x01668c    0x6e  DrvUart3.o [1]
  .far_func.text     ro code  0x0166fa    0x6d  DrvTone.o [1]
  .far_func.text     ro code  0x016767    0x6d  stm8s_uart1.o [1]
  .far_func.text     ro code  0x0167d4    0x6b  DrvTone.o [1]
  .far_func.text     ro code  0x01683f    0x69  DrvUart3.o [1]
  .far_func.text     ro code  0x0168a8    0x67  ApiAtCmd.o [1]
  .far_func.text     ro code  0x01690f    0x65  ApiAtCmd.o [1]
  .far_func.text     ro code  0x016974    0x64  ApiDisplay.o [1]
  .far_func.text     ro code  0x0169d8    0x64  CommonLib.o [1]
  .far_func.text     ro code  0x016a3c    0x61  ApiMcuVersion.o [1]
  .far_func.text     ro code  0x016a9d    0x61  stm8s_tim1.o [1]
  .far_func.text     ro code  0x016afe    0x5e  CommonLib.o [1]
  .far_func.text     ro code  0x016b5c    0x5d  short.o [5]
  .far_func.text     ro code  0x016bb9    0x5c  DrvUart3.o [1]
  .far_func.text     ro code  0x016c15    0x5c  GT20L16P1Y_D.o [1]
  .far_func.text     ro code  0x016c71    0x5a  ApiDisplay.o [1]
  .far_func.text     ro code  0x016ccb    0x58  stm8s_clk.o [1]
  .far_func.text     ro code  0x016d23    0x58  dc_util.o [5]
  .far_func.text     ro code  0x016d7b    0x57  ApiDisplay.o [1]
  .far_func.text     ro code  0x016dd2    0x55  ApiDelay.o [1]
  .far_func.text     ro code  0x016e27    0x54  stm8s_adc2.o [1]
  .far_func.text     ro code  0x016e7b    0x52  DrvUart3.o [1]
  .far_func.text     ro code  0x016ecd    0x50  DrvEeprom.o [1]
  .far_func.text     ro code  0x016f1d    0x4f  ApiDisplay.o [1]
  .far_func.text     ro code  0x016f6c    0x4f  DrvEeprom.o [1]
  .far_func.text     ro code  0x016fbb    0x4f  DrvUart3.o [1]
  .far_func.text     ro code  0x01700a    0x4e  CommonLib.o [1]
  .far_func.text     ro code  0x017058    0x4a  DrvZM389.o [1]
  .far_func.text     ro code  0x0170a2    0x4a  DrvZM389.o [1]
  .far_func.text     ro code  0x0170ec    0x4a  DrvZM389.o [1]
  .far_func.text     ro code  0x017136    0x49  stm8s_uart3.o [1]
  .far_func.text     ro code  0x01717f    0x48  DrvEeprom.o [1]
  .far_func.text     ro code  0x0171c7    0x48  GT20L16P1Y_D.o [1]
  .far_func.text     ro code  0x01720f    0x48  GT20L16P1Y_D.o [1]
  .far_func.text     ro code  0x017257    0x47  ApiVoice.o [1]
  .far_func.text     ro code  0x01729e    0x47  GT20L16P1Y.o [3]
  .far_func.text     ro code  0x0172e5    0x44  ApiPocCmd.o [1]
  .far_func.text     ro code  0x017329    0x43  stm8s_it.o [1]
  .far_func.text     ro code  0x01736c    0x43  stm8s_tim1.o [1]
  .far_func.text     ro code  0x0173af    0x40  ApiDelay.o [1]
  .far_func.text     ro code  0x0173ef    0x3e  DrvEeprom.o [1]
  .far_func.text     ro code  0x01742d    0x3d  DrvZM389.o [1]
  .far_func.text     ro code  0x01746a    0x3b  ApiBattery.o [1]
  .far_func.text     ro code  0x0174a5    0x3b  DrvUart1.o [1]
  .far_func.text     ro code  0x0174e0    0x3a  Task.o [1]
  .far_func.text     ro code  0x01751a    0x3a  char.o [5]
  .far_func.text     ro code  0x017554    0x39  ApiKeyboard.o [1]
  .far_func.text     ro code  0x01758d    0x39  DrvUart3.o [1]
  .far_func.text     ro code  0x0175c6    0x38  DrvBeep.o [1]
  .far_func.text     ro code  0x0175fe    0x38  DrvGT20L16S1Y.o [1]
  .far_func.text     ro code  0x017636    0x36  stm8s_flash.o [1]
  .far_func.text     ro code  0x01766c    0x36  sysclock.o [1]
  .far_func.text     ro code  0x0176a2    0x36  memcmp.o [5]
  .far_func.text     ro code  0x0176d8    0x35  ApiPocCmd.o [1]
  .far_func.text     ro code  0x01770d    0x34  DrvKeyscan.o [1]
  .far_func.text     ro code  0x017741    0x34  DrvMcuPin.o [1]
  .far_func.text     ro code  0x017775    0x32  stm8s_uart1.o [1]
  .far_func.text     ro code  0x0177a7    0x30  stm8s_adc2.o [1]
  .far_func.text     ro code  0x0177d7    0x2f  stm8s_adc2.o [1]
  .far_func.text     ro code  0x017806    0x2d  stm8s_uart1.o [1]
  .far_func.text     ro code  0x017833    0x2c  DrvZM389.o [1]
  .far_func.text     ro code  0x01785f    0x2b  ApiPocCmd.o [1]
  .far_func.text     ro code  0x01788a    0x2b  sysclock.o [1]
  .far_func.text     ro code  0x0178b5    0x29  ApiDelay.o [1]
  .far_func.text     ro code  0x0178de    0x29  DrvMcuPin.o [1]
  .far_func.text     ro code  0x017907    0x28  ApiAtCmd.o [1]
  .far_func.text     ro code  0x01792f    0x28  ApiAtCmd.o [1]
  .far_func.text     ro code  0x017957    0x28  stm8s_flash.o [1]
  .far_func.text     ro code  0x01797f    0x28  init_small.o [5]
  .far_func.text     ro code  0x0179a7    0x27  ApiBattery.o [1]
  .far_func.text     ro code  0x0179ce    0x26  DrvTone.o [1]
  .far_func.text     ro code  0x0179f4    0x26  GT20L16P1Y_D.o [1]
  .far_func.text     ro code  0x017a1a    0x26  stm8s_it.o [1]
  .far_func.text     ro code  0x017a40    0x26  memcpy.o [5]
  .far_func.text     ro code  0x017a66    0x25  stm8s_flash.o [1]
  .far_func.text     ro code  0x017a8b    0x25  stm8s_it.o [1]
  .far_func.text     ro code  0x017ab0    0x25  stm8s_uart3.o [1]
  .far_func.text     ro code  0x017ad5    0x17  ApiDisplay.o [1]
  .far_func.text     ro code  0x017aec    0x17  ApiDisplay.o [1]
  .far_func.text     ro code  0x017b03    0x17  cstartup.o [5]
  .far_func.text     ro code  0x017b1a    0x17  memset.o [5]
  .far_func.text     ro code  0x017b31    0x16  stm8s_flash.o [1]
  .far_func.text     ro code  0x017b47    0x16  __dbg_xxexit.o [4]
  .far_func.text     ro code  0x017b5d    0x15  ApiBattery.o [1]
  .far_func.text     ro code  0x017b72    0x15  ApiPocCmd.o [1]
  .far_func.text     ro code  0x017b87    0x14  ApiMcuVersion.o [1]
  .far_func.text     ro code  0x017b9b    0x14  stm8s_flash.o [1]
  .far_func.text     ro code  0x017baf    0x13  stm8s_adc2.o [1]
  .far_func.text     ro code  0x017bc2    0x13  stm8s_clk.o [1]
  .far_func.text     ro code  0x017bd5    0x13  stm8s_tim1.o [1]
  .far_func.text     ro code  0x017be8    0x13  stm8s_tim3.o [1]
  .far_func.text     ro code  0x017bfb    0x12  DrvUart3.o [1]
  .far_func.text     ro code  0x017c0d    0x12  strlen.o [5]
  .far_func.text     ro code  0x017c1f    0x11  Task.o [1]
  .far_func.text     ro code  0x017c30    0x10  DrvUart3.o [1]
  .far_func.text     ro code  0x017c40     0xf  ApiVoice.o [1]
  .far_func.text     ro code  0x017c4f     0xe  far_util.o [5]
  .far_func.text     ro code  0x017c5d     0xd  ApiAtCmd.o [1]
  .far_func.text     ro code  0x017c6a     0xd  ApiVoice.o [1]
  .far_func.text     ro code  0x017c77     0xd  DrvMcuPin.o [1]
  .far_func.text     ro code  0x017c84     0xd  stm8s_adc2.o [1]
  .far_func.text     ro code  0x017c91     0xd  stm8s_tim1.o [1]
  .far_func.text     ro code  0x017c9e     0xd  stm8s_tim1.o [1]
  .far_func.text     ro code  0x017cab     0xd  stm8s_tim1.o [1]
  .far_func.text     ro code  0x017cb8     0xd  stm8s_tim1.o [1]
  .far_func.text     ro code  0x017cc5     0xd  stm8s_tim3.o [1]
  .far_func.text     ro code  0x017cd2     0xd  stm8s_tim3.o [1]
  .far_func.text     ro code  0x017cdf     0xd  stm8s_uart1.o [1]
  .far_func.text     ro code  0x017cec     0xd  stm8s_uart3.o [1]
  .far_func.text     ro code  0x017cf9     0xc  ApiAtCmd.o [1]
  .far_func.text     ro code  0x017d05     0xc  stm8s_tim3.o [1]
  .far_func.text     ro code  0x017d11     0xb  stm8s_flash.o [1]
  .far_func.text     ro code  0x017d1c     0x9  ApiKeyCmd.o [1]
  .far_func.text     ro code  0x017d25     0x9  DrvTone.o [1]
  .far_func.text     ro code  0x017d2e     0x9  stm8s_gpio.o [1]
  .far_func.text     ro code  0x017d37     0x9  stm8s_tim1.o [1]
  .far_func.text     ro code  0x017d40     0x9  stm8s_tim3.o [1]
  .far_func.text     ro code  0x017d49     0x8  ApiPocCmd.o [1]
  .far_func.text     ro code  0x017d51     0x7  ApiGpsCmd.o [1]
  .far_func.text     ro code  0x017d58     0x7  ApiGpsCmd.o [1]
  .far_func.text     ro code  0x017d5f     0x7  ApiGpsCmd.o [1]
  .far_func.text     ro code  0x017d66     0x7  ApiGpsCmd.o [1]
  .far_func.text     ro code  0x017d6d     0x7  ApiGpsCmd.o [1]
  .far_func.text     ro code  0x017d74     0x7  ApiPocCmd.o [1]
  .far_func.text     ro code  0x017d7b     0x7  ApiPocCmd.o [1]
  .far_func.text     ro code  0x017d82     0x7  ApiPocCmd.o [1]
  .far_func.text     ro code  0x017d89     0x7  ApiPocCmd.o [1]
  .far_func.text     ro code  0x017d90     0x7  stm8s_flash.o [1]
  .far_func.text     ro code  0x017d97     0x7  stm8s_gpio.o [1]
  .far_func.text     ro code  0x017d9e     0x6  cexit.o [5]
  .far_func.text     ro code  0x017da4     0x5  ApiDisplay.o [1]
  .far_func.text     ro code  0x017da9     0x5  ApiLED.o [1]
  .far_func.text     ro code  0x017dae     0x5  stm8s_adc2.o [1]
  .far_func.text     ro code  0x017db3     0x5  stm8s_flash.o [1]
  .far_func.text     ro code  0x017db8     0x5  stm8s_flash.o [1]
  .far_func.text     ro code  0x017dbd     0x5  stm8s_tim1.o [1]
  .far_func.text     ro code  0x017dc2     0x5  stm8s_tim3.o [1]
  .far_func.text     ro code  0x017dc7     0x4  ApiDelay.o [1]
  .far_func.text     ro code  0x017dcb     0x4  ApiDelay.o [1]
  .far_func.text     ro code  0x017dcf     0x4  ApiGpsCmd.o [1]
  .far_func.text     ro code  0x017dd3     0x4  ApiKeyCmd.o [1]
  .far_func.text     ro code  0x017dd7     0x4  ApiKeyCmd.o [1]
  .far_func.text     ro code  0x017ddb     0x4  ApiKeyCmd.o [1]
  .far_func.text     ro code  0x017ddf     0x4  ApiPocCmd.o [1]
  .far_func.text     ro code  0x017de3     0x4  ApiPocCmd.o [1]
  .far_func.text     ro code  0x017de7     0x4  ApiPocCmd.o [1]
  .far_func.text     ro code  0x017deb     0x4  ApiPocCmd.o [1]
  .far_func.text     ro code  0x017def     0x4  ApiPocCmd.o [1]
  .far_func.text     ro code  0x017df3     0x4  ApiPocCmd.o [1]
  .far_func.text     ro code  0x017df7     0x4  ApiPocCmd.o [1]
  .far_func.text     ro code  0x017dfb     0x4  ApiPocCmd.o [1]
  .far_func.text     ro code  0x017dff     0x4  ApiPocCmd.o [1]
  .far_func.text     ro code  0x017e03     0x4  ApiPocCmd.o [1]
  .far_func.text     ro code  0x017e07     0x4  ApiPocCmd.o [1]
  .far_func.text     ro code  0x017e0b     0x4  ApiPocCmd.o [1]
  .far_func.text     ro code  0x017e0f     0x4  ApiPocCmd.o [1]
  .far_func.text     ro code  0x017e13     0x4  ApiPocCmd.o [1]
  .far_func.text     ro code  0x017e17     0x4  ApiPocCmd.o [1]
  .far_func.text     ro code  0x017e1b     0x4  ApiPocCmd.o [1]
  .far_func.text     ro code  0x017e1f     0x4  ApiPocCmd.o [1]
  .far_func.text     ro code  0x017e23     0x4  ApiPocCmd.o [1]
  .far_func.text     ro code  0x017e27     0x4  ApiPocCmd.o [1]
  .far_func.text     ro code  0x017e2b     0x4  ApiPocCmd.o [1]
  .far_func.text     ro code  0x017e2f     0x4  ApiPocCmd.o [1]
  .far_func.text     ro code  0x017e33     0x4  ApiPocCmd.o [1]
  .far_func.text     ro code  0x017e37     0x4  ApiPocCmd.o [1]
  .far_func.text     ro code  0x017e3b     0x4  ApiPocCmd.o [1]
  .far_func.text     ro code  0x017e3f     0x4  DrvKeyboard.o [1]
  .far_func.text     ro code  0x017e43     0x4  DrvKeyboard.o [1]
  .far_func.text     ro code  0x017e47     0x4  DrvKeyboard.o [1]
  .far_func.text     ro code  0x017e4b     0x4  DrvKeyboard.o [1]
  .far_func.text     ro code  0x017e4f     0x4  DrvKeyboard.o [1]
  .far_func.text     ro code  0x017e53     0x4  DrvKeyboard.o [1]
  .far_func.text     ro code  0x017e57     0x4  DrvKeyboard.o [1]
  .far_func.text     ro code  0x017e5b     0x4  DrvKeyboard.o [1]
  .far_func.text     ro code  0x017e5f     0x4  DrvKeyboard.o [1]
  .far_func.text     ro code  0x017e63     0x4  DrvKeyboard.o [1]
  .far_func.text     ro code  0x017e67     0x4  DrvKeyboard.o [1]
  .far_func.text     ro code  0x017e6b     0x4  DrvKeyboard.o [1]
  .far_func.text     ro code  0x017e6f     0x4  DrvKeyboard.o [1]
  .far_func.text     ro code  0x017e73     0x4  DrvKeyboard.o [1]
  .far_func.text     ro code  0x017e77     0x4  DrvKeyboard.o [1]
  .far_func.text     ro code  0x017e7b     0x4  DrvKeyboard.o [1]
  .far_func.text     ro code  0x017e7f     0x4  DrvKeyboard.o [1]
  .far_func.text     ro code  0x017e83     0x4  DrvKeyboard.o [1]
  .far_func.text     ro code  0x017e87     0x4  DrvKeyboard.o [1]
  .far_func.text     ro code  0x017e8b     0x4  DrvKeyboard.o [1]
  .far_func.text     ro code  0x017e8f     0x4  DrvKeyboard.o [1]
  .far_func.text     ro code  0x017e93     0x4  DrvKeyboard.o [1]
  .far_func.text     ro code  0x017e97     0x4  DrvKeyboard.o [1]
  .far_func.text     ro code  0x017e9b     0x4  DrvKeyboard.o [1]
  .far_func.text     ro code  0x017e9f     0x4  DrvKeyboard.o [1]
  .far_func.text     ro code  0x017ea3     0x4  DrvKeyboard.o [1]
  .far_func.text     ro code  0x017ea7     0x4  DrvKeyboard.o [1]
  .far_func.text     ro code  0x017eab     0x4  DrvKeyboard.o [1]
  .far_func.text     ro code  0x017eaf     0x4  DrvKeyboard.o [1]
  .far_func.text     ro code  0x017eb3     0x4  DrvKeyboard.o [1]
  .far_func.text     ro code  0x017eb7     0x4  DrvKeyboard.o [1]
  .far_func.text     ro code  0x017ebb     0x4  DrvKeyboard.o [1]
  .far_func.text     ro code  0x017ebf     0x4  DrvKeyboard.o [1]
  .far_func.text     ro code  0x017ec3     0x4  DrvKeyboard.o [1]
  .far_func.text     ro code  0x017ec7     0x4  DrvKeyboard.o [1]
  .far_func.text     ro code  0x017ecb     0x4  DrvKeyboard.o [1]
  .far_func.text     ro code  0x017ecf     0x4  DrvKeyscan.o [1]
  .far_func.text     ro code  0x017ed3     0x4  DrvKeyscan.o [1]
  .far_func.text     ro code  0x017ed7     0x4  DrvKeyscan.o [1]
  .far_func.text     ro code  0x017edb     0x4  DrvKeyscan.o [1]
  .far_func.text     ro code  0x017edf     0x4  DrvKeyscan.o [1]
  .far_func.text     ro code  0x017ee3     0x4  DrvKeyscan.o [1]
  .far_func.text     ro code  0x017ee7     0x4  DrvKeyscan.o [1]
  .far_func.text     ro code  0x017eeb     0x4  DrvKeyscan.o [1]
  .far_func.text     ro code  0x017eef     0x4  stm8s_gpio.o [1]
  .far_func.text     ro code  0x017ef3     0x4  stm8s_uart1.o [1]
                            - 0x017ef7  0x7ef7


*******************************************************************************
*** INIT TABLE
***

          Address   Size
          -------   ----
Zero (__iar_zero_init2)
    4 destination ranges, total size 0x14f8:
          0x000010  0xa24
          0x000a34  0x68c
          0x0010c0  0x200
          0x0012c0  0x248

Copy (__iar_copy_init2)
    1 source range, total size 0x135:
          0x00a2e0  0x135
    1 destination range, total size 0x135:
          0x001508  0x135



*******************************************************************************
*** MODULE SUMMARY
***

    Module                 ro code  ro data  rw data
    ------                 -------  -------  -------
E:\1-source\5-A508_4G\A508_4G_New\PRJ\Debug\Obj: [1]
    ApiAtCmd.o               3 351      588      122
    ApiBattery.o               849                 5
    ApiDelay.o               2 850       16       49
    ApiDisplay.o             3 190    1 760      646
    ApiGpsCmd.o                647               111
    ApiKeyCmd.o              1 171       17        2
    ApiKeyboard.o            2 587       20       14
    ApiLED.o                   162                 1
    ApiMcuVersion.o            150       49
    ApiMenu.o                1 421      164        8
    ApiPocCmd.o             10 995      186    2 622
    ApiVoice.o               2 139    2 624      130
    CommonLib.o              1 008       17
    DrvBeep.o                  867                18
    DrvEeprom.o                293
    DrvGT20L16S1Y.o            679
    DrvHTG12832.o              594                 2
    DrvKeyboard.o            3 303                92
    DrvKeyscan.o               412                19
    DrvMcuPin.o                206
    DrvTone.o                  404                21
    DrvUart1.o                  59
    DrvUart3.o               2 343       30      122
    DrvZM389.o               2 773       33    1 685
    GT20L16P1Y_D.o             274    7 776
    Task.o                     922       37        7
    UTF8toUNICODE.o            245
    main.o                     377
    stm8s_adc2.o               379
    stm8s_clk.o                269        4
    stm8s_flash.o              201
    stm8s_gpio.o               195
    stm8s_it.o                 189                 1
    stm8s_itc.o                259
    stm8s_tim1.o               438
    stm8s_tim3.o                71
    stm8s_uart1.o              716
    stm8s_uart3.o              752
    sysclock.o                 128
    ------------------------------------------------
    Total:                  47 868   13 321    5 677

command line: [2]
    ------------------------------------------------
    Total:

GT20L16_STM8_DOUBLE_MEDIUM_IAR.a: [3]
    GT20L16P1Y.o             1 770       62
    ------------------------------------------------
    Total:                   1 770       62

dbgstm8mmd.a: [4]
    __dbg_break.o                1
    __dbg_xxexit.o              22
    ------------------------------------------------
    Total:                      23

dlstm8mmn.a: [5]
    cexit.o                      6
    char.o                      58
    cstartup.o                  23
    dc_util.o                   88
    exit.o                       4
    far_util.o                  14
    float.o                    523
    init.o                      30
    init_small.o                70
    interrupt.o                  4      128
    long.o                     431
    long_util.o                114
    low_level_init.o             3
    memcmp.o                    54
    memcpy.o                    38
    memset.o                    23
    move.o                      37
    short.o                     93
    strlen.o                    18
    unhandled_exception.o        3
    vreg_util.o                348
    vregs.o                                       16
    ------------------------------------------------
    Total:                   1 982      128       16

    Linker created                       32      256
----------------------------------------------------
    Grand Total:            51 643   13 543    5 949


*******************************************************************************
*** ENTRY LIST
***

Entry                    Address    Size  Type      Object
-----                    -------    ----  ----      ------
.iar.init_table$$Base   0x00ac6b           --   Gb  - Linker created -
.iar.init_table$$Limit  0x00ac8b           --   Gb  - Linker created -
?add32_l0_l0_0x         0x0138ed          Code  Gb  long.o [5]
?add32_l0_l0_l1         0x0138ea          Code  Gb  long.o [5]
?and32_l0_l0_0x         0x013a39          Code  Gb  long.o [5]
?and32_l0_l0_l1         0x013a36          Code  Gb  long.o [5]
?b0                     0x000000          Data  Gb  vregs.o [5]
?b1                     0x000001          Data  Gb  vregs.o [5]
?b10                    0x00000a          Data  Gb  vregs.o [5]
?b11                    0x00000b          Data  Gb  vregs.o [5]
?b12                    0x00000c          Data  Gb  vregs.o [5]
?b13                    0x00000d          Data  Gb  vregs.o [5]
?b14                    0x00000e          Data  Gb  vregs.o [5]
?b15                    0x00000f          Data  Gb  vregs.o [5]
?b2                     0x000002          Data  Gb  vregs.o [5]
?b3                     0x000003          Data  Gb  vregs.o [5]
?b4                     0x000004          Data  Gb  vregs.o [5]
?b5                     0x000005          Data  Gb  vregs.o [5]
?b6                     0x000006          Data  Gb  vregs.o [5]
?b7                     0x000007          Data  Gb  vregs.o [5]
?b8                     0x000008          Data  Gb  vregs.o [5]
?b9                     0x000009          Data  Gb  vregs.o [5]
?dc32_l0                0x016d23          Code  Gb  dc_util.o [5]
?dc32_l1                0x016d4f          Code  Gb  dc_util.o [5]
?e0                     0x000001          Data  Gb  vregs.o [5]
?e1                     0x000005          Data  Gb  vregs.o [5]
?e2                     0x000009          Data  Gb  vregs.o [5]
?e3                     0x00000d          Data  Gb  vregs.o [5]
?epilogue_l2            0x014190          Code  Gb  vreg_util.o [5]
?epilogue_l2_l3         0x01418c          Code  Gb  vreg_util.o [5]
?epilogue_l2_w6         0x014195          Code  Gb  vreg_util.o [5]
?epilogue_w4            0x01419e          Code  Gb  vreg_util.o [5]
?fcastf32u32_l0_l0      0x01271b          Code  Gb  float.o [5]
?fcasts16f32_x_l0       0x0126e6          Code  Gb  float.o [5]
?fmul32_l0_l0_dc32      0x01264b          Code  Gb  float.o [5]
?fmul32_l0_l0_l1        0x012651          Code  Gb  float.o [5]
?l0                     0x000000          Data  Gb  vregs.o [5]
?l1                     0x000004          Data  Gb  vregs.o [5]
?l2                     0x000008          Data  Gb  vregs.o [5]
?l3                     0x00000c          Data  Gb  vregs.o [5]
?load24_e1_0x           0x017c4f          Code  Gb  far_util.o [5]
?load32_0x_l0           0x00fd2b          Code  Gb  long_util.o [5]
?load32_0x_l3           0x00fd39          Code  Gb  long_util.o [5]
?load32_l0_0x           0x00fcef          Code  Gb  long_util.o [5]
?load32_l0_asp          0x00fce3          Code  Gb  long_util.o [5]
?load32_l0_dbsp         0x00fcd5          Code  Gb  long_util.o [5]
?load32_l0_xsp          0x00fce5          Code  Gb  long_util.o [5]
?load32_l1_0x           0x00fd15          Code  Gb  long_util.o [5]
?load32_l1_asp          0x00fd09          Code  Gb  long_util.o [5]
?load32_l1_dbsp         0x00fcfb          Code  Gb  long_util.o [5]
?load32_l1_xsp          0x00fd0b          Code  Gb  long_util.o [5]
?load32_xsp_l0          0x00fd21          Code  Gb  long_util.o [5]
?longfarg16_v_w0_a      0x00fd54          Code  Gb  move.o [5]
?longfarg16_v_w0_x      0x00fd56          Code  Gb  move.o [5]
?mov_e0_e1              0x0141bb          Code  Gb  vreg_util.o [5]
?mov_e0_e2              0x0141c8          Code  Gb  vreg_util.o [5]
?mov_e0_e3              0x0141d5          Code  Gb  vreg_util.o [5]
?mov_e1_e0              0x0141e2          Code  Gb  vreg_util.o [5]
?mov_e1_e2              0x0141ef          Code  Gb  vreg_util.o [5]
?mov_e1_e3              0x0141fc          Code  Gb  vreg_util.o [5]
?mov_e2_e0              0x014209          Code  Gb  vreg_util.o [5]
?mov_e3_e0              0x01421d          Code  Gb  vreg_util.o [5]
?mov_e3_e1              0x01422a          Code  Gb  vreg_util.o [5]
?mov_l0_l1              0x0141b8          Code  Gb  vreg_util.o [5]
?mov_l0_l2              0x0141c5          Code  Gb  vreg_util.o [5]
?mov_l0_l3              0x0141d2          Code  Gb  vreg_util.o [5]
?mov_l1_l0              0x0141df          Code  Gb  vreg_util.o [5]
?mov_l1_l2              0x0141ec          Code  Gb  vreg_util.o [5]
?mov_l1_l3              0x0141f9          Code  Gb  vreg_util.o [5]
?mov_l2_l0              0x014206          Code  Gb  vreg_util.o [5]
?mov_l3_l0              0x01421a          Code  Gb  vreg_util.o [5]
?mov_l3_l1              0x014227          Code  Gb  vreg_util.o [5]
?mov_w1_w3              0x0141be          Code  Gb  vreg_util.o [5]
?mov_w1_w4              0x0141a3          Code  Gb  vreg_util.o [5]
?mov_w1_w5              0x0141cb          Code  Gb  vreg_util.o [5]
?mov_w1_w7              0x0141d8          Code  Gb  vreg_util.o [5]
?mov_w2_w1              0x0141aa          Code  Gb  vreg_util.o [5]
?mov_w3_w1              0x0141e5          Code  Gb  vreg_util.o [5]
?mov_w3_w5              0x0141f2          Code  Gb  vreg_util.o [5]
?mov_w3_w7              0x0141ff          Code  Gb  vreg_util.o [5]
?mov_w5_w1              0x01420c          Code  Gb  vreg_util.o [5]
?mov_w5_w3              0x014213          Code  Gb  vreg_util.o [5]
?mov_w6_w0              0x0141b1          Code  Gb  vreg_util.o [5]
?mov_w7_w1              0x014220          Code  Gb  vreg_util.o [5]
?mov_w7_w3              0x01422d          Code  Gb  vreg_util.o [5]
?move1616_v_x_y_a       0x00fd47          Code  Gb  move.o [5]
?mul16_x_x_w0           0x016b5c          Code  Gb  short.o [5]
?mul32_l0_l0_l1         0x013920          Code  Gb  long.o [5]
?or32_l0_l0_0x          0x013a54          Code  Gb  long.o [5]
?or32_l0_l0_l1          0x013a51          Code  Gb  long.o [5]
?pop_l0                 0x014154          Code  Gb  vreg_util.o [5]
?pop_l1                 0x01415f          Code  Gb  vreg_util.o [5]
?pop_l2                 0x01416a          Code  Gb  vreg_util.o [5]
?pop_l3                 0x014175          Code  Gb  vreg_util.o [5]
?pop_w4                 0x0140fe          Code  Gb  vreg_util.o [5]
?pop_w5                 0x014105          Code  Gb  vreg_util.o [5]
?pop_w6                 0x01410c          Code  Gb  vreg_util.o [5]
?push_l0                0x01411f          Code  Gb  vreg_util.o [5]
?push_l1                0x014124          Code  Gb  vreg_util.o [5]
?push_l2                0x014129          Code  Gb  vreg_util.o [5]
?push_l3                0x01412e          Code  Gb  vreg_util.o [5]
?push_w4                0x0140d8          Code  Gb  vreg_util.o [5]
?push_w5                0x0140dd          Code  Gb  vreg_util.o [5]
?push_w6                0x0140e2          Code  Gb  vreg_util.o [5]
?sdiv16_x_x_y           0x016b7a          Code  Gb  short.o [5]
?sdiv8_xl_a_b0          0x01751a          Code  Gb  char.o [5]
?sext16_x_a             0x016bb2          Code  Gb  short.o [5]
?sext32_l0_x            0x013a8e          Code  Gb  long.o [5]
?sll16_x_x_4            0x016bad          Code  Gb  short.o [5]
?sll16_x_x_5            0x016bac          Code  Gb  short.o [5]
?sll16_x_x_6            0x016bab          Code  Gb  short.o [5]
?sll16_x_x_a            0x016ba3          Code  Gb  short.o [5]
?sll32_0x_0x_a          0x013a6f          Code  Gb  long.o [5]
?sll32_l0_l0_a          0x013a6c          Code  Gb  long.o [5]
?sll8_a_a_5             0x017549          Code  Gb  char.o [5]
?sll8_a_a_6             0x017548          Code  Gb  char.o [5]
?smod16_y_x_y           0x016b93          Code  Gb  short.o [5]
?smod8_a_b0_a           0x017534          Code  Gb  char.o [5]
?srl32_0x_0x_a          0x013a80          Code  Gb  long.o [5]
?srl32_l0_l0_a          0x013a7d          Code  Gb  long.o [5]
?srl8_a_a_5             0x01754f          Code  Gb  char.o [5]
?srl8_a_a_6             0x01754e          Code  Gb  char.o [5]
?sub32_l0_l0_0x         0x013908          Code  Gb  long.o [5]
?sub32_l0_l0_l1         0x013905          Code  Gb  long.o [5]
?ucmp32_c_l0_0x         0x013a1b          Code  Gb  long.o [5]
?ucmp32_c_l0_l1         0x013a2b          Code  Gb  long.o [5]
?udiv32_l0_dl_l1        0x0139a4          Code  Gb  long.o [5]
?udiv32_l0_l0_dl        0x0139aa          Code  Gb  long.o [5]
?udiv32_l0_l0_l1        0x0139ae          Code  Gb  long.o [5]
?umod32_l1_l0_dl        0x01399e          Code  Gb  long.o [5]
?umod32_l1_l0_l1        0x0139ae          Code  Gb  long.o [5]
?w0                     0x000000          Data  Gb  vregs.o [5]
?w1                     0x000002          Data  Gb  vregs.o [5]
?w2                     0x000004          Data  Gb  vregs.o [5]
?w3                     0x000006          Data  Gb  vregs.o [5]
?w4                     0x000008          Data  Gb  vregs.o [5]
?w5                     0x00000a          Data  Gb  vregs.o [5]
?w6                     0x00000c          Data  Gb  vregs.o [5]
?w7                     0x00000e          Data  Gb  vregs.o [5]
ADC2_Cmd                0x017c84     0xd  Code  Gb  stm8s_adc2.o [1]
ADC2_ConversionConfig   0x0177d7    0x2f  Code  Gb  stm8s_adc2.o [1]
ADC2_ExternalTriggerConfig
                        0x00fdf7    0x21  Code  Gb  stm8s_adc2.o [1]
ADC2_GetConversionValue
                        0x016e27    0x54  Code  Gb  stm8s_adc2.o [1]
ADC2_IRQHandler         0x00ffa7     0x1  Code  Gb  stm8s_it.o [1]
ADC2_Init               0x0177a7    0x30  Code  Gb  stm8s_adc2.o [1]
ADC2_PrescalerConfig    0x017baf    0x13  Code  Gb  stm8s_adc2.o [1]
ADC2_SchmittTriggerConfig
                        0x00f904    0x82  Code  Gb  stm8s_adc2.o [1]
ADC2_StartConversion    0x017dae     0x5  Code  Gb  stm8s_adc2.o [1]
ADC_Init                0x00fdb4    0x22  Code  Gb  ApiBattery.o [1]
AUDIO_IOAFPOW           0x00ff31    0x19  Code  Gb  DrvMcuPin.o [1]
AWU_IRQHandler          0x00ff98     0x1  Code  Gb  stm8s_it.o [1]
ApiAtCmd_100msRenew     0x00ff94     0x1  Code  Gb  ApiAtCmd.o [1]
ApiAtCmd_10msRenew      0x0108e1   0x307  Code  Gb  ApiAtCmd.o [1]
ApiAtCmd_PlayVoice      0x00fb02    0x79  Code  Gb  ApiAtCmd.o [1]
ApiAtCmd_PowerOnInitial
                        0x01461d   0x144  Code  Gb  ApiAtCmd.o [1]
ApiAtCmd_WritCommand    0x010eb5   0x2be  Code  Gb  ApiAtCmd.o [1]
ApiAtCmd_bZTTSStates    0x017cf9     0xc  Code  Gb  ApiAtCmd.o [1]
ApiAtCmd_bZTTSStates_Intermediate
                        0x017c5d     0xd  Code  Gb  ApiAtCmd.o [1]
ApiBattery_PowerOnInitial
                        0x017b5d    0x15  Code  Gb  ApiBattery.o [1]
ApiBeidou_Get_location_Information
                        0x012c4a   0x1eb  Code  Gb  ApiGpsCmd.o [1]
ApiBeidou_PowerOnInitial
                        0x00fb7b    0x75  Code  Gb  ApiGpsCmd.o [1]
ApiCaretCmd_10msRenew   0x015898    0xe5  Code  Gb  ApiAtCmd.o [1]
ApiDisplay_PowerOnInitial
                        0x017da4     0x5  Code  Gb  ApiDisplay.o [1]
ApiKeyCmd_PowerOnInitial
                        0x017d1c     0x9  Code  Gb  ApiKeyCmd.o [1]
ApiKeyboard_PowerOnInitial
                        0x017554    0x39  Code  Gb  ApiKeyboard.o [1]
ApiLED_PowerOnInitial   0x017da9     0x5  Code  Gb  ApiLED.o [1]
ApiMcuVersion_PowerOnInitial
                        0x00ff95     0x1  Code  Gb  ApiMcuVersion.o [1]
ApiMenu_BacklightTimeSet_Flag
                        0x001500     0x1  Data  Gb  ApiMenu.o [1]
ApiMenu_BeiDouOrWritingFrequency_Flag
                        0x001502     0x1  Data  Gb  ApiMenu.o [1]
ApiMenu_GpsInfo_Flag    0x0014fe     0x1  Data  Gb  ApiMenu.o [1]
ApiMenu_KeylockTimeSet_Flag
                        0x001501     0x1  Data  Gb  ApiMenu.o [1]
ApiMenu_NativeInfo_Flag
                        0x0014ff     0x1  Data  Gb  ApiMenu.o [1]
ApiMenu_SwitchCallUser_Flag
                        0x0014fc     0x1  Data  Gb  ApiMenu.o [1]
ApiMenu_SwitchGroup_Flag
                        0x0014fb     0x1  Data  Gb  ApiMenu.o [1]
ApiMenu_SwitchOnlineUser_Flag
                        0x0014fd     0x1  Data  Gb  ApiMenu.o [1]
ApiMenu_init            0x00fdd6    0x21  Code  Gb  ApiMenu.o [1]
ApiPocCmd_10msRenew     0x00b4e7   0xcc8  Code  Gb  ApiPocCmd.o [1]
ApiPocCmd_GroupStates   0x017ddf     0x4  Code  Gb  ApiPocCmd.o [1]
ApiPocCmd_GroupStatesSet
                        0x017de3     0x4  Code  Gb  ApiPocCmd.o [1]
ApiPocCmd_KeyPttState   0x017de7     0x4  Code  Gb  ApiPocCmd.o [1]
ApiPocCmd_PowerOnInitial
                        0x013dcd   0x186  Code  Gb  ApiPocCmd.o [1]
ApiPocCmd_ReceivedVoicePlayStates
                        0x017def     0x4  Code  Gb  ApiPocCmd.o [1]
ApiPocCmd_ReceivedVoicePlayStatesForDisplay
                        0x017df7     0x4  Code  Gb  ApiPocCmd.o [1]
ApiPocCmd_ReceivedVoicePlayStatesForDisplaySet
                        0x017dfb     0x4  Code  Gb  ApiPocCmd.o [1]
ApiPocCmd_ReceivedVoicePlayStatesForLED
                        0x017e07     0x4  Code  Gb  ApiPocCmd.o [1]
ApiPocCmd_ReceivedVoicePlayStatesIntermediate
                        0x017dff     0x4  Code  Gb  ApiPocCmd.o [1]
ApiPocCmd_ReceivedVoicePlayStatesIntermediateSet
                        0x017e03     0x4  Code  Gb  ApiPocCmd.o [1]
ApiPocCmd_ReceivedVoicePlayStatesSet
                        0x017df3     0x4  Code  Gb  ApiPocCmd.o [1]
ApiPocCmd_SetKeyPttState
                        0x017deb     0x4  Code  Gb  ApiPocCmd.o [1]
ApiPocCmd_ToneState     0x017e13     0x4  Code  Gb  ApiPocCmd.o [1]
ApiPocCmd_ToneStateIntermediate
                        0x017e0b     0x4  Code  Gb  ApiPocCmd.o [1]
ApiPocCmd_ToneStateIntermediateSet
                        0x017e0f     0x4  Code  Gb  ApiPocCmd.o [1]
ApiPocCmd_ToneStateSet  0x017e17     0x4  Code  Gb  ApiPocCmd.o [1]
ApiPocCmd_WritCommand   0x00db68   0x7c0  Code  Gb  ApiPocCmd.o [1]
ApiPocCmd_user_info_get
                        0x0176d8    0x35  Code  Gb  ApiPocCmd.o [1]
ApiPocCmd_user_info_set
                        0x015c1a    0xd0  Code  Gb  ApiPocCmd.o [1]
AtCmdDrvobj             0x00141c    0x2c  Data  Gb  ApiAtCmd.o [1]
AtNotify_Queue          0x00d3df    0x4d  Code  Lc  DrvZM389.o [1]
AtNotify_Queue_Start    0x00d42c    0x56  Code  Lc  DrvZM389.o [1]
BEEP_Interrupt10ms      0x00feaf    0x1c  Code  Gb  DrvBeep.o [1]
BEEP_PowerOnInitial     0x01080e    0xd3  Code  Gb  DrvBeep.o [1]
BEEP_SetOutput          0x0105d2   0x23c  Code  Gb  DrvBeep.o [1]
BEEP_Time               0x0175c6    0x38  Code  Gb  DrvBeep.o [1]
BacklightTimeCount      0x0014ed     0x1  Data  Gb  ApiDelay.o [1]
BacklightTimeSetCount   0x00159a     0x1  Data  Gb  ApiKeyboard.o [1]
BatteryLevel            0x0014e7     0x1  Data  Gb  ApiBattery.o [1]
BeepDrvObj              0x0014a1    0x12  Data  Lc  DrvBeep.o [1]
BeidouFunDrvObj         0x001471    0x1d  Data  Lc  ApiGpsCmd.o [1]
BeidouRxData            0x001391    0x4b  Data  Gb  ApiGpsCmd.o [1]
BeidouRxDataLen         0x0014ee     0x1  Data  Gb  ApiGpsCmd.o [1]
BitTab                  0x00b419     0x8  Data  Gb  ApiDisplay.o [1]
CHAR_HIGH               0x00b27a    0x10  Data  Gb  ApiDisplay.o [1]
CHAR_TO_DIV_CHAR        0x00f881    0x83  Code  Gb  ApiAtCmd.o [1]
CHAR_TO_Digital         0x0168a8    0x67  Code  Gb  ApiAtCmd.o [1]
CHAR_WIDTH              0x00b28a    0x10  Data  Gb  ApiDisplay.o [1]
CLK_ClockSwitchConfig   0x00f222    0xa2  Code  Gb  stm8s_clk.o [1]
CLK_GetClockFreq        0x016ccb    0x58  Code  Gb  stm8s_clk.o [1]
CLK_HSIPrescalerConfig  0x017bc2    0x13  Code  Gb  stm8s_clk.o [1]
CLK_IRQHandler          0x00ff99     0x1  Code  Gb  stm8s_it.o [1]
COML_AscToHex           0x0151ff    0xfa  Code  Gb  CommonLib.o [1]
COML_DecToAsc           0x0169d8    0x64  Code  Gb  CommonLib.o [1]
COML_HexToAsc           0x016216    0xb2  Code  Gb  CommonLib.o [1]
COML_StringReverse      0x016afe    0x5e  Code  Gb  CommonLib.o [1]
CSTACK$$Base            0x001700           --   Gb  - Linker created -
CSTACK$$Limit           0x001800           --   Gb  - Linker created -
CaretNotify_Queue       0x00d345    0x4d  Code  Lc  DrvZM389.o [1]
CaretNotify_Queue_Start
                        0x00d4d8    0x56  Code  Lc  DrvZM389.o [1]
CharCode                0x0014df     0x2  Data  Gb  ApiDisplay.o [1]
Combine2Hex             0x014b10   0x134  Code  Gb  CommonLib.o [1]
Count                   0x0014e8     0x1  Data  Gb  ApiBattery.o [1]
Count2                  0x0014e9     0x1  Data  Gb  ApiBattery.o [1]
Count3                  0x0014ea     0x1  Data  Gb  ApiBattery.o [1]
DEL_100msProcess        0x00d0a5   0x22f  Code  Lc  ApiDelay.o [1]
DEL_10msProcess         0x00d2d4    0x39  Code  Lc  ApiDelay.o [1]
DEL_1msProcess          0x00d30d    0x28  Code  Lc  ApiDelay.o [1]
DEL_500msProcess        0x00cabf   0x5e6  Code  Lc  ApiDelay.o [1]
DEL_GetTimer            0x016dd2    0x55  Code  Gb  ApiDelay.o [1]
DEL_Interrupt           0x016578    0xa3  Code  Gb  ApiDelay.o [1]
DEL_PowerOnInitial      0x0164d4    0xa4  Code  Gb  ApiDelay.o [1]
DEL_Renew               0x00d335    0x10  Code  Gb  ApiDelay.o [1]
DEL_SetTimer            0x00fbf0    0x73  Code  Gb  ApiDelay.o [1]
DEL_Soft1ms             0x00fe93    0x1c  Code  Gb  ApiDelay.o [1]
DEL_TimerRenew          0x0178b5    0x29  Code  Lc  ApiDelay.o [1]
DISPLAY_Show            0x00eb1c   0x664  Code  Gb  ApiDisplay.o [1]
DISP_DataBuf            0x015cea    0xc8  Code  Lc  ApiDisplay.o [1]
DISP_MulTypePro         0x0160a8    0xb8  Code  Lc  ApiDisplay.o [1]
DISP_MulTypePro2        0x015b41    0xd9  Code  Lc  ApiDisplay.o [1]
Dec2Hex                 0x01700a    0x4e  Code  Gb  CommonLib.o [1]
DefaultSystemClockForHSI
                        0x00fe38    0x1f  Code  Gb  sysclock.o [1]
DelDrvObj               0x001448    0x29  Data  Lc  ApiDelay.o [1]
Delay_100ms             0x0173af    0x40  Code  Gb  ApiDelay.o [1]
Digital_TO_CHAR         0x01690f    0x65  Code  Gb  ApiAtCmd.o [1]
DisDataBit              0x0013dc    0x40  Data  Gb  ApiDisplay.o [1]
DisDataBuf              0x0010c0   0x200  Data  Gb  ApiDisplay.o [1]
DrvGD83DrvObj           0x000a34   0x68c  Data  Lc  DrvZM389.o [1]
DrvGD83_UART_TxCommand  0x00f986    0x80  Code  Gb  DrvZM389.o [1]
DrvMC8332_AtNotify_Queue_front
                        0x0170a2    0x4a  Code  Gb  DrvZM389.o [1]
DrvMC8332_CaretNotify_Queue_front
                        0x017058    0x4a  Code  Gb  DrvZM389.o [1]
DrvMC8332_PocNotify_Queue_front
                        0x0170ec    0x4a  Code  Gb  DrvZM389.o [1]
DrvMC8332_Software_Initial
                        0x01742d    0x3d  Code  Gb  DrvZM389.o [1]
DrvMC8332_TxPort_SetValidable
                        0x017833    0x2c  Code  Gb  DrvZM389.o [1]
DrvMc8332_UART_TxTail   0x0155db    0xeb  Code  Gb  DrvZM389.o [1]
DrvUart1_init           0x0174a5    0x3b  Code  Gb  DrvUart1.o [1]
DrvZM389_uart1_interrupt
[...]
_interrupt_9            0x00ff9e          Code  Gb  stm8s_it.o [1]
api_diap_ico_pos_get    0x016c71    0x5a  Code  Gb  ApiDisplay.o [1]
api_disp_all_screen_refresh
                        0x016f1d    0x4f  Code  Gb  ApiDisplay.o [1]
api_disp_char_output    0x017ad5    0x17  Code  Gb  ApiDisplay.o [1]
api_disp_char_output2   0x017aec    0x17  Code  Gb  ApiDisplay.o [1]
api_disp_ico_output     0x0162c8    0xb0  Code  Gb  ApiDisplay.o [1]
api_disp_icoid_output   0x00fa85    0x7d  Code  Gb  ApiDisplay.o [1]
api_lcd_pwr_on_hint     0x00eaaf    0x6d  Code  Gb  ApiDisplay.o [1]
api_poc_command_get     0x016427    0xad  Code  Lc  DrvUart3.o [1]
api_poc_command_set     0x015a62    0xdf  Code  Lc  DrvUart3.o [1]
beidou_latitude_degree  0x017d5f     0x7  Code  Gb  ApiGpsCmd.o [1]
beidou_latitude_minute  0x017d66     0x7  Code  Gb  ApiGpsCmd.o [1]
beidou_latitude_second  0x017d6d     0x7  Code  Gb  ApiGpsCmd.o [1]
beidou_longitude_degree
                        0x017d51     0x7  Code  Gb  ApiGpsCmd.o [1]
beidou_longitude_minute
                        0x017d58     0x7  Code  Gb  ApiGpsCmd.o [1]
beidou_valid            0x017dcf     0x4  Code  Gb  ApiGpsCmd.o [1]
cRxCEREG                0x001544     0x2  Data  Gb  ApiAtCmd.o [1]
cRxCGDCONT              0x001550     0x2  Data  Gb  ApiAtCmd.o [1]
cRxCGREG                0x001542     0x2  Data  Gb  ApiAtCmd.o [1]
cRxCREG                 0x001540     0x2  Data  Gb  ApiAtCmd.o [1]
cRxCSQ                  0x00153e     0x2  Data  Gb  ApiAtCmd.o [1]
cRxMODE                 0x001546     0x2  Data  Gb  ApiAtCmd.o [1]
cRxPASTATE1             0x001552     0x2  Data  Gb  ApiAtCmd.o [1]
cRxZCONSTAT             0x00154a     0x2  Data  Gb  ApiAtCmd.o [1]
cRxZGIPDNS              0x001548     0x2  Data  Gb  ApiAtCmd.o [1]
cRxZICCID               0x00153c     0x2  Data  Gb  ApiAtCmd.o [1]
cRxZLTENOCELL           0x00154c     0x2  Data  Gb  ApiAtCmd.o [1]
cRxZMSRI                0x00154e     0x2  Data  Gb  ApiAtCmd.o [1]
cRxZTTS0                0x001554     0x2  Data  Gb  ApiAtCmd.o [1]
cTxATE1                 0x001508     0x2  Data  Gb  ApiAtCmd.o [1]
cTxCGACT                0x00152a     0x2  Data  Gb  ApiAtCmd.o [1]
cTxCGDCONT_READ         0x001526     0x2  Data  Gb  ApiAtCmd.o [1]
cTxCGDCONT_SET0         0x00150e     0x2  Data  Gb  ApiAtCmd.o [1]
cTxCGDCONT_SET1         0x001510     0x2  Data  Gb  ApiAtCmd.o [1]
cTxCGDCONT_SET2         0x001512     0x2  Data  Gb  ApiAtCmd.o [1]
cTxCGDCONT_SET3         0x001514     0x2  Data  Gb  ApiAtCmd.o [1]
cTxCGDCONT_SET4         0x001516     0x2  Data  Gb  ApiAtCmd.o [1]
cTxCGDCONT_SET5         0x001518     0x2  Data  Gb  ApiAtCmd.o [1]
cTxCGDCONT_SET6         0x00151a     0x2  Data  Gb  ApiAtCmd.o [1]
cTxCGDCONT_SET7         0x00151c     0x2  Data  Gb  ApiAtCmd.o [1]
cTxCGDCONT_SET8         0x00151e     0x2  Data  Gb  ApiAtCmd.o [1]
cTxCGDCONT_SET9         0x001520     0x2  Data  Gb  ApiAtCmd.o [1]
cTxCSQ                  0x00150a     0x2  Data  Gb  ApiAtCmd.o [1]
cTxDIALMODE             0x00150c     0x2  Data  Gb  ApiAtCmd.o [1]
cTxHardwareid           0x00163b     0x2  Data  Gb  Task.o [1]
cTxPOCID                0x001522     0x2  Data  Gb  ApiAtCmd.o [1]
cTxPOWEROFF             0x001534     0x2  Data  Gb  ApiAtCmd.o [1]
cTxPOWERUP              0x001528     0x2  Data  Gb  ApiAtCmd.o [1]
cTxPlayZtts             0x001530     0x2  Data  Gb  ApiAtCmd.o [1]
cTxRESET                0x001532     0x2  Data  Gb  ApiAtCmd.o [1]
cTxSetNetworkAuto       0x001536     0x2  Data  Gb  ApiAtCmd.o [1]
cTxSetNetworkGsmOnly    0x001538     0x2  Data  Gb  ApiAtCmd.o [1]
cTxSetNetworkWcdmaOnly  0x00153a     0x2  Data  Gb  ApiAtCmd.o [1]
cTxZGACT0               0x00152e     0x2  Data  Gb  ApiAtCmd.o [1]
cTxZGACT1               0x00152c     0x2  Data  Gb  ApiAtCmd.o [1]
cTxZICCID               0x001524     0x2  Data  Gb  ApiAtCmd.o [1]
changing_group_voice_and_display
                        0x00ff4a    0x18  Code  Gb  ApiKeyboard.o [1]
changing_user_voice_and_display
                        0x00ff62    0x18  Code  Gb  ApiKeyboard.o [1]
dp_SimCardError         0x001582     0x2  Data  Gb  ApiDisplay.o [1]
dp_abell                0x001556     0x2  Data  Gb  ApiDisplay.o [1]
dp_account_config       0x00155e     0x2  Data  Gb  ApiDisplay.o [1]
dp_all_unknow_network   0x00158e     0x2  Data  Gb  ApiDisplay.o [1]
dp_backlight            0x001574     0x2  Data  Gb  ApiDisplay.o [1]
dp_backlight_time       0x001568     0x2  Data  Gb  ApiDisplay.o [1]
dp_close                0x001578     0x2  Data  Gb  ApiDisplay.o [1]
dp_cs_unknow_network    0x001584     0x2  Data  Gb  ApiDisplay.o [1]
dp_eps_refuse_enroll    0x00158c     0x2  Data  Gb  ApiDisplay.o [1]
dp_eps_unknow_network   0x00158a     0x2  Data  Gb  ApiDisplay.o [1]
dp_getting_info         0x001592     0x2  Data  Gb  ApiDisplay.o [1]
dp_gprs_refuse_enroll   0x001588     0x2  Data  Gb  ApiDisplay.o [1]
dp_gprs_unknow_network  0x001586     0x2  Data  Gb  ApiDisplay.o [1]
dp_gps_information      0x001566     0x2  Data  Gb  ApiDisplay.o [1]
dp_group_select         0x001564     0x2  Data  Gb  ApiDisplay.o [1]
dp_individual_call      0x00157a     0x2  Data  Gb  ApiDisplay.o [1]
dp_keypad_lock          0x001576     0x2  Data  Gb  ApiDisplay.o [1]
dp_keypad_lock_time     0x00156a     0x2  Data  Gb  ApiDisplay.o [1]
dp_latitude0            0x001570     0x2  Data  Gb  ApiDisplay.o [1]
dp_longitude0           0x001572     0x2  Data  Gb  ApiDisplay.o [1]
dp_menu                 0x001562     0x2  Data  Gb  ApiDisplay.o [1]
dp_network_search       0x00155c     0x2  Data  Gb  ApiDisplay.o [1]
dp_no_service           0x001590     0x2  Data  Gb  ApiDisplay.o [1]
dp_no_sim_card          0x00155a     0x2  Data  Gb  ApiDisplay.o [1]
dp_not_in_groups        0x001594     0x2  Data  Gb  ApiDisplay.o [1]
dp_personal_mode        0x001558     0x2  Data  Gb  ApiDisplay.o [1]
dp_please_charge        0x001560     0x2  Data  Gb  ApiDisplay.o [1]
dp_press_ok_then_well   0x00157e     0x2  Data  Gb  ApiDisplay.o [1]
dp_press_well           0x00156e     0x2  Data  Gb  ApiDisplay.o [1]
dp_punch_the_clock      0x001596     0x2  Data  Gb  ApiDisplay.o [1]
dp_punch_the_clock_fail
                        0x001598     0x2  Data  Gb  ApiDisplay.o [1]
dp_software_version     0x00156c     0x2  Data  Gb  ApiDisplay.o [1]
dp_status_offline       0x001580     0x2  Data  Gb  ApiDisplay.o [1]
dp_version              0x00157c     0x2  Data  Gb  ApiDisplay.o [1]
drv_gt20_data_output    0x014c44   0x134  Code  Gb  DrvGT20L16S1Y.o [1]
drv_gt20_data_output2   0x0148a0   0x13b  Code  Gb  DrvGT20L16S1Y.o [1]
drv_gt20_pwr_on_init    0x017632     0x4  Code  Gb  DrvGT20L16S1Y.o [1]
drv_htg_clr_allscr      0x011c76    0x35  Code  Gb  DrvHTG12832.o [1]
drv_htg_pwr_on_init     0x011d83     0xc  Code  Gb  DrvHTG12832.o [1]
drv_htg_reset           0x011b3d     0x5  Code  Gb  DrvHTG12832.o [1]
drv_htg_set_address     0x011bbc    0x40  Code  Gb  DrvHTG12832.o [1]
drv_htg_write_command   0x011b42    0x7a  Code  Gb  DrvHTG12832.o [1]
drv_htg_write_data      0x011bfc    0x7a  Code  Gb  DrvHTG12832.o [1]
drv_keypad_scan         0x01222c   0x211  Code  Gb  DrvKeyboard.o [1]
exit                    0x00ff8a     0x4  Code  Gb  exit.o [5]
find_zf_tab             0x01729e    0x47  Code  Gb  GT20L16P1Y.o [3]
get_current_working_status
                        0x017e23     0x4  Code  Gb  ApiPocCmd.o [1]
get_key_2_states        0x017ed3     0x4  Code  Gb  DrvKeyscan.o [1]
get_key_3_states        0x017ed7     0x4  Code  Gb  DrvKeyscan.o [1]
get_key_4_states        0x017edb     0x4  Code  Gb  DrvKeyscan.o [1]
get_key_ptt_states      0x017ecf     0x4  Code  Gb  DrvKeyscan.o [1]
get_key_value           0x01597d    0xe5  Code  Gb  DrvKeyboard.o [1]
get_keyboard_0_states   0x017e7b     0x4  Code  Gb  DrvKeyboard.o [1]
get_keyboard_1_states   0x017e57     0x4  Code  Gb  DrvKeyboard.o [1]
get_keyboard_2_states   0x017e5b     0x4  Code  Gb  DrvKeyboard.o [1]
get_keyboard_3_states   0x017e5f     0x4  Code  Gb  DrvKeyboard.o [1]
get_keyboard_4_states   0x017e63     0x4  Code  Gb  DrvKeyboard.o [1]
get_keyboard_5_states   0x017e67     0x4  Code  Gb  DrvKeyboard.o [1]
get_keyboard_6_states   0x017e6b     0x4  Code  Gb  DrvKeyboard.o [1]
get_keyboard_7_states   0x017e6f     0x4  Code  Gb  DrvKeyboard.o [1]
get_keyboard_8_states   0x017e73     0x4  Code  Gb  DrvKeyboard.o [1]
get_keyboard_9_states   0x017e77     0x4  Code  Gb  DrvKeyboard.o [1]
get_keyboard_cancel_states
                        0x017e4f     0x4  Code  Gb  DrvKeyboard.o [1]
get_keyboard_down_states
                        0x017e43     0x4  Code  Gb  DrvKeyboard.o [1]
get_keyboard_key_states
                        0x017e3f     0x4  Code  Gb  DrvKeyboard.o [1]
get_keyboard_menu_states
                        0x017e4b     0x4  Code  Gb  DrvKeyboard.o [1]
get_keyboard_ok_states  0x017e53     0x4  Code  Gb  DrvKeyboard.o [1]
get_keyboard_star_states
                        0x017e7f     0x4  Code  Gb  DrvKeyboard.o [1]
get_keyboard_up_states  0x017e47     0x4  Code  Gb  DrvKeyboard.o [1]
get_keyboard_well_states
                        0x017e83     0x4  Code  Gb  DrvKeyboard.o [1]
get_screen_display_group_name
                        0x01785f    0x2b  Code  Gb  ApiPocCmd.o [1]
groupCallingcount       0x0014f4     0x1  Data  Gb  ApiKeyboard.o [1]
htg_delay_ms            0x011cab    0x1e  Code  Lc  DrvHTG12832.o [1]
htg_initial             0x011cc9    0x6c  Code  Lc  DrvHTG12832.o [1]
j                       0x001503     0x1  Data  Gb  DrvTone.o [1]
key_2_3_4_long_press_function_setting
                        0x015f32    0xbc  Code  Gb  ApiKeyCmd.o [1]
key_process             0x013574   0x1c4  Code  Gb  ApiKeyCmd.o [1]
key_scan                0x0144d5   0x148  Code  Gb  DrvKeyscan.o [1]
key_scan_board          0x014761   0x13f  Code  Gb  DrvKeyboard.o [1]
keyboard_process        0x00c1af   0x910  Code  Gb  ApiKeyboard.o [1]
keyboard_scan           0x010000   0x5d2  Code  Gb  DrvKeyboard.o [1]
main                    0x00fa06    0x7f  Code  Gb  main.o [1]
main_all_init           0x0152f9    0xfa  Code  Gb  main.o [1]
mcu_gt20_initial        0x0175fe    0x34  Code  Lc  DrvGT20L16S1Y.o [1]
mcu_key_pad_out         0x00f493    0x96  Code  Gb  DrvKeyboard.o [1]
mcu_key_pad_read        0x00fc63    0x72  Code  Gb  DrvKeyboard.o [1]
mcu_key_pad_set         0x01438d   0x148  Code  Gb  DrvKeyboard.o [1]
mcu_lcd_initial         0x011d35    0x4e  Code  Lc  DrvHTG12832.o [1]
memcmp                  0x0176a2    0x36  Code  Gb  memcmp.o [5]
memcpy                  0x017a40    0x26  Code  Gb  memcpy.o [5]
memset                  0x017b1a    0x17  Code  Gb  memset.o [5]
network_count           0x0014f9     0x1  Data  Gb  ApiKeyboard.o [1]
no_online_user          0x017b72    0x15  Code  Lc  ApiPocCmd.o [1]
poc_first_enter_into_group_flag
                        0x017e37     0x4  Code  Gb  ApiPocCmd.o [1]
poc_gps_value_for_display_flag
                        0x017e3b     0x4  Code  Gb  ApiPocCmd.o [1]
poc_latitude_float      0x017d89     0x7  Code  Gb  ApiPocCmd.o [1]
poc_latitude_integer    0x017d82     0x7  Code  Gb  ApiPocCmd.o [1]
poc_longitude_float     0x017d7b     0x7  Code  Gb  ApiPocCmd.o [1]
poc_longitude_integer   0x017d74     0x7  Code  Gb  ApiPocCmd.o [1]
poc_receive_sos_statas  0x017e2f     0x4  Code  Gb  ApiPocCmd.o [1]
poccmd_states_poc_status
                        0x017e2b     0x4  Code  Gb  ApiPocCmd.o [1]
punch_the_clock_buf_for_Voice
                        0x017e27     0x4  Code  Gb  ApiPocCmd.o [1]
punch_the_clock_buf_for_display
                        0x013a99   0x1ab  Code  Gb  ApiPocCmd.o [1]
r_dat_bat               0x016974    0x64  Code  Gb  ApiDisplay.o [1]
read_backlight_time_value
                        0x017dc7     0x4  Code  Gb  ApiDelay.o [1]
read_key_lock_time_value
                        0x017dcb     0x4  Code  Gb  ApiDelay.o [1]
return_group_and_clear_flag
                        0x00f180    0xa2  Code  Gb  ApiKeyboard.o [1]
set_ApiAtCmd_bZTTSStates
                        0x017907    0x28  Code  Gb  ApiAtCmd.o [1]
set_ApiAtCmd_bZTTSStates_Intermediate
                        0x01792f    0x28  Code  Gb  ApiAtCmd.o [1]
set_key_2_states        0x017ee3     0x4  Code  Gb  DrvKeyscan.o [1]
set_key_3_states        0x017ee7     0x4  Code  Gb  DrvKeyscan.o [1]
set_key_4_states        0x017eeb     0x4  Code  Gb  DrvKeyscan.o [1]
set_key_ptt_states      0x017edf     0x4  Code  Gb  DrvKeyscan.o [1]
set_keyboard_0_states   0x017ec3     0x4  Code  Gb  DrvKeyboard.o [1]
set_keyboard_1_states   0x017e9f     0x4  Code  Gb  DrvKeyboard.o [1]
set_keyboard_2_states   0x017ea3     0x4  Code  Gb  DrvKeyboard.o [1]
set_keyboard_3_states   0x017ea7     0x4  Code  Gb  DrvKeyboard.o [1]
set_keyboard_4_states   0x017eab     0x4  Code  Gb  DrvKeyboard.o [1]
set_keyboard_5_states   0x017eaf     0x4  Code  Gb  DrvKeyboard.o [1]
set_keyboard_6_states   0x017eb3     0x4  Code  Gb  DrvKeyboard.o [1]
set_keyboard_7_states   0x017eb7     0x4  Code  Gb  DrvKeyboard.o [1]
set_keyboard_8_states   0x017ebb     0x4  Code  Gb  DrvKeyboard.o [1]
set_keyboard_9_states   0x017ebf     0x4  Code  Gb  DrvKeyboard.o [1]
set_keyboard_cancel_states
                        0x017e97     0x4  Code  Gb  DrvKeyboard.o [1]
set_keyboard_down_states
                        0x017e8b     0x4  Code  Gb  DrvKeyboard.o [1]
set_keyboard_key_states
                        0x017e87     0x4  Code  Gb  DrvKeyboard.o [1]
set_keyboard_menu_states
                        0x017e93     0x4  Code  Gb  DrvKeyboard.o [1]
set_keyboard_ok_states  0x017e9b     0x4  Code  Gb  DrvKeyboard.o [1]
set_keyboard_star_states
                        0x017ec7     0x4  Code  Gb  DrvKeyboard.o [1]
set_keyboard_up_states  0x017e8f     0x4  Code  Gb  DrvKeyboard.o [1]
set_keyboard_well_states
                        0x017ecb     0x4  Code  Gb  DrvKeyboard.o [1]
set_poc_receive_sos_statas
                        0x017e33     0x4  Code  Gb  ApiPocCmd.o [1]
set_power_off           0x00ff18    0x19  Code  Gb  DrvMcuPin.o [1]
strlen                  0x017c0d    0x12  Code  Gb  strlen.o [5]
tone_count              0x001506     0x1  Data  Gb  stm8s_it.o [1]
ucABELL                 0x0015b9     0x2  Data  Gb  ApiVoice.o [1]
ucABELL2                0x0015f7     0x2  Data  Gb  ApiVoice.o [1]
ucAlarm1                0x0015af     0x2  Data  Gb  ApiPocCmd.o [1]
ucAlarm2                0x0015b1     0x2  Data  Gb  ApiPocCmd.o [1]
ucAll_unknow_network    0x0015e7     0x2  Data  Gb  ApiVoice.o [1]
ucAll_unknow_network2   0x001625     0x2  Data  Gb  ApiVoice.o [1]
ucAtPocHead             0x00159d     0x2  Data  Gb  ApiPocCmd.o [1]
ucCs_unknow_network     0x0015dd     0x2  Data  Gb  ApiVoice.o [1]
ucCs_unknow_network2    0x00161b     0x2  Data  Gb  ApiVoice.o [1]
ucEightyPercentPower    0x0015cd     0x2  Data  Gb  ApiVoice.o [1]
ucEightyPercentPower2   0x00160b     0x2  Data  Gb  ApiVoice.o [1]
ucEndPTT                0x0015a7     0x2  Data  Gb  ApiPocCmd.o [1]
ucEps_refuse_enroll     0x0015e5     0x2  Data  Gb  ApiVoice.o [1]
ucEps_refuse_enroll2    0x001623     0x2  Data  Gb  ApiVoice.o [1]
ucEps_unknow_network    0x0015e3     0x2  Data  Gb  ApiVoice.o [1]
ucEps_unknow_network2   0x001621     0x2  Data  Gb  ApiVoice.o [1]
ucFivePercentPower      0x0015c5     0x2  Data  Gb  ApiVoice.o [1]
ucFivePercentPower2     0x001603     0x2  Data  Gb  ApiVoice.o [1]
ucFortyPercentPower     0x0015c9     0x2  Data  Gb  ApiVoice.o [1]
ucFortyPercentPower2    0x001607     0x2  Data  Gb  ApiVoice.o [1]
ucGprs_refuse_enroll    0x0015e1     0x2  Data  Gb  ApiVoice.o [1]
ucGprs_refuse_enroll2   0x00161f     0x2  Data  Gb  ApiVoice.o [1]
ucGprs_unknow_network   0x0015df     0x2  Data  Gb  ApiVoice.o [1]
ucGprs_unknow_network2  0x00161d     0x2  Data  Gb  ApiVoice.o [1]
ucGroupListInfo         0x0015a9     0x2  Data  Gb  ApiPocCmd.o [1]
ucGroupMode             0x0015d1     0x2  Data  Gb  ApiVoice.o [1]
ucGroupMode2            0x00160f     0x2  Data  Gb  ApiVoice.o [1]
ucGroupSelected         0x0015bb     0x2  Data  Gb  ApiVoice.o [1]
ucGroupSelected2        0x0015f9     0x2  Data  Gb  ApiVoice.o [1]
ucHandfreeMode          0x0015d5     0x2  Data  Gb  ApiVoice.o [1]
ucHandfreeMode2         0x001613     0x2  Data  Gb  ApiVoice.o [1]
ucHandsetMode           0x0015d3     0x2  Data  Gb  ApiVoice.o [1]
ucHandsetMode2          0x001611     0x2  Data  Gb  ApiVoice.o [1]
ucLoggingIn             0x0015d9     0x2  Data  Gb  ApiVoice.o [1]
ucLoggingIn2            0x001617     0x2  Data  Gb  ApiVoice.o [1]
ucLowBattery            0x0015c3     0x2  Data  Gb  ApiVoice.o [1]
ucLowBattery2           0x001601     0x2  Data  Gb  ApiVoice.o [1]
ucNetworkSearching      0x0015bf     0x2  Data  Gb  ApiVoice.o [1]
ucNetworkSearching2     0x0015fd     0x2  Data  Gb  ApiVoice.o [1]
ucNoOnlineUser          0x0015d7     0x2  Data  Gb  ApiVoice.o [1]
ucNoOnlineUser2         0x001615     0x2  Data  Gb  ApiVoice.o [1]
ucNoSimCard             0x0015bd     0x2  Data  Gb  ApiVoice.o [1]
ucNoSimCard2            0x0015fb     0x2  Data  Gb  ApiVoice.o [1]
ucNo_service            0x0015e9     0x2  Data  Gb  ApiVoice.o [1]
ucNo_service2           0x001627     0x2  Data  Gb  ApiVoice.o [1]
ucOneHundredPercentPower
                        0x0015cf     0x2  Data  Gb  ApiVoice.o [1]
ucOneHundredPercentPower2
                        0x00160d     0x2  Data  Gb  ApiVoice.o [1]
ucPersonalMode          0x0015b7     0x2  Data  Gb  ApiVoice.o [1]
ucPersonalMode2         0x0015f5     0x2  Data  Gb  ApiVoice.o [1]
ucPocOpenConfig         0x0015a1     0x2  Data  Gb  ApiPocCmd.o [1]
ucPocOpenConfig2        0x0015a3     0x2  Data  Gb  ApiPocCmd.o [1]
ucPowerLowPleaseCharge  0x0015c1     0x2  Data  Gb  ApiVoice.o [1]
ucPowerLowPleaseCharge2
                        0x0015ff     0x2  Data  Gb  ApiVoice.o [1]
ucPunch_the_clock_gps   0x0015b5     0x2  Data  Gb  ApiPocCmd.o [1]
ucRxOkHeadInfo          0x001637     0x2  Data  Gb  DrvZM389.o [1]
ucRxPocHeadInfo         0x001635     0x2  Data  Gb  DrvZM389.o [1]
ucRxTcpDataHeadInfo     0x001639     0x2  Data  Gb  DrvZM389.o [1]
ucSetGPS                0x0015ad     0x2  Data  Gb  ApiPocCmd.o [1]
ucSetIPAndID            0x00159f     0x2  Data  Gb  ApiPocCmd.o [1]
ucSetURL                0x0015b3     0x2  Data  Gb  ApiPocCmd.o [1]
ucSet_network_auto      0x0015eb     0x2  Data  Gb  ApiVoice.o [1]
ucSet_network_auto2     0x001629     0x2  Data  Gb  ApiVoice.o [1]
ucSet_network_gsm_only  0x0015ef     0x2  Data  Gb  ApiVoice.o [1]
ucSet_network_gsm_only2
                        0x00162d     0x2  Data  Gb  ApiVoice.o [1]
ucSet_network_wcdma_only
                        0x0015ed     0x2  Data  Gb  ApiVoice.o [1]
ucSet_network_wcdma_only2
                        0x00162b     0x2  Data  Gb  ApiVoice.o [1]
ucSimCardError          0x0015db     0x2  Data  Gb  ApiVoice.o [1]
ucSimCardError2         0x001619     0x2  Data  Gb  ApiVoice.o [1]
ucSixtyPercentPower     0x0015cb     0x2  Data  Gb  ApiVoice.o [1]
ucSixtyPercentPower2    0x001609     0x2  Data  Gb  ApiVoice.o [1]
ucStartPTT              0x0015a5     0x2  Data  Gb  ApiPocCmd.o [1]
ucTwentyPercentPower    0x0015c7     0x2  Data  Gb  ApiVoice.o [1]
ucTwentyPercentPower2   0x001605     0x2  Data  Gb  ApiVoice.o [1]
ucTxPocHeadInfo         0x001633     0x2  Data  Gb  DrvZM389.o [1]
ucUserListInfo          0x0015ab     0x2  Data  Gb  ApiPocCmd.o [1]
ucpunch_the_clock       0x0015f1     0x2  Data  Gb  ApiVoice.o [1]
ucpunch_the_clock2      0x00162f     0x2  Data  Gb  ApiVoice.o [1]
ucpunch_the_clock_fail  0x0015f3     0x2  Data  Gb  ApiVoice.o [1]
ucpunch_the_clock_fail2
                        0x001631     0x2  Data  Gb  ApiVoice.o [1]
user_calling_count      0x0014f5     0x1  Data  Gb  ApiKeyboard.o [1]


[1] = E:\1-source\5-A508_4G\A508_4G_New\PRJ\Debug\Obj
[2] = command line
[3] = GT20L16_STM8_DOUBLE_MEDIUM_IAR.a
[4] = dbgstm8mmd.a
[5] = dlstm8mmn.a

  51 643 bytes of readonly  code memory
  13 543 bytes of readonly  data memory
   5 949 bytes of readwrite data memory

Errors: none
Warnings: none
